
 CELL| Volume [angstrom^3]:                                           202.057287
 CELL| Vector a [angstrom]:       5.868     0.000     0.000   |a| =     5.868019
 CELL| Vector b [angstrom]:       0.000     5.868     0.000   |b| =     5.868019
 CELL| Vector c [angstrom]:       0.000     0.000     5.868   |c| =     5.868019
 CELL| Angle (b,c), alpha [degree]:                                    89.999396
 CELL| Angle (a,c), beta  [degree]:                                    89.999356
 CELL| Angle (a,b), gamma [degree]:                                    89.999304
 CELL| Numerically orthorhombic:                                              NO
 CELL| Periodicity                                                           XYZ

 CELL| Volume [angstrom^3]:                                           202.192545
 CELL| Vector a [angstrom]:       5.869     0.000     0.000   |a| =     5.869328
 CELL| Vector b [angstrom]:       0.000     5.869     0.000   |b| =     5.869328
 CELL| Vector c [angstrom]:       0.000     0.000     5.869   |c| =     5.869328
 CELL| Angle (b,c), alpha [degree]:                                    89.999573
 CELL| Angle (a,c), beta  [degree]:                                    89.999683
 CELL| Angle (a,b), gamma [degree]:                                    89.999781
 CELL| Numerically orthorhombic:                                              NO
 CELL| Periodicity                                                           XYZ

 CELL| Volume [angstrom^3]:                                           202.192545
 CELL| Vector a [angstrom]:       5.869     0.000     0.000   |a| =     5.869328
 CELL| Vector b [angstrom]:       0.000     5.869     0.000   |b| =     5.869328
 CELL| Vector c [angstrom]:       0.000     0.000     5.869   |c| =     5.869328
 CELL| Angle (b,c), alpha [degree]:                                    89.999573
 CELL| Angle (a,c), beta  [degree]:                                    89.999683
 CELL| Angle (a,b), gamma [degree]:                                    89.999781
 CELL| Numerically orthorhombic:                                              NO
 CELL| Periodicity                                                           XYZ
