
 CELL| Volume [angstrom^3]:                                           195.112000
 CELL| Vector a [angstrom]:       5.800     0.000     0.000   |a| =     5.800000
 CELL| Vector b [angstrom]:       0.000     5.800     0.000   |b| =     5.800000
 CELL| Vector c [angstrom]:       0.000     0.000     5.800   |c| =     5.800000
 CELL| Angle (b,c), alpha [degree]:                                    90.000000
 CELL| Angle (a,c), beta  [degree]:                                    90.000000
 CELL| Angle (a,b), gamma [degree]:                                    90.000000
 CELL| Numerically orthorhombic:                                             YES
 CELL| Periodicity                                                           XYZ

 CELL| Volume [angstrom^3]:                                           198.155287
 CELL| Vector a [angstrom]:       5.830     0.000     0.000   |a| =     5.830000
 CELL| Vector b [angstrom]:       0.000     5.830     0.000   |b| =     5.830000
 CELL| Vector c [angstrom]:       0.000     0.000     5.830   |c| =     5.830000
 CELL| Angle (b,c), alpha [degree]:                                    90.000000
 CELL| Angle (a,c), beta  [degree]:                                    90.000000
 CELL| Angle (a,b), gamma [degree]:                                    90.000000
 CELL| Numerically orthorhombic:                                             YES
 CELL| Periodicity                                                           XYZ

 CELL| Volume [angstrom^3]:                                           205.587931
 CELL| Vector a [angstrom]:       5.902     0.000     0.000   |a| =     5.902000
 CELL| Vector b [angstrom]:       0.000     5.902     0.000   |b| =     5.902000
 CELL| Vector c [angstrom]:       0.000     0.000     5.902   |c| =     5.902000
 CELL| Angle (b,c), alpha [degree]:                                    90.000000
 CELL| Angle (a,c), beta  [degree]:                                    90.000000
 CELL| Angle (a,b), gamma [degree]:                                    90.000000
 CELL| Numerically orthorhombic:                                             YES
 CELL| Periodicity                                                           XYZ
