
 CELL| Volume [angstrom^3]:                                          2172.142074
 CELL| Vector a [angstrom]:       4.165     0.000     0.000   |a| =     4.164773
 CELL| Vector b [angstrom]:       0.000     4.165     0.000   |b| =     4.164773
 CELL| Vector c [angstrom]:       0.000     0.000   125.229   |c| =   125.229198
 CELL| Angle (b,c), alpha [degree]:                                    90.000000
 CELL| Angle (a,c), beta  [degree]:                                    90.000000
 CELL| Angle (a,b), gamma [degree]:                                    90.000000
 CELL| Requested initial symmetry:                                 TETRAGONAL_AB
 CELL| Numerically orthorhombic:                                             YES
 CELL| Periodicity                                                           XYZ

 CELL| Volume [angstrom^3]:                                          2163.943050
 CELL| Vector a [angstrom]:       4.160     0.000     0.000   |a| =     4.160233
 CELL| Vector b [angstrom]:       0.000     4.160     0.000   |b| =     4.160233
 CELL| Vector c [angstrom]:       0.000     0.000   125.029   |c| =   125.028908
 CELL| Angle (b,c), alpha [degree]:                                    90.000000
 CELL| Angle (a,c), beta  [degree]:                                    90.000000
 CELL| Angle (a,b), gamma [degree]:                                    90.000000
 CELL| Requested initial symmetry:                                 TETRAGONAL_AB
 CELL| Numerically orthorhombic:                                             YES
 CELL| Periodicity                                                           XYZ

 CELL| Volume [angstrom^3]:                                          2163.013256
 CELL| Vector a [angstrom]:       4.160     0.000     0.000   |a| =     4.159540
 CELL| Vector b [angstrom]:       0.000     4.160     0.000   |b| =     4.159540
 CELL| Vector c [angstrom]:       0.000     0.000   125.017   |c| =   125.016846
 CELL| Angle (b,c), alpha [degree]:                                    90.000000
 CELL| Angle (a,c), beta  [degree]:                                    90.000000
 CELL| Angle (a,b), gamma [degree]:                                    90.000000
 CELL| Requested initial symmetry:                                 TETRAGONAL_AB
 CELL| Numerically orthorhombic:                                             YES
 CELL| Periodicity                                                           XYZ
