
 CELL| Volume [angstrom^3]:                                          2172.658620
 CELL| Vector a [angstrom]:       4.166     0.000     0.000   |a| =     4.165923
 CELL| Vector b [angstrom]:       0.000     4.166     0.000   |b| =     4.165923
 CELL| Vector c [angstrom]:       0.000     0.000   125.190   |c| =   125.189835
 CELL| Angle (b,c), alpha [degree]:                                    90.000000
 CELL| Angle (a,c), beta  [degree]:                                    90.000000
 CELL| Angle (a,b), gamma [degree]:                                    90.000000
 CELL| Requested initial symmetry:                                 TETRAGONAL_AB
 CELL| Numerically orthorhombic:                                             YES
 CELL| Periodicity                                                           XYZ

 CELL| Volume [angstrom^3]:                                          2163.978810
 CELL| Vector a [angstrom]:       4.160     0.000     0.000   |a| =     4.160339
 CELL| Vector b [angstrom]:       0.000     4.160     0.000   |b| =     4.160339
 CELL| Vector c [angstrom]:       0.000     0.000   125.025   |c| =   125.024652
 CELL| Angle (b,c), alpha [degree]:                                    90.000000
 CELL| Angle (a,c), beta  [degree]:                                    90.000000
 CELL| Angle (a,b), gamma [degree]:                                    90.000000
 CELL| Requested initial symmetry:                                 TETRAGONAL_AB
 CELL| Numerically orthorhombic:                                             YES
 CELL| Periodicity                                                           XYZ

 CELL| Volume [angstrom^3]:                                          2163.035479
 CELL| Vector a [angstrom]:       4.160     0.000     0.000   |a| =     4.159597
 CELL| Vector b [angstrom]:       0.000     4.160     0.000   |b| =     4.159597
 CELL| Vector c [angstrom]:       0.000     0.000   125.015   |c| =   125.014725
 CELL| Angle (b,c), alpha [degree]:                                    90.000000
 CELL| Angle (a,c), beta  [degree]:                                    90.000000
 CELL| Angle (a,b), gamma [degree]:                                    90.000000
 CELL| Requested initial symmetry:                                 TETRAGONAL_AB
 CELL| Numerically orthorhombic:                                             YES
 CELL| Periodicity                                                           XYZ
