
 CELL| Volume [angstrom^3]:                                          2171.245887
 CELL| Vector a [angstrom]:       4.164     0.000     0.000   |a| =     4.164210
 CELL| Vector b [angstrom]:       0.000     4.164     0.000   |b| =     4.164210
 CELL| Vector c [angstrom]:       0.000     0.000   125.211   |c| =   125.211340
 CELL| Angle (b,c), alpha [degree]:                                    90.000000
 CELL| Angle (a,c), beta  [degree]:                                    90.000000
 CELL| Angle (a,b), gamma [degree]:                                    90.000000
 CELL| Requested initial symmetry:                                 TETRAGONAL_AB
 CELL| Numerically orthorhombic:                                             YES
 CELL| Periodicity                                                           XYZ

 CELL| Volume [angstrom^3]:                                          2163.931631
 CELL| Vector a [angstrom]:       4.160     0.000     0.000   |a| =     4.160255
 CELL| Vector b [angstrom]:       0.000     4.160     0.000   |b| =     4.160255
 CELL| Vector c [angstrom]:       0.000     0.000   125.027   |c| =   125.026951
 CELL| Angle (b,c), alpha [degree]:                                    90.000000
 CELL| Angle (a,c), beta  [degree]:                                    90.000000
 CELL| Angle (a,b), gamma [degree]:                                    90.000000
 CELL| Requested initial symmetry:                                 TETRAGONAL_AB
 CELL| Numerically orthorhombic:                                             YES
 CELL| Periodicity                                                           XYZ

 CELL| Volume [angstrom^3]:                                          2163.001017
 CELL| Vector a [angstrom]:       4.160     0.000     0.000   |a| =     4.159547
 CELL| Vector b [angstrom]:       0.000     4.160     0.000   |b| =     4.159547
 CELL| Vector c [angstrom]:       0.000     0.000   125.016   |c| =   125.015744
 CELL| Angle (b,c), alpha [degree]:                                    90.000000
 CELL| Angle (a,c), beta  [degree]:                                    90.000000
 CELL| Angle (a,b), gamma [degree]:                                    90.000000
 CELL| Requested initial symmetry:                                 TETRAGONAL_AB
 CELL| Numerically orthorhombic:                                             YES
 CELL| Periodicity                                                           XYZ
