
 CELL| Volume [angstrom^3]:                                          2177.617926
 CELL| Vector a [angstrom]:       4.174     0.000     0.000   |a| =     4.173501
 CELL| Vector b [angstrom]:       0.000     4.174     0.000   |b| =     4.173501
 CELL| Vector c [angstrom]:       0.000     0.000   125.020   |c| =   125.020350
 CELL| Angle (b,c), alpha [degree]:                                    90.000000
 CELL| Angle (a,c), beta  [degree]:                                    90.000000
 CELL| Angle (a,b), gamma [degree]:                                    90.000000
 CELL| Requested initial symmetry:                                 TETRAGONAL_AB
 CELL| Numerically orthorhombic:                                             YES
 CELL| Periodicity                                                           XYZ

 CELL| Volume [angstrom^3]:                                          2164.279945
 CELL| Vector a [angstrom]:       4.161     0.000     0.000   |a| =     4.160929
 CELL| Vector b [angstrom]:       0.000     4.161     0.000   |b| =     4.160929
 CELL| Vector c [angstrom]:       0.000     0.000   125.007   |c| =   125.006557
 CELL| Angle (b,c), alpha [degree]:                                    90.000000
 CELL| Angle (a,c), beta  [degree]:                                    90.000000
 CELL| Angle (a,b), gamma [degree]:                                    90.000000
 CELL| Requested initial symmetry:                                 TETRAGONAL_AB
 CELL| Numerically orthorhombic:                                             YES
 CELL| Periodicity                                                           XYZ

 CELL| Volume [angstrom^3]:                                          2163.182529
 CELL| Vector a [angstrom]:       4.160     0.000     0.000   |a| =     4.159954
 CELL| Vector b [angstrom]:       0.000     4.160     0.000   |b| =     4.159954
 CELL| Vector c [angstrom]:       0.000     0.000   125.002   |c| =   125.001763
 CELL| Angle (b,c), alpha [degree]:                                    90.000000
 CELL| Angle (a,c), beta  [degree]:                                    90.000000
 CELL| Angle (a,b), gamma [degree]:                                    90.000000
 CELL| Requested initial symmetry:                                 TETRAGONAL_AB
 CELL| Numerically orthorhombic:                                             YES
 CELL| Periodicity                                                           XYZ

 CELL| Volume [angstrom^3]:                                          2162.782103
 CELL| Vector a [angstrom]:       4.159     0.000     0.000   |a| =     4.159063
 CELL| Vector b [angstrom]:       0.000     4.159     0.000   |b| =     4.159063
 CELL| Vector c [angstrom]:       0.000     0.000   125.032   |c| =   125.032171
 CELL| Angle (b,c), alpha [degree]:                                    90.000000
 CELL| Angle (a,c), beta  [degree]:                                    90.000000
 CELL| Angle (a,b), gamma [degree]:                                    90.000000
 CELL| Requested initial symmetry:                                 TETRAGONAL_AB
 CELL| Numerically orthorhombic:                                             YES
 CELL| Periodicity                                                           XYZ
