
 CELL| Volume [angstrom^3]:                                          2202.764025
 CELL| Vector a [angstrom]:       4.198     0.000     0.000   |a| =     4.197828
 CELL| Vector b [angstrom]:       0.000     4.198     0.000   |b| =     4.197828
 CELL| Vector c [angstrom]:       0.000     0.000   125.003   |c| =   125.002515
 CELL| Angle (b,c), alpha [degree]:                                    90.000000
 CELL| Angle (a,c), beta  [degree]:                                    90.000000
 CELL| Angle (a,b), gamma [degree]:                                    90.000000
 CELL| Requested initial symmetry:                                 TETRAGONAL_AB
 CELL| Numerically orthorhombic:                                             YES
 CELL| Periodicity                                                           XYZ

 CELL| Volume [angstrom^3]:                                          2172.323182
 CELL| Vector a [angstrom]:       4.169     0.000     0.000   |a| =     4.168691
 CELL| Vector b [angstrom]:       0.000     4.169     0.000   |b| =     4.168691
 CELL| Vector c [angstrom]:       0.000     0.000   125.004   |c| =   125.004348
 CELL| Angle (b,c), alpha [degree]:                                    90.000000
 CELL| Angle (a,c), beta  [degree]:                                    90.000000
 CELL| Angle (a,b), gamma [degree]:                                    90.000000
 CELL| Requested initial symmetry:                                 TETRAGONAL_AB
 CELL| Numerically orthorhombic:                                             YES
 CELL| Periodicity                                                           XYZ

 CELL| Volume [angstrom^3]:                                          2164.458686
 CELL| Vector a [angstrom]:       4.161     0.000     0.000   |a| =     4.161207
 CELL| Vector b [angstrom]:       0.000     4.161     0.000   |b| =     4.161207
 CELL| Vector c [angstrom]:       0.000     0.000   125.000   |c| =   125.000162
 CELL| Angle (b,c), alpha [degree]:                                    90.000000
 CELL| Angle (a,c), beta  [degree]:                                    90.000000
 CELL| Angle (a,b), gamma [degree]:                                    90.000000
 CELL| Requested initial symmetry:                                 TETRAGONAL_AB
 CELL| Numerically orthorhombic:                                             YES
 CELL| Periodicity                                                           XYZ

 CELL| Volume [angstrom^3]:                                          2163.209496
 CELL| Vector a [angstrom]:       4.160     0.000     0.000   |a| =     4.160008
 CELL| Vector b [angstrom]:       0.000     4.160     0.000   |b| =     4.160008
 CELL| Vector c [angstrom]:       0.000     0.000   125.000   |c| =   125.000040
 CELL| Angle (b,c), alpha [degree]:                                    90.000000
 CELL| Angle (a,c), beta  [degree]:                                    90.000000
 CELL| Angle (a,b), gamma [degree]:                                    90.000000
 CELL| Requested initial symmetry:                                 TETRAGONAL_AB
 CELL| Numerically orthorhombic:                                             YES
 CELL| Periodicity                                                           XYZ

 CELL| Volume [angstrom^3]:                                          2162.787283
 CELL| Vector a [angstrom]:       4.159     0.000     0.000   |a| =     4.159054
 CELL| Vector b [angstrom]:       0.000     4.159     0.000   |b| =     4.159054
 CELL| Vector c [angstrom]:       0.000     0.000   125.033   |c| =   125.032989
 CELL| Angle (b,c), alpha [degree]:                                    90.000000
 CELL| Angle (a,c), beta  [degree]:                                    90.000000
 CELL| Angle (a,b), gamma [degree]:                                    90.000000
 CELL| Requested initial symmetry:                                 TETRAGONAL_AB
 CELL| Numerically orthorhombic:                                             YES
 CELL| Periodicity                                                           XYZ

 CELL| Volume [angstrom^3]:                                          2162.395641
 CELL| Vector a [angstrom]:       4.159     0.000     0.000   |a| =     4.159227
 CELL| Vector b [angstrom]:       0.000     4.159     0.000   |b| =     4.159227
 CELL| Vector c [angstrom]:       0.000     0.000   125.000   |c| =   124.999998
 CELL| Angle (b,c), alpha [degree]:                                    90.000000
 CELL| Angle (a,c), beta  [degree]:                                    90.000000
 CELL| Angle (a,b), gamma [degree]:                                    90.000000
 CELL| Requested initial symmetry:                                 TETRAGONAL_AB
 CELL| Numerically orthorhombic:                                             YES
 CELL| Periodicity                                                           XYZ

 CELL| Volume [angstrom^3]:                                          2162.407357
 CELL| Vector a [angstrom]:       4.159     0.000     0.000   |a| =     4.159238
 CELL| Vector b [angstrom]:       0.000     4.159     0.000   |b| =     4.159238
 CELL| Vector c [angstrom]:       0.000     0.000   125.000   |c| =   125.000000
 CELL| Angle (b,c), alpha [degree]:                                    90.000000
 CELL| Angle (a,c), beta  [degree]:                                    90.000000
 CELL| Angle (a,b), gamma [degree]:                                    90.000000
 CELL| Requested initial symmetry:                                 TETRAGONAL_AB
 CELL| Numerically orthorhombic:                                             YES
 CELL| Periodicity                                                           XYZ

 CELL| Volume [angstrom^3]:                                          2162.420384
 CELL| Vector a [angstrom]:       4.159     0.000     0.000   |a| =     4.159250
 CELL| Vector b [angstrom]:       0.000     4.159     0.000   |b| =     4.159250
 CELL| Vector c [angstrom]:       0.000     0.000   125.000   |c| =   124.999996
 CELL| Angle (b,c), alpha [degree]:                                    90.000000
 CELL| Angle (a,c), beta  [degree]:                                    90.000000
 CELL| Angle (a,b), gamma [degree]:                                    90.000000
 CELL| Requested initial symmetry:                                 TETRAGONAL_AB
 CELL| Numerically orthorhombic:                                             YES
 CELL| Periodicity                                                           XYZ

 CELL| Volume [angstrom^3]:                                          2162.471951
 CELL| Vector a [angstrom]:       4.159     0.000     0.000   |a| =     4.159300
 CELL| Vector b [angstrom]:       0.000     4.159     0.000   |b| =     4.159300
 CELL| Vector c [angstrom]:       0.000     0.000   125.000   |c| =   125.000002
 CELL| Angle (b,c), alpha [degree]:                                    90.000000
 CELL| Angle (a,c), beta  [degree]:                                    90.000000
 CELL| Angle (a,b), gamma [degree]:                                    90.000000
 CELL| Requested initial symmetry:                                 TETRAGONAL_AB
 CELL| Numerically orthorhombic:                                             YES
 CELL| Periodicity                                                           XYZ
