
 CELL| Volume [angstrom^3]:                                          2175.563806
 CELL| Vector a [angstrom]:       4.171     0.000     0.000   |a| =     4.170771
 CELL| Vector b [angstrom]:       0.000     4.171     0.000   |b| =     4.170771
 CELL| Vector c [angstrom]:       0.000     0.000   125.066   |c| =   125.065966
 CELL| Angle (b,c), alpha [degree]:                                    90.000000
 CELL| Angle (a,c), beta  [degree]:                                    90.000000
 CELL| Angle (a,b), gamma [degree]:                                    90.000000
 CELL| Requested initial symmetry:                                 TETRAGONAL_AB
 CELL| Numerically orthorhombic:                                             YES
 CELL| Periodicity                                                           XYZ

 CELL| Volume [angstrom^3]:                                          2163.920050
 CELL| Vector a [angstrom]:       4.160     0.000     0.000   |a| =     4.160397
 CELL| Vector b [angstrom]:       0.000     4.160     0.000   |b| =     4.160397
 CELL| Vector c [angstrom]:       0.000     0.000   125.018   |c| =   125.017720
 CELL| Angle (b,c), alpha [degree]:                                    90.000000
 CELL| Angle (a,c), beta  [degree]:                                    90.000000
 CELL| Angle (a,b), gamma [degree]:                                    90.000000
 CELL| Requested initial symmetry:                                 TETRAGONAL_AB
 CELL| Numerically orthorhombic:                                             YES
 CELL| Periodicity                                                           XYZ

 CELL| Volume [angstrom^3]:                                          2163.082518
 CELL| Vector a [angstrom]:       4.160     0.000     0.000   |a| =     4.159779
 CELL| Vector b [angstrom]:       0.000     4.160     0.000   |b| =     4.159779
 CELL| Vector c [angstrom]:       0.000     0.000   125.006   |c| =   125.006489
 CELL| Angle (b,c), alpha [degree]:                                    90.000000
 CELL| Angle (a,c), beta  [degree]:                                    90.000000
 CELL| Angle (a,b), gamma [degree]:                                    90.000000
 CELL| Requested initial symmetry:                                 TETRAGONAL_AB
 CELL| Numerically orthorhombic:                                             YES
 CELL| Periodicity                                                           XYZ

 CELL| Volume [angstrom^3]:                                          2162.828449
 CELL| Vector a [angstrom]:       4.159     0.000     0.000   |a| =     4.159204
 CELL| Vector b [angstrom]:       0.000     4.159     0.000   |b| =     4.159204
 CELL| Vector c [angstrom]:       0.000     0.000   125.026   |c| =   125.026374
 CELL| Angle (b,c), alpha [degree]:                                    90.000000
 CELL| Angle (a,c), beta  [degree]:                                    90.000000
 CELL| Angle (a,b), gamma [degree]:                                    90.000000
 CELL| Requested initial symmetry:                                 TETRAGONAL_AB
 CELL| Numerically orthorhombic:                                             YES
 CELL| Periodicity                                                           XYZ
