
 CELL| Volume [angstrom^3]:                                          2172.867795
 CELL| Vector a [angstrom]:       4.167     0.000     0.000   |a| =     4.167390
 CELL| Vector b [angstrom]:       0.000     4.167     0.000   |b| =     4.167390
 CELL| Vector c [angstrom]:       0.000     0.000   125.114   |c| =   125.113724
 CELL| Angle (b,c), alpha [degree]:                                    90.000000
 CELL| Angle (a,c), beta  [degree]:                                    90.000000
 CELL| Angle (a,b), gamma [degree]:                                    90.000000
 CELL| Requested initial symmetry:                                 TETRAGONAL_AB
 CELL| Numerically orthorhombic:                                             YES
 CELL| Periodicity                                                           XYZ

 CELL| Volume [angstrom^3]:                                          2164.062614
 CELL| Vector a [angstrom]:       4.160     0.000     0.000   |a| =     4.160466
 CELL| Vector b [angstrom]:       0.000     4.160     0.000   |b| =     4.160466
 CELL| Vector c [angstrom]:       0.000     0.000   125.022   |c| =   125.021860
 CELL| Angle (b,c), alpha [degree]:                                    90.000000
 CELL| Angle (a,c), beta  [degree]:                                    90.000000
 CELL| Angle (a,b), gamma [degree]:                                    90.000000
 CELL| Requested initial symmetry:                                 TETRAGONAL_AB
 CELL| Numerically orthorhombic:                                             YES
 CELL| Periodicity                                                           XYZ

 CELL| Volume [angstrom^3]:                                          2163.017315
 CELL| Vector a [angstrom]:       4.160     0.000     0.000   |a| =     4.159618
 CELL| Vector b [angstrom]:       0.000     4.160     0.000   |b| =     4.159618
 CELL| Vector c [angstrom]:       0.000     0.000   125.012   |c| =   125.012418
 CELL| Angle (b,c), alpha [degree]:                                    90.000000
 CELL| Angle (a,c), beta  [degree]:                                    90.000000
 CELL| Angle (a,b), gamma [degree]:                                    90.000000
 CELL| Requested initial symmetry:                                 TETRAGONAL_AB
 CELL| Numerically orthorhombic:                                             YES
 CELL| Periodicity                                                           XYZ
