
 CELL| Volume [angstrom^3]:                                          2174.577324
 CELL| Vector a [angstrom]:       4.170     0.000     0.000   |a| =     4.169699
 CELL| Vector b [angstrom]:       0.000     4.170     0.000   |b| =     4.169699
 CELL| Vector c [angstrom]:       0.000     0.000   125.074   |c| =   125.073566
 CELL| Angle (b,c), alpha [degree]:                                    90.000000
 CELL| Angle (a,c), beta  [degree]:                                    90.000000
 CELL| Angle (a,b), gamma [degree]:                                    90.000000
 CELL| Requested initial symmetry:                                 TETRAGONAL_AB
 CELL| Numerically orthorhombic:                                             YES
 CELL| Periodicity                                                           XYZ

 CELL| Volume [angstrom^3]:                                          2164.085086
 CELL| Vector a [angstrom]:       4.161     0.000     0.000   |a| =     4.160546
 CELL| Vector b [angstrom]:       0.000     4.161     0.000   |b| =     4.160546
 CELL| Vector c [angstrom]:       0.000     0.000   125.018   |c| =   125.018325
 CELL| Angle (b,c), alpha [degree]:                                    90.000000
 CELL| Angle (a,c), beta  [degree]:                                    90.000000
 CELL| Angle (a,b), gamma [degree]:                                    90.000000
 CELL| Requested initial symmetry:                                 TETRAGONAL_AB
 CELL| Numerically orthorhombic:                                             YES
 CELL| Periodicity                                                           XYZ

 CELL| Volume [angstrom^3]:                                          2163.078882
 CELL| Vector a [angstrom]:       4.160     0.000     0.000   |a| =     4.159755
 CELL| Vector b [angstrom]:       0.000     4.160     0.000   |b| =     4.159755
 CELL| Vector c [angstrom]:       0.000     0.000   125.008   |c| =   125.007711
 CELL| Angle (b,c), alpha [degree]:                                    90.000000
 CELL| Angle (a,c), beta  [degree]:                                    90.000000
 CELL| Angle (a,b), gamma [degree]:                                    90.000000
 CELL| Requested initial symmetry:                                 TETRAGONAL_AB
 CELL| Numerically orthorhombic:                                             YES
 CELL| Periodicity                                                           XYZ

 CELL| Volume [angstrom^3]:                                          2162.756447
 CELL| Vector a [angstrom]:       4.159     0.000     0.000   |a| =     4.159155
 CELL| Vector b [angstrom]:       0.000     4.159     0.000   |b| =     4.159155
 CELL| Vector c [angstrom]:       0.000     0.000   125.025   |c| =   125.025166
 CELL| Angle (b,c), alpha [degree]:                                    90.000000
 CELL| Angle (a,c), beta  [degree]:                                    90.000000
 CELL| Angle (a,b), gamma [degree]:                                    90.000000
 CELL| Requested initial symmetry:                                 TETRAGONAL_AB
 CELL| Numerically orthorhombic:                                             YES
 CELL| Periodicity                                                           XYZ
