
 CELL| Volume [angstrom^3]:                                          2170.299690
 CELL| Vector a [angstrom]:       4.161     0.000     0.000   |a| =     4.161368
 CELL| Vector b [angstrom]:       0.000     4.161     0.000   |b| =     4.161368
 CELL| Vector c [angstrom]:       0.000     0.000   125.328   |c| =   125.327792
 CELL| Angle (b,c), alpha [degree]:                                    90.000000
 CELL| Angle (a,c), beta  [degree]:                                    90.000000
 CELL| Angle (a,b), gamma [degree]:                                    90.000000
 CELL| Requested initial symmetry:                                 TETRAGONAL_AB
 CELL| Numerically orthorhombic:                                             YES
 CELL| Periodicity                                                           XYZ

 CELL| Volume [angstrom^3]:                                          2162.836010
 CELL| Vector a [angstrom]:       4.159     0.000     0.000   |a| =     4.159165
 CELL| Vector b [angstrom]:       0.000     4.159     0.000   |b| =     4.159165
 CELL| Vector c [angstrom]:       0.000     0.000   125.029   |c| =   125.029176
 CELL| Angle (b,c), alpha [degree]:                                    90.000000
 CELL| Angle (a,c), beta  [degree]:                                    90.000000
 CELL| Angle (a,b), gamma [degree]:                                    90.000000
 CELL| Requested initial symmetry:                                 TETRAGONAL_AB
 CELL| Numerically orthorhombic:                                             YES
 CELL| Periodicity                                                           XYZ
