
 CELL| Volume [angstrom^3]:                                          2170.279246
 CELL| Vector a [angstrom]:       4.161     0.000     0.000   |a| =     4.161496
 CELL| Vector b [angstrom]:       0.000     4.161     0.000   |b| =     4.161496
 CELL| Vector c [angstrom]:       0.000     0.000   125.319   |c| =   125.318937
 CELL| Angle (b,c), alpha [degree]:                                    90.000000
 CELL| Angle (a,c), beta  [degree]:                                    90.000000
 CELL| Angle (a,b), gamma [degree]:                                    90.000000
 CELL| Requested initial symmetry:                                 TETRAGONAL_AB
 CELL| Numerically orthorhombic:                                             YES
 CELL| Periodicity                                                           XYZ

 CELL| Volume [angstrom^3]:                                          2162.844536
 CELL| Vector a [angstrom]:       4.159     0.000     0.000   |a| =     4.159222
 CELL| Vector b [angstrom]:       0.000     4.159     0.000   |b| =     4.159222
 CELL| Vector c [angstrom]:       0.000     0.000   125.026   |c| =   125.026200
 CELL| Angle (b,c), alpha [degree]:                                    90.000000
 CELL| Angle (a,c), beta  [degree]:                                    90.000000
 CELL| Angle (a,b), gamma [degree]:                                    90.000000
 CELL| Requested initial symmetry:                                 TETRAGONAL_AB
 CELL| Numerically orthorhombic:                                             YES
 CELL| Periodicity                                                           XYZ
