
 CELL| Volume [angstrom^3]:                                          2173.941884
 CELL| Vector a [angstrom]:       4.169     0.000     0.000   |a| =     4.168569
 CELL| Vector b [angstrom]:       0.000     4.169     0.000   |b| =     4.168569
 CELL| Vector c [angstrom]:       0.000     0.000   125.105   |c| =   125.104780
 CELL| Angle (b,c), alpha [degree]:                                    90.000000
 CELL| Angle (a,c), beta  [degree]:                                    90.000000
 CELL| Angle (a,b), gamma [degree]:                                    90.000000
 CELL| Requested initial symmetry:                                 TETRAGONAL_AB
 CELL| Numerically orthorhombic:                                             YES
 CELL| Periodicity                                                           XYZ

 CELL| Volume [angstrom^3]:                                          2164.020511
 CELL| Vector a [angstrom]:       4.160     0.000     0.000   |a| =     4.160447
 CELL| Vector b [angstrom]:       0.000     4.160     0.000   |b| =     4.160447
 CELL| Vector c [angstrom]:       0.000     0.000   125.021   |c| =   125.020565
 CELL| Angle (b,c), alpha [degree]:                                    90.000000
 CELL| Angle (a,c), beta  [degree]:                                    90.000000
 CELL| Angle (a,b), gamma [degree]:                                    90.000000
 CELL| Requested initial symmetry:                                 TETRAGONAL_AB
 CELL| Numerically orthorhombic:                                             YES
 CELL| Periodicity                                                           XYZ

 CELL| Volume [angstrom^3]:                                          2163.057716
 CELL| Vector a [angstrom]:       4.160     0.000     0.000   |a| =     4.159672
 CELL| Vector b [angstrom]:       0.000     4.160     0.000   |b| =     4.159672
 CELL| Vector c [angstrom]:       0.000     0.000   125.011   |c| =   125.011463
 CELL| Angle (b,c), alpha [degree]:                                    90.000000
 CELL| Angle (a,c), beta  [degree]:                                    90.000000
 CELL| Angle (a,b), gamma [degree]:                                    90.000000
 CELL| Requested initial symmetry:                                 TETRAGONAL_AB
 CELL| Numerically orthorhombic:                                             YES
 CELL| Periodicity                                                           XYZ
