
 CELL| Volume [angstrom^3]:                                          2171.002262
 CELL| Vector a [angstrom]:       4.163     0.000     0.000   |a| =     4.162600
 CELL| Vector b [angstrom]:       0.000     4.163     0.000   |b| =     4.162600
 CELL| Vector c [angstrom]:       0.000     0.000   125.294   |c| =   125.294178
 CELL| Angle (b,c), alpha [degree]:                                    90.000000
 CELL| Angle (a,c), beta  [degree]:                                    90.000000
 CELL| Angle (a,b), gamma [degree]:                                    90.000000
 CELL| Requested initial symmetry:                                 TETRAGONAL_AB
 CELL| Numerically orthorhombic:                                             YES
 CELL| Periodicity                                                           XYZ

 CELL| Volume [angstrom^3]:                                          2162.927136
 CELL| Vector a [angstrom]:       4.159     0.000     0.000   |a| =     4.159390
 CELL| Vector b [angstrom]:       0.000     4.159     0.000   |b| =     4.159390
 CELL| Vector c [angstrom]:       0.000     0.000   125.021   |c| =   125.020867
 CELL| Angle (b,c), alpha [degree]:                                    90.000000
 CELL| Angle (a,c), beta  [degree]:                                    90.000000
 CELL| Angle (a,b), gamma [degree]:                                    90.000000
 CELL| Requested initial symmetry:                                 TETRAGONAL_AB
 CELL| Numerically orthorhombic:                                             YES
 CELL| Periodicity                                                           XYZ
