
 CELL| Volume [angstrom^3]:                                          2171.944797
 CELL| Vector a [angstrom]:       4.165     0.000     0.000   |a| =     4.164649
 CELL| Vector b [angstrom]:       0.000     4.165     0.000   |b| =     4.164649
 CELL| Vector c [angstrom]:       0.000     0.000   125.225   |c| =   125.225288
 CELL| Angle (b,c), alpha [degree]:                                    90.000000
 CELL| Angle (a,c), beta  [degree]:                                    90.000000
 CELL| Angle (a,b), gamma [degree]:                                    90.000000
 CELL| Requested initial symmetry:                                 TETRAGONAL_AB
 CELL| Numerically orthorhombic:                                             YES
 CELL| Periodicity                                                           XYZ

 CELL| Volume [angstrom^3]:                                          2163.946669
 CELL| Vector a [angstrom]:       4.160     0.000     0.000   |a| =     4.160245
 CELL| Vector b [angstrom]:       0.000     4.160     0.000   |b| =     4.160245
 CELL| Vector c [angstrom]:       0.000     0.000   125.028   |c| =   125.028431
 CELL| Angle (b,c), alpha [degree]:                                    90.000000
 CELL| Angle (a,c), beta  [degree]:                                    90.000000
 CELL| Angle (a,b), gamma [degree]:                                    90.000000
 CELL| Requested initial symmetry:                                 TETRAGONAL_AB
 CELL| Numerically orthorhombic:                                             YES
 CELL| Periodicity                                                           XYZ

 CELL| Volume [angstrom^3]:                                          2163.012026
 CELL| Vector a [angstrom]:       4.160     0.000     0.000   |a| =     4.159543
 CELL| Vector b [angstrom]:       0.000     4.160     0.000   |b| =     4.159543
 CELL| Vector c [angstrom]:       0.000     0.000   125.017   |c| =   125.016619
 CELL| Angle (b,c), alpha [degree]:                                    90.000000
 CELL| Angle (a,c), beta  [degree]:                                    90.000000
 CELL| Angle (a,b), gamma [degree]:                                    90.000000
 CELL| Requested initial symmetry:                                 TETRAGONAL_AB
 CELL| Numerically orthorhombic:                                             YES
 CELL| Periodicity                                                           XYZ
