
 CELL| Volume [angstrom^3]:                                          2175.534636
 CELL| Vector a [angstrom]:       4.171     0.000     0.000   |a| =     4.171090
 CELL| Vector b [angstrom]:       0.000     4.171     0.000   |b| =     4.171090
 CELL| Vector c [angstrom]:       0.000     0.000   125.045   |c| =   125.045186
 CELL| Angle (b,c), alpha [degree]:                                    90.000000
 CELL| Angle (a,c), beta  [degree]:                                    90.000000
 CELL| Angle (a,b), gamma [degree]:                                    90.000000
 CELL| Requested initial symmetry:                                 TETRAGONAL_AB
 CELL| Numerically orthorhombic:                                             YES
 CELL| Periodicity                                                           XYZ

 CELL| Volume [angstrom^3]:                                          2163.996236
 CELL| Vector a [angstrom]:       4.161     0.000     0.000   |a| =     4.160527
 CELL| Vector b [angstrom]:       0.000     4.161     0.000   |b| =     4.160527
 CELL| Vector c [angstrom]:       0.000     0.000   125.014   |c| =   125.014358
 CELL| Angle (b,c), alpha [degree]:                                    90.000000
 CELL| Angle (a,c), beta  [degree]:                                    90.000000
 CELL| Angle (a,b), gamma [degree]:                                    90.000000
 CELL| Requested initial symmetry:                                 TETRAGONAL_AB
 CELL| Numerically orthorhombic:                                             YES
 CELL| Periodicity                                                           XYZ

 CELL| Volume [angstrom^3]:                                          2163.095540
 CELL| Vector a [angstrom]:       4.160     0.000     0.000   |a| =     4.159832
 CELL| Vector b [angstrom]:       0.000     4.160     0.000   |b| =     4.159832
 CELL| Vector c [angstrom]:       0.000     0.000   125.004   |c| =   125.004060
 CELL| Angle (b,c), alpha [degree]:                                    90.000000
 CELL| Angle (a,c), beta  [degree]:                                    90.000000
 CELL| Angle (a,b), gamma [degree]:                                    90.000000
 CELL| Requested initial symmetry:                                 TETRAGONAL_AB
 CELL| Numerically orthorhombic:                                             YES
 CELL| Periodicity                                                           XYZ

 CELL| Volume [angstrom^3]:                                          2162.794516
 CELL| Vector a [angstrom]:       4.159     0.000     0.000   |a| =     4.159125
 CELL| Vector b [angstrom]:       0.000     4.159     0.000   |b| =     4.159125
 CELL| Vector c [angstrom]:       0.000     0.000   125.029   |c| =   125.029159
 CELL| Angle (b,c), alpha [degree]:                                    90.000000
 CELL| Angle (a,c), beta  [degree]:                                    90.000000
 CELL| Angle (a,b), gamma [degree]:                                    90.000000
 CELL| Requested initial symmetry:                                 TETRAGONAL_AB
 CELL| Numerically orthorhombic:                                             YES
 CELL| Periodicity                                                           XYZ
