
 CELL| Volume [angstrom^3]:                                          2103.402026
 CELL| Vector a [angstrom]:       4.102     0.000     0.000   |a| =     4.102099
 CELL| Vector b [angstrom]:       0.000     4.102     0.000   |b| =     4.102099
 CELL| Vector c [angstrom]:       0.000     0.000   125.000   |c| =   125.000000
 CELL| Angle (b,c), alpha [degree]:                                    90.000000
 CELL| Angle (a,c), beta  [degree]:                                    90.000000
 CELL| Angle (a,b), gamma [degree]:                                    90.000000
 CELL| Requested initial symmetry:                                 TETRAGONAL_AB
 CELL| Numerically orthorhombic:                                             YES
 CELL| Periodicity                                                           XYZ

 CELL| Volume [angstrom^3]:                                          2179.941756
 CELL| Vector a [angstrom]:       4.176     0.000     0.000   |a| =     4.176000
 CELL| Vector b [angstrom]:       0.000     4.176     0.000   |b| =     4.176000
 CELL| Vector c [angstrom]:       0.000     0.000   125.004   |c| =   125.004000
 CELL| Angle (b,c), alpha [degree]:                                    90.000000
 CELL| Angle (a,c), beta  [degree]:                                    90.000000
 CELL| Angle (a,b), gamma [degree]:                                    90.000000
 CELL| Requested initial symmetry:                                 TETRAGONAL_AB
 CELL| Numerically orthorhombic:                                             YES
 CELL| Periodicity                                                           XYZ

 CELL| Volume [angstrom^3]:                                          2179.941756
 CELL| Vector a [angstrom]:       4.176     0.000     0.000   |a| =     4.176000
 CELL| Vector b [angstrom]:       0.000     4.176     0.000   |b| =     4.176000
 CELL| Vector c [angstrom]:       0.000     0.000   125.004   |c| =   125.004000
 CELL| Angle (b,c), alpha [degree]:                                    90.000000
 CELL| Angle (a,c), beta  [degree]:                                    90.000000
 CELL| Angle (a,b), gamma [degree]:                                    90.000000
 CELL| Requested initial symmetry:                                 TETRAGONAL_AB
 CELL| Numerically orthorhombic:                                             YES
 CELL| Periodicity                                                           XYZ

 CELL| Volume [angstrom^3]:                                          2164.359755
 CELL| Vector a [angstrom]:       4.161     0.000     0.000   |a| =     4.161115
 CELL| Vector b [angstrom]:       0.000     4.161     0.000   |b| =     4.161115
 CELL| Vector c [angstrom]:       0.000     0.000   125.000   |c| =   125.000000
 CELL| Angle (b,c), alpha [degree]:                                    90.000000
 CELL| Angle (a,c), beta  [degree]:                                    90.000000
 CELL| Angle (a,b), gamma [degree]:                                    90.000000
 CELL| Requested initial symmetry:                                 TETRAGONAL_AB
 CELL| Numerically orthorhombic:                                             YES
 CELL| Periodicity                                                           XYZ

 CELL| Volume [angstrom^3]:                                          2163.200000
 CELL| Vector a [angstrom]:       4.160     0.000     0.000   |a| =     4.160000
 CELL| Vector b [angstrom]:       0.000     4.160     0.000   |b| =     4.160000
 CELL| Vector c [angstrom]:       0.000     0.000   125.000   |c| =   125.000000
 CELL| Angle (b,c), alpha [degree]:                                    90.000000
 CELL| Angle (a,c), beta  [degree]:                                    90.000000
 CELL| Angle (a,b), gamma [degree]:                                    90.000000
 CELL| Requested initial symmetry:                                 TETRAGONAL_AB
 CELL| Numerically orthorhombic:                                             YES
 CELL| Periodicity                                                           XYZ

 CELL| Volume [angstrom^3]:                                          2162.730935
 CELL| Vector a [angstrom]:       4.159     0.000     0.000   |a| =     4.159000
 CELL| Vector b [angstrom]:       0.000     4.159     0.000   |b| =     4.159000
 CELL| Vector c [angstrom]:       0.000     0.000   125.033   |c| =   125.033000
 CELL| Angle (b,c), alpha [degree]:                                    90.000000
 CELL| Angle (a,c), beta  [degree]:                                    90.000000
 CELL| Angle (a,b), gamma [degree]:                                    90.000000
 CELL| Requested initial symmetry:                                 TETRAGONAL_AB
 CELL| Numerically orthorhombic:                                             YES
 CELL| Periodicity                                                           XYZ

 CELL| Volume [angstrom^3]:                                          2162.321289
 CELL| Vector a [angstrom]:       4.159     0.000     0.000   |a| =     4.159155
 CELL| Vector b [angstrom]:       0.000     4.159     0.000   |b| =     4.159155
 CELL| Vector c [angstrom]:       0.000     0.000   125.000   |c| =   125.000000
 CELL| Angle (b,c), alpha [degree]:                                    90.000000
 CELL| Angle (a,c), beta  [degree]:                                    90.000000
 CELL| Angle (a,b), gamma [degree]:                                    90.000000
 CELL| Requested initial symmetry:                                 TETRAGONAL_AB
 CELL| Numerically orthorhombic:                                             YES
 CELL| Periodicity                                                           XYZ

 CELL| Volume [angstrom^3]:                                          2162.401354
 CELL| Vector a [angstrom]:       4.159     0.000     0.000   |a| =     4.159232
 CELL| Vector b [angstrom]:       0.000     4.159     0.000   |b| =     4.159232
 CELL| Vector c [angstrom]:       0.000     0.000   125.000   |c| =   125.000000
 CELL| Angle (b,c), alpha [degree]:                                    90.000000
 CELL| Angle (a,c), beta  [degree]:                                    90.000000
 CELL| Angle (a,b), gamma [degree]:                                    90.000000
 CELL| Requested initial symmetry:                                 TETRAGONAL_AB
 CELL| Numerically orthorhombic:                                             YES
 CELL| Periodicity                                                           XYZ

 CELL| Volume [angstrom^3]:                                          2162.417991
 CELL| Vector a [angstrom]:       4.159     0.000     0.000   |a| =     4.159248
 CELL| Vector b [angstrom]:       0.000     4.159     0.000   |b| =     4.159248
 CELL| Vector c [angstrom]:       0.000     0.000   125.000   |c| =   125.000000
 CELL| Angle (b,c), alpha [degree]:                                    90.000000
 CELL| Angle (a,c), beta  [degree]:                                    90.000000
 CELL| Angle (a,b), gamma [degree]:                                    90.000000
 CELL| Requested initial symmetry:                                 TETRAGONAL_AB
 CELL| Numerically orthorhombic:                                             YES
 CELL| Periodicity                                                           XYZ

 CELL| Volume [angstrom^3]:                                          2162.465822
 CELL| Vector a [angstrom]:       4.159     0.000     0.000   |a| =     4.159294
 CELL| Vector b [angstrom]:       0.000     4.159     0.000   |b| =     4.159294
 CELL| Vector c [angstrom]:       0.000     0.000   125.000   |c| =   125.000000
 CELL| Angle (b,c), alpha [degree]:                                    90.000000
 CELL| Angle (a,c), beta  [degree]:                                    90.000000
 CELL| Angle (a,b), gamma [degree]:                                    90.000000
 CELL| Requested initial symmetry:                                 TETRAGONAL_AB
 CELL| Numerically orthorhombic:                                             YES
 CELL| Periodicity                                                           XYZ

 CELL| Volume [angstrom^3]:                                          2162.480380
 CELL| Vector a [angstrom]:       4.159     0.000     0.000   |a| =     4.159308
 CELL| Vector b [angstrom]:       0.000     4.159     0.000   |b| =     4.159308
 CELL| Vector c [angstrom]:       0.000     0.000   125.000   |c| =   125.000000
 CELL| Angle (b,c), alpha [degree]:                                    90.000000
 CELL| Angle (a,c), beta  [degree]:                                    90.000000
 CELL| Angle (a,b), gamma [degree]:                                    90.000000
 CELL| Requested initial symmetry:                                 TETRAGONAL_AB
 CELL| Numerically orthorhombic:                                             YES
 CELL| Periodicity                                                           XYZ
