
 CELL| Volume [angstrom^3]:                                          2180.390310
 CELL| Vector a [angstrom]:       4.176     0.000     0.000   |a| =     4.176270
 CELL| Vector b [angstrom]:       0.000     4.176     0.000   |b| =     4.176270
 CELL| Vector c [angstrom]:       0.000     0.000   125.014   |c| =   125.013526
 CELL| Angle (b,c), alpha [degree]:                                    90.000000
 CELL| Angle (a,c), beta  [degree]:                                    90.000000
 CELL| Angle (a,b), gamma [degree]:                                    90.000000
 CELL| Requested initial symmetry:                                 TETRAGONAL_AB
 CELL| Numerically orthorhombic:                                             YES
 CELL| Periodicity                                                           XYZ

 CELL| Volume [angstrom^3]:                                          2164.428569
 CELL| Vector a [angstrom]:       4.161     0.000     0.000   |a| =     4.161124
 CELL| Vector b [angstrom]:       0.000     4.161     0.000   |b| =     4.161124
 CELL| Vector c [angstrom]:       0.000     0.000   125.003   |c| =   125.003421
 CELL| Angle (b,c), alpha [degree]:                                    90.000000
 CELL| Angle (a,c), beta  [degree]:                                    90.000000
 CELL| Angle (a,b), gamma [degree]:                                    90.000000
 CELL| Requested initial symmetry:                                 TETRAGONAL_AB
 CELL| Numerically orthorhombic:                                             YES
 CELL| Periodicity                                                           XYZ

 CELL| Volume [angstrom^3]:                                          2163.141199
 CELL| Vector a [angstrom]:       4.160     0.000     0.000   |a| =     4.159929
 CELL| Vector b [angstrom]:       0.000     4.160     0.000   |b| =     4.159929
 CELL| Vector c [angstrom]:       0.000     0.000   125.001   |c| =   125.000898
 CELL| Angle (b,c), alpha [degree]:                                    90.000000
 CELL| Angle (a,c), beta  [degree]:                                    90.000000
 CELL| Angle (a,b), gamma [degree]:                                    90.000000
 CELL| Requested initial symmetry:                                 TETRAGONAL_AB
 CELL| Numerically orthorhombic:                                             YES
 CELL| Periodicity                                                           XYZ

 CELL| Volume [angstrom^3]:                                          2162.774656
 CELL| Vector a [angstrom]:       4.159     0.000     0.000   |a| =     4.159048
 CELL| Vector b [angstrom]:       0.000     4.159     0.000   |b| =     4.159048
 CELL| Vector c [angstrom]:       0.000     0.000   125.033   |c| =   125.032616
 CELL| Angle (b,c), alpha [degree]:                                    90.000000
 CELL| Angle (a,c), beta  [degree]:                                    90.000000
 CELL| Angle (a,b), gamma [degree]:                                    90.000000
 CELL| Requested initial symmetry:                                 TETRAGONAL_AB
 CELL| Numerically orthorhombic:                                             YES
 CELL| Periodicity                                                           XYZ

 CELL| Volume [angstrom^3]:                                          2162.351719
 CELL| Vector a [angstrom]:       4.159     0.000     0.000   |a| =     4.159187
 CELL| Vector b [angstrom]:       0.000     4.159     0.000   |b| =     4.159187
 CELL| Vector c [angstrom]:       0.000     0.000   125.000   |c| =   124.999862
 CELL| Angle (b,c), alpha [degree]:                                    90.000000
 CELL| Angle (a,c), beta  [degree]:                                    90.000000
 CELL| Angle (a,b), gamma [degree]:                                    90.000000
 CELL| Requested initial symmetry:                                 TETRAGONAL_AB
 CELL| Numerically orthorhombic:                                             YES
 CELL| Periodicity                                                           XYZ

 CELL| Volume [angstrom^3]:                                          2162.490954
 CELL| Vector a [angstrom]:       4.159     0.000     0.000   |a| =     4.159320
 CELL| Vector b [angstrom]:       0.000     4.159     0.000   |b| =     4.159320
 CELL| Vector c [angstrom]:       0.000     0.000   125.000   |c| =   124.999906
 CELL| Angle (b,c), alpha [degree]:                                    90.000000
 CELL| Angle (a,c), beta  [degree]:                                    90.000000
 CELL| Angle (a,b), gamma [degree]:                                    90.000000
 CELL| Requested initial symmetry:                                 TETRAGONAL_AB
 CELL| Numerically orthorhombic:                                             YES
 CELL| Periodicity                                                           XYZ
