
 CELL| Volume [angstrom^3]:                                          2170.835752
 CELL| Vector a [angstrom]:       4.162     0.000     0.000   |a| =     4.162337
 CELL| Vector b [angstrom]:       0.000     4.162     0.000   |b| =     4.162337
 CELL| Vector c [angstrom]:       0.000     0.000   125.300   |c| =   125.300381
 CELL| Angle (b,c), alpha [degree]:                                    90.000000
 CELL| Angle (a,c), beta  [degree]:                                    90.000000
 CELL| Angle (a,b), gamma [degree]:                                    90.000000
 CELL| Requested initial symmetry:                                 TETRAGONAL_AB
 CELL| Numerically orthorhombic:                                             YES
 CELL| Periodicity                                                           XYZ

 CELL| Volume [angstrom^3]:                                          2162.910254
 CELL| Vector a [angstrom]:       4.159     0.000     0.000   |a| =     4.159360
 CELL| Vector b [angstrom]:       0.000     4.159     0.000   |b| =     4.159360
 CELL| Vector c [angstrom]:       0.000     0.000   125.022   |c| =   125.021739
 CELL| Angle (b,c), alpha [degree]:                                    90.000000
 CELL| Angle (a,c), beta  [degree]:                                    90.000000
 CELL| Angle (a,b), gamma [degree]:                                    90.000000
 CELL| Requested initial symmetry:                                 TETRAGONAL_AB
 CELL| Numerically orthorhombic:                                             YES
 CELL| Periodicity                                                           XYZ
