
 CELL| Volume [angstrom^3]:                                          2174.328482
 CELL| Vector a [angstrom]:       4.169     0.000     0.000   |a| =     4.169439
 CELL| Vector b [angstrom]:       0.000     4.169     0.000   |b| =     4.169439
 CELL| Vector c [angstrom]:       0.000     0.000   125.075   |c| =   125.074815
 CELL| Angle (b,c), alpha [degree]:                                    90.000000
 CELL| Angle (a,c), beta  [degree]:                                    90.000000
 CELL| Angle (a,b), gamma [degree]:                                    90.000000
 CELL| Requested initial symmetry:                                 TETRAGONAL_AB
 CELL| Numerically orthorhombic:                                             YES
 CELL| Periodicity                                                           XYZ

 CELL| Volume [angstrom^3]:                                          2164.126985
 CELL| Vector a [angstrom]:       4.161     0.000     0.000   |a| =     4.160583
 CELL| Vector b [angstrom]:       0.000     4.161     0.000   |b| =     4.160583
 CELL| Vector c [angstrom]:       0.000     0.000   125.019   |c| =   125.018506
 CELL| Angle (b,c), alpha [degree]:                                    90.000000
 CELL| Angle (a,c), beta  [degree]:                                    90.000000
 CELL| Angle (a,b), gamma [degree]:                                    90.000000
 CELL| Requested initial symmetry:                                 TETRAGONAL_AB
 CELL| Numerically orthorhombic:                                             YES
 CELL| Periodicity                                                           XYZ

 CELL| Volume [angstrom^3]:                                          2163.061961
 CELL| Vector a [angstrom]:       4.160     0.000     0.000   |a| =     4.159730
 CELL| Vector b [angstrom]:       0.000     4.160     0.000   |b| =     4.159730
 CELL| Vector c [angstrom]:       0.000     0.000   125.008   |c| =   125.008232
 CELL| Angle (b,c), alpha [degree]:                                    90.000000
 CELL| Angle (a,c), beta  [degree]:                                    90.000000
 CELL| Angle (a,b), gamma [degree]:                                    90.000000
 CELL| Requested initial symmetry:                                 TETRAGONAL_AB
 CELL| Numerically orthorhombic:                                             YES
 CELL| Periodicity                                                           XYZ
