
 CELL| Volume [angstrom^3]:                                          2175.996964
 CELL| Vector a [angstrom]:       4.172     0.000     0.000   |a| =     4.171903
 CELL| Vector b [angstrom]:       0.000     4.172     0.000   |b| =     4.171903
 CELL| Vector c [angstrom]:       0.000     0.000   125.023   |c| =   125.022990
 CELL| Angle (b,c), alpha [degree]:                                    90.000000
 CELL| Angle (a,c), beta  [degree]:                                    90.000000
 CELL| Angle (a,b), gamma [degree]:                                    90.000000
 CELL| Requested initial symmetry:                                 TETRAGONAL_AB
 CELL| Numerically orthorhombic:                                             YES
 CELL| Periodicity                                                           XYZ

 CELL| Volume [angstrom^3]:                                          2164.267996
 CELL| Vector a [angstrom]:       4.161     0.000     0.000   |a| =     4.160885
 CELL| Vector b [angstrom]:       0.000     4.161     0.000   |b| =     4.160885
 CELL| Vector c [angstrom]:       0.000     0.000   125.009   |c| =   125.008502
 CELL| Angle (b,c), alpha [degree]:                                    90.000000
 CELL| Angle (a,c), beta  [degree]:                                    90.000000
 CELL| Angle (a,b), gamma [degree]:                                    90.000000
 CELL| Requested initial symmetry:                                 TETRAGONAL_AB
 CELL| Numerically orthorhombic:                                             YES
 CELL| Periodicity                                                           XYZ

 CELL| Volume [angstrom^3]:                                          2163.125859
 CELL| Vector a [angstrom]:       4.160     0.000     0.000   |a| =     4.159892
 CELL| Vector b [angstrom]:       0.000     4.160     0.000   |b| =     4.159892
 CELL| Vector c [angstrom]:       0.000     0.000   125.002   |c| =   125.002196
 CELL| Angle (b,c), alpha [degree]:                                    90.000000
 CELL| Angle (a,c), beta  [degree]:                                    90.000000
 CELL| Angle (a,b), gamma [degree]:                                    90.000000
 CELL| Requested initial symmetry:                                 TETRAGONAL_AB
 CELL| Numerically orthorhombic:                                             YES
 CELL| Periodicity                                                           XYZ

 CELL| Volume [angstrom^3]:                                          2162.774410
 CELL| Vector a [angstrom]:       4.159     0.000     0.000   |a| =     4.159060
 CELL| Vector b [angstrom]:       0.000     4.159     0.000   |b| =     4.159060
 CELL| Vector c [angstrom]:       0.000     0.000   125.032   |c| =   125.031882
 CELL| Angle (b,c), alpha [degree]:                                    90.000000
 CELL| Angle (a,c), beta  [degree]:                                    90.000000
 CELL| Angle (a,b), gamma [degree]:                                    90.000000
 CELL| Requested initial symmetry:                                 TETRAGONAL_AB
 CELL| Numerically orthorhombic:                                             YES
 CELL| Periodicity                                                           XYZ
