
 CELL| Volume [angstrom^3]:                                          2171.560386
 CELL| Vector a [angstrom]:       4.163     0.000     0.000   |a| =     4.163408
 CELL| Vector b [angstrom]:       0.000     4.163     0.000   |b| =     4.163408
 CELL| Vector c [angstrom]:       0.000     0.000   125.278   |c| =   125.277729
 CELL| Angle (b,c), alpha [degree]:                                    90.000000
 CELL| Angle (a,c), beta  [degree]:                                    90.000000
 CELL| Angle (a,b), gamma [degree]:                                    90.000000
 CELL| Requested initial symmetry:                                 TETRAGONAL_AB
 CELL| Numerically orthorhombic:                                             YES
 CELL| Periodicity                                                           XYZ

 CELL| Volume [angstrom^3]:                                          2163.877817
 CELL| Vector a [angstrom]:       4.160     0.000     0.000   |a| =     4.160078
 CELL| Vector b [angstrom]:       0.000     4.160     0.000   |b| =     4.160078
 CELL| Vector c [angstrom]:       0.000     0.000   125.034   |c| =   125.034489
 CELL| Angle (b,c), alpha [degree]:                                    90.000000
 CELL| Angle (a,c), beta  [degree]:                                    90.000000
 CELL| Angle (a,b), gamma [degree]:                                    90.000000
 CELL| Requested initial symmetry:                                 TETRAGONAL_AB
 CELL| Numerically orthorhombic:                                             YES
 CELL| Periodicity                                                           XYZ

 CELL| Volume [angstrom^3]:                                          2162.960985
 CELL| Vector a [angstrom]:       4.159     0.000     0.000   |a| =     4.159442
 CELL| Vector b [angstrom]:       0.000     4.159     0.000   |b| =     4.159442
 CELL| Vector c [angstrom]:       0.000     0.000   125.020   |c| =   125.019746
 CELL| Angle (b,c), alpha [degree]:                                    90.000000
 CELL| Angle (a,c), beta  [degree]:                                    90.000000
 CELL| Angle (a,b), gamma [degree]:                                    90.000000
 CELL| Requested initial symmetry:                                 TETRAGONAL_AB
 CELL| Numerically orthorhombic:                                             YES
 CELL| Periodicity                                                           XYZ
