
 CELL| Volume [angstrom^3]:                                          2177.165910
 CELL| Vector a [angstrom]:       4.173     0.000     0.000   |a| =     4.172843
 CELL| Vector b [angstrom]:       0.000     4.173     0.000   |b| =     4.172843
 CELL| Vector c [angstrom]:       0.000     0.000   125.034   |c| =   125.033785
 CELL| Angle (b,c), alpha [degree]:                                    90.000000
 CELL| Angle (a,c), beta  [degree]:                                    90.000000
 CELL| Angle (a,b), gamma [degree]:                                    90.000000
 CELL| Requested initial symmetry:                                 TETRAGONAL_AB
 CELL| Numerically orthorhombic:                                             YES
 CELL| Periodicity                                                           XYZ

 CELL| Volume [angstrom^3]:                                          2164.040884
 CELL| Vector a [angstrom]:       4.161     0.000     0.000   |a| =     4.160633
 CELL| Vector b [angstrom]:       0.000     4.161     0.000   |b| =     4.160633
 CELL| Vector c [angstrom]:       0.000     0.000   125.011   |c| =   125.010547
 CELL| Angle (b,c), alpha [degree]:                                    90.000000
 CELL| Angle (a,c), beta  [degree]:                                    90.000000
 CELL| Angle (a,b), gamma [degree]:                                    90.000000
 CELL| Requested initial symmetry:                                 TETRAGONAL_AB
 CELL| Numerically orthorhombic:                                             YES
 CELL| Periodicity                                                           XYZ

 CELL| Volume [angstrom^3]:                                          2163.157065
 CELL| Vector a [angstrom]:       4.160     0.000     0.000   |a| =     4.159911
 CELL| Vector b [angstrom]:       0.000     4.160     0.000   |b| =     4.159911
 CELL| Vector c [angstrom]:       0.000     0.000   125.003   |c| =   125.002880
 CELL| Angle (b,c), alpha [degree]:                                    90.000000
 CELL| Angle (a,c), beta  [degree]:                                    90.000000
 CELL| Angle (a,b), gamma [degree]:                                    90.000000
 CELL| Requested initial symmetry:                                 TETRAGONAL_AB
 CELL| Numerically orthorhombic:                                             YES
 CELL| Periodicity                                                           XYZ

 CELL| Volume [angstrom^3]:                                          2162.772566
 CELL| Vector a [angstrom]:       4.159     0.000     0.000   |a| =     4.159072
 CELL| Vector b [angstrom]:       0.000     4.159     0.000   |b| =     4.159072
 CELL| Vector c [angstrom]:       0.000     0.000   125.031   |c| =   125.031097
 CELL| Angle (b,c), alpha [degree]:                                    90.000000
 CELL| Angle (a,c), beta  [degree]:                                    90.000000
 CELL| Angle (a,b), gamma [degree]:                                    90.000000
 CELL| Requested initial symmetry:                                 TETRAGONAL_AB
 CELL| Numerically orthorhombic:                                             YES
 CELL| Periodicity                                                           XYZ
