
 CELL| Volume [angstrom^3]:                                          2176.560613
 CELL| Vector a [angstrom]:       4.172     0.000     0.000   |a| =     4.172457
 CELL| Vector b [angstrom]:       0.000     4.172     0.000   |b| =     4.172457
 CELL| Vector c [angstrom]:       0.000     0.000   125.022   |c| =   125.022144
 CELL| Angle (b,c), alpha [degree]:                                    90.000000
 CELL| Angle (a,c), beta  [degree]:                                    90.000000
 CELL| Angle (a,b), gamma [degree]:                                    90.000000
 CELL| Requested initial symmetry:                                 TETRAGONAL_AB
 CELL| Numerically orthorhombic:                                             YES
 CELL| Periodicity                                                           XYZ

 CELL| Volume [angstrom^3]:                                          2164.203667
 CELL| Vector a [angstrom]:       4.161     0.000     0.000   |a| =     4.160831
 CELL| Vector b [angstrom]:       0.000     4.161     0.000   |b| =     4.160831
 CELL| Vector c [angstrom]:       0.000     0.000   125.008   |c| =   125.008069
 CELL| Angle (b,c), alpha [degree]:                                    90.000000
 CELL| Angle (a,c), beta  [degree]:                                    90.000000
 CELL| Angle (a,b), gamma [degree]:                                    90.000000
 CELL| Requested initial symmetry:                                 TETRAGONAL_AB
 CELL| Numerically orthorhombic:                                             YES
 CELL| Periodicity                                                           XYZ

 CELL| Volume [angstrom^3]:                                          2163.140732
 CELL| Vector a [angstrom]:       4.160     0.000     0.000   |a| =     4.159909
 CELL| Vector b [angstrom]:       0.000     4.160     0.000   |b| =     4.159909
 CELL| Vector c [angstrom]:       0.000     0.000   125.002   |c| =   125.002033
 CELL| Angle (b,c), alpha [degree]:                                    90.000000
 CELL| Angle (a,c), beta  [degree]:                                    90.000000
 CELL| Angle (a,b), gamma [degree]:                                    90.000000
 CELL| Requested initial symmetry:                                 TETRAGONAL_AB
 CELL| Numerically orthorhombic:                                             YES
 CELL| Periodicity                                                           XYZ

 CELL| Volume [angstrom^3]:                                          2162.769706
 CELL| Vector a [angstrom]:       4.159     0.000     0.000   |a| =     4.159054
 CELL| Vector b [angstrom]:       0.000     4.159     0.000   |b| =     4.159054
 CELL| Vector c [angstrom]:       0.000     0.000   125.032   |c| =   125.031976
 CELL| Angle (b,c), alpha [degree]:                                    90.000000
 CELL| Angle (a,c), beta  [degree]:                                    90.000000
 CELL| Angle (a,b), gamma [degree]:                                    90.000000
 CELL| Requested initial symmetry:                                 TETRAGONAL_AB
 CELL| Numerically orthorhombic:                                             YES
 CELL| Periodicity                                                           XYZ
