
 CELL| Volume [angstrom^3]:                                          2171.425697
 CELL| Vector a [angstrom]:       4.165     0.000     0.000   |a| =     4.164538
 CELL| Vector b [angstrom]:       0.000     4.165     0.000   |b| =     4.164538
 CELL| Vector c [angstrom]:       0.000     0.000   125.202   |c| =   125.202030
 CELL| Angle (b,c), alpha [degree]:                                    90.000000
 CELL| Angle (a,c), beta  [degree]:                                    90.000000
 CELL| Angle (a,b), gamma [degree]:                                    90.000000
 CELL| Requested initial symmetry:                                 TETRAGONAL_AB
 CELL| Numerically orthorhombic:                                             YES
 CELL| Periodicity                                                           XYZ

 CELL| Volume [angstrom^3]:                                          2163.945432
 CELL| Vector a [angstrom]:       4.160     0.000     0.000   |a| =     4.160280
 CELL| Vector b [angstrom]:       0.000     4.160     0.000   |b| =     4.160280
 CELL| Vector c [angstrom]:       0.000     0.000   125.026   |c| =   125.026249
 CELL| Angle (b,c), alpha [degree]:                                    90.000000
 CELL| Angle (a,c), beta  [degree]:                                    90.000000
 CELL| Angle (a,b), gamma [degree]:                                    90.000000
 CELL| Requested initial symmetry:                                 TETRAGONAL_AB
 CELL| Numerically orthorhombic:                                             YES
 CELL| Periodicity                                                           XYZ

 CELL| Volume [angstrom^3]:                                          2163.006852
 CELL| Vector a [angstrom]:       4.160     0.000     0.000   |a| =     4.159559
 CELL| Vector b [angstrom]:       0.000     4.160     0.000   |b| =     4.159559
 CELL| Vector c [angstrom]:       0.000     0.000   125.015   |c| =   125.015351
 CELL| Angle (b,c), alpha [degree]:                                    90.000000
 CELL| Angle (a,c), beta  [degree]:                                    90.000000
 CELL| Angle (a,b), gamma [degree]:                                    90.000000
 CELL| Requested initial symmetry:                                 TETRAGONAL_AB
 CELL| Numerically orthorhombic:                                             YES
 CELL| Periodicity                                                           XYZ
