
 CELL| Volume [angstrom^3]:                                          2170.398006
 CELL| Vector a [angstrom]:       4.162     0.000     0.000   |a| =     4.161661
 CELL| Vector b [angstrom]:       0.000     4.162     0.000   |b| =     4.161661
 CELL| Vector c [angstrom]:       0.000     0.000   125.316   |c| =   125.315857
 CELL| Angle (b,c), alpha [degree]:                                    90.000000
 CELL| Angle (a,c), beta  [degree]:                                    90.000000
 CELL| Angle (a,b), gamma [degree]:                                    90.000000
 CELL| Requested initial symmetry:                                 TETRAGONAL_AB
 CELL| Numerically orthorhombic:                                             YES
 CELL| Periodicity                                                           XYZ

 CELL| Volume [angstrom^3]:                                          2162.866944
 CELL| Vector a [angstrom]:       4.159     0.000     0.000   |a| =     4.159250
 CELL| Vector b [angstrom]:       0.000     4.159     0.000   |b| =     4.159250
 CELL| Vector c [angstrom]:       0.000     0.000   125.026   |c| =   125.025807
 CELL| Angle (b,c), alpha [degree]:                                    90.000000
 CELL| Angle (a,c), beta  [degree]:                                    90.000000
 CELL| Angle (a,b), gamma [degree]:                                    90.000000
 CELL| Requested initial symmetry:                                 TETRAGONAL_AB
 CELL| Numerically orthorhombic:                                             YES
 CELL| Periodicity                                                           XYZ
