
 CELL| Volume [angstrom^3]:                                          2171.861253
 CELL| Vector a [angstrom]:       4.165     0.000     0.000   |a| =     4.165074
 CELL| Vector b [angstrom]:       0.000     4.165     0.000   |b| =     4.165074
 CELL| Vector c [angstrom]:       0.000     0.000   125.195   |c| =   125.194922
 CELL| Angle (b,c), alpha [degree]:                                    90.000000
 CELL| Angle (a,c), beta  [degree]:                                    90.000000
 CELL| Angle (a,b), gamma [degree]:                                    90.000000
 CELL| Requested initial symmetry:                                 TETRAGONAL_AB
 CELL| Numerically orthorhombic:                                             YES
 CELL| Periodicity                                                           XYZ

 CELL| Volume [angstrom^3]:                                          2163.964017
 CELL| Vector a [angstrom]:       4.160     0.000     0.000   |a| =     4.160309
 CELL| Vector b [angstrom]:       0.000     4.160     0.000   |b| =     4.160309
 CELL| Vector c [angstrom]:       0.000     0.000   125.026   |c| =   125.025563
 CELL| Angle (b,c), alpha [degree]:                                    90.000000
 CELL| Angle (a,c), beta  [degree]:                                    90.000000
 CELL| Angle (a,b), gamma [degree]:                                    90.000000
 CELL| Requested initial symmetry:                                 TETRAGONAL_AB
 CELL| Numerically orthorhombic:                                             YES
 CELL| Periodicity                                                           XYZ

 CELL| Volume [angstrom^3]:                                          2163.015740
 CELL| Vector a [angstrom]:       4.160     0.000     0.000   |a| =     4.159572
 CELL| Vector b [angstrom]:       0.000     4.160     0.000   |b| =     4.159572
 CELL| Vector c [angstrom]:       0.000     0.000   125.015   |c| =   125.015095
 CELL| Angle (b,c), alpha [degree]:                                    90.000000
 CELL| Angle (a,c), beta  [degree]:                                    90.000000
 CELL| Angle (a,b), gamma [degree]:                                    90.000000
 CELL| Requested initial symmetry:                                 TETRAGONAL_AB
 CELL| Numerically orthorhombic:                                             YES
 CELL| Periodicity                                                           XYZ
