
 CELL| Volume [angstrom^3]:                                          2170.875225
 CELL| Vector a [angstrom]:       4.162     0.000     0.000   |a| =     4.162424
 CELL| Vector b [angstrom]:       0.000     4.162     0.000   |b| =     4.162424
 CELL| Vector c [angstrom]:       0.000     0.000   125.297   |c| =   125.297441
 CELL| Angle (b,c), alpha [degree]:                                    90.000000
 CELL| Angle (a,c), beta  [degree]:                                    90.000000
 CELL| Angle (a,b), gamma [degree]:                                    90.000000
 CELL| Requested initial symmetry:                                 TETRAGONAL_AB
 CELL| Numerically orthorhombic:                                             YES
 CELL| Periodicity                                                           XYZ

 CELL| Volume [angstrom^3]:                                          2162.915092
 CELL| Vector a [angstrom]:       4.159     0.000     0.000   |a| =     4.159372
 CELL| Vector b [angstrom]:       0.000     4.159     0.000   |b| =     4.159372
 CELL| Vector c [angstrom]:       0.000     0.000   125.021   |c| =   125.021273
 CELL| Angle (b,c), alpha [degree]:                                    90.000000
 CELL| Angle (a,c), beta  [degree]:                                    90.000000
 CELL| Angle (a,b), gamma [degree]:                                    90.000000
 CELL| Requested initial symmetry:                                 TETRAGONAL_AB
 CELL| Numerically orthorhombic:                                             YES
 CELL| Periodicity                                                           XYZ
