
 CELL| Volume [angstrom^3]:                                          2176.955863
 CELL| Vector a [angstrom]:       4.173     0.000     0.000   |a| =     4.172673
 CELL| Vector b [angstrom]:       0.000     4.173     0.000   |b| =     4.172673
 CELL| Vector c [angstrom]:       0.000     0.000   125.032   |c| =   125.031936
 CELL| Angle (b,c), alpha [degree]:                                    90.000000
 CELL| Angle (a,c), beta  [degree]:                                    90.000000
 CELL| Angle (a,b), gamma [degree]:                                    90.000000
 CELL| Requested initial symmetry:                                 TETRAGONAL_AB
 CELL| Numerically orthorhombic:                                             YES
 CELL| Periodicity                                                           XYZ

 CELL| Volume [angstrom^3]:                                          2164.085960
 CELL| Vector a [angstrom]:       4.161     0.000     0.000   |a| =     4.160682
 CELL| Vector b [angstrom]:       0.000     4.161     0.000   |b| =     4.160682
 CELL| Vector c [angstrom]:       0.000     0.000   125.010   |c| =   125.010183
 CELL| Angle (b,c), alpha [degree]:                                    90.000000
 CELL| Angle (a,c), beta  [degree]:                                    90.000000
 CELL| Angle (a,b), gamma [degree]:                                    90.000000
 CELL| Requested initial symmetry:                                 TETRAGONAL_AB
 CELL| Numerically orthorhombic:                                             YES
 CELL| Periodicity                                                           XYZ

 CELL| Volume [angstrom^3]:                                          2163.157464
 CELL| Vector a [angstrom]:       4.160     0.000     0.000   |a| =     4.159913
 CELL| Vector b [angstrom]:       0.000     4.160     0.000   |b| =     4.159913
 CELL| Vector c [angstrom]:       0.000     0.000   125.003   |c| =   125.002765
 CELL| Angle (b,c), alpha [degree]:                                    90.000000
 CELL| Angle (a,c), beta  [degree]:                                    90.000000
 CELL| Angle (a,b), gamma [degree]:                                    90.000000
 CELL| Requested initial symmetry:                                 TETRAGONAL_AB
 CELL| Numerically orthorhombic:                                             YES
 CELL| Periodicity                                                           XYZ

 CELL| Volume [angstrom^3]:                                          2162.786677
 CELL| Vector a [angstrom]:       4.159     0.000     0.000   |a| =     4.159082
 CELL| Vector b [angstrom]:       0.000     4.159     0.000   |b| =     4.159082
 CELL| Vector c [angstrom]:       0.000     0.000   125.031   |c| =   125.031279
 CELL| Angle (b,c), alpha [degree]:                                    90.000000
 CELL| Angle (a,c), beta  [degree]:                                    90.000000
 CELL| Angle (a,b), gamma [degree]:                                    90.000000
 CELL| Requested initial symmetry:                                 TETRAGONAL_AB
 CELL| Numerically orthorhombic:                                             YES
 CELL| Periodicity                                                           XYZ
