
 CELL| Volume [angstrom^3]:                                          2170.569632
 CELL| Vector a [angstrom]:       4.167     0.000     0.000   |a| =     4.167042
 CELL| Vector b [angstrom]:       0.000     4.167     0.000   |b| =     4.167042
 CELL| Vector c [angstrom]:       0.000     0.000   125.002   |c| =   125.002298
 CELL| Angle (b,c), alpha [degree]:                                    90.000000
 CELL| Angle (a,c), beta  [degree]:                                    90.000000
 CELL| Angle (a,b), gamma [degree]:                                    90.000000
 CELL| Requested initial symmetry:                                 TETRAGONAL_AB
 CELL| Numerically orthorhombic:                                             YES
 CELL| Periodicity                                                           XYZ

 CELL| Volume [angstrom^3]:                                          2184.051462
 CELL| Vector a [angstrom]:       4.180     0.000     0.000   |a| =     4.179891
 CELL| Vector b [angstrom]:       0.000     4.180     0.000   |b| =     4.179891
 CELL| Vector c [angstrom]:       0.000     0.000   125.007   |c| =   125.006584
 CELL| Angle (b,c), alpha [degree]:                                    90.000000
 CELL| Angle (a,c), beta  [degree]:                                    90.000000
 CELL| Angle (a,b), gamma [degree]:                                    90.000000
 CELL| Requested initial symmetry:                                 TETRAGONAL_AB
 CELL| Numerically orthorhombic:                                             YES
 CELL| Periodicity                                                           XYZ

 CELL| Volume [angstrom^3]:                                          2164.310261
 CELL| Vector a [angstrom]:       4.161     0.000     0.000   |a| =     4.161053
 CELL| Vector b [angstrom]:       0.000     4.161     0.000   |b| =     4.161053
 CELL| Vector c [angstrom]:       0.000     0.000   125.001   |c| =   125.000841
 CELL| Angle (b,c), alpha [degree]:                                    90.000000
 CELL| Angle (a,c), beta  [degree]:                                    90.000000
 CELL| Angle (a,b), gamma [degree]:                                    90.000000
 CELL| Requested initial symmetry:                                 TETRAGONAL_AB
 CELL| Numerically orthorhombic:                                             YES
 CELL| Periodicity                                                           XYZ

 CELL| Volume [angstrom^3]:                                          2163.188820
 CELL| Vector a [angstrom]:       4.160     0.000     0.000   |a| =     4.159986
 CELL| Vector b [angstrom]:       0.000     4.160     0.000   |b| =     4.159986
 CELL| Vector c [angstrom]:       0.000     0.000   125.000   |c| =   125.000214
 CELL| Angle (b,c), alpha [degree]:                                    90.000000
 CELL| Angle (a,c), beta  [degree]:                                    90.000000
 CELL| Angle (a,b), gamma [degree]:                                    90.000000
 CELL| Requested initial symmetry:                                 TETRAGONAL_AB
 CELL| Numerically orthorhombic:                                             YES
 CELL| Periodicity                                                           XYZ

 CELL| Volume [angstrom^3]:                                          2162.758676
 CELL| Vector a [angstrom]:       4.159     0.000     0.000   |a| =     4.159028
 CELL| Vector b [angstrom]:       0.000     4.159     0.000   |b| =     4.159028
 CELL| Vector c [angstrom]:       0.000     0.000   125.033   |c| =   125.032942
 CELL| Angle (b,c), alpha [degree]:                                    90.000000
 CELL| Angle (a,c), beta  [degree]:                                    90.000000
 CELL| Angle (a,b), gamma [degree]:                                    90.000000
 CELL| Requested initial symmetry:                                 TETRAGONAL_AB
 CELL| Numerically orthorhombic:                                             YES
 CELL| Periodicity                                                           XYZ

 CELL| Volume [angstrom^3]:                                          2162.355213
 CELL| Vector a [angstrom]:       4.159     0.000     0.000   |a| =     4.159188
 CELL| Vector b [angstrom]:       0.000     4.159     0.000   |b| =     4.159188
 CELL| Vector c [angstrom]:       0.000     0.000   125.000   |c| =   124.999974
 CELL| Angle (b,c), alpha [degree]:                                    90.000000
 CELL| Angle (a,c), beta  [degree]:                                    90.000000
 CELL| Angle (a,b), gamma [degree]:                                    90.000000
 CELL| Requested initial symmetry:                                 TETRAGONAL_AB
 CELL| Numerically orthorhombic:                                             YES
 CELL| Periodicity                                                           XYZ

 CELL| Volume [angstrom^3]:                                          2162.401395
 CELL| Vector a [angstrom]:       4.159     0.000     0.000   |a| =     4.159232
 CELL| Vector b [angstrom]:       0.000     4.159     0.000   |b| =     4.159232
 CELL| Vector c [angstrom]:       0.000     0.000   125.000   |c| =   124.999998
 CELL| Angle (b,c), alpha [degree]:                                    90.000000
 CELL| Angle (a,c), beta  [degree]:                                    90.000000
 CELL| Angle (a,b), gamma [degree]:                                    90.000000
 CELL| Requested initial symmetry:                                 TETRAGONAL_AB
 CELL| Numerically orthorhombic:                                             YES
 CELL| Periodicity                                                           XYZ

 CELL| Volume [angstrom^3]:                                          2162.418903
 CELL| Vector a [angstrom]:       4.159     0.000     0.000   |a| =     4.159249
 CELL| Vector b [angstrom]:       0.000     4.159     0.000   |b| =     4.159249
 CELL| Vector c [angstrom]:       0.000     0.000   125.000   |c| =   124.999980
 CELL| Angle (b,c), alpha [degree]:                                    90.000000
 CELL| Angle (a,c), beta  [degree]:                                    90.000000
 CELL| Angle (a,b), gamma [degree]:                                    90.000000
 CELL| Requested initial symmetry:                                 TETRAGONAL_AB
 CELL| Numerically orthorhombic:                                             YES
 CELL| Periodicity                                                           XYZ

 CELL| Volume [angstrom^3]:                                          2162.454234
 CELL| Vector a [angstrom]:       4.159     0.000     0.000   |a| =     4.159283
 CELL| Vector b [angstrom]:       0.000     4.159     0.000   |b| =     4.159283
 CELL| Vector c [angstrom]:       0.000     0.000   125.000   |c| =   125.000009
 CELL| Angle (b,c), alpha [degree]:                                    90.000000
 CELL| Angle (a,c), beta  [degree]:                                    90.000000
 CELL| Angle (a,b), gamma [degree]:                                    90.000000
 CELL| Requested initial symmetry:                                 TETRAGONAL_AB
 CELL| Numerically orthorhombic:                                             YES
 CELL| Periodicity                                                           XYZ
