
 CELL| Volume [angstrom^3]:                                          2171.204133
 CELL| Vector a [angstrom]:       4.163     0.000     0.000   |a| =     4.163180
 CELL| Vector b [angstrom]:       0.000     4.163     0.000   |b| =     4.163180
 CELL| Vector c [angstrom]:       0.000     0.000   125.271   |c| =   125.270920
 CELL| Angle (b,c), alpha [degree]:                                    90.000000
 CELL| Angle (a,c), beta  [degree]:                                    90.000000
 CELL| Angle (a,b), gamma [degree]:                                    90.000000
 CELL| Requested initial symmetry:                                 TETRAGONAL_AB
 CELL| Numerically orthorhombic:                                             YES
 CELL| Periodicity                                                           XYZ

 CELL| Volume [angstrom^3]:                                          2163.803378
 CELL| Vector a [angstrom]:       4.160     0.000     0.000   |a| =     4.160021
 CELL| Vector b [angstrom]:       0.000     4.160     0.000   |b| =     4.160021
 CELL| Vector c [angstrom]:       0.000     0.000   125.034   |c| =   125.033603
 CELL| Angle (b,c), alpha [degree]:                                    90.000000
 CELL| Angle (a,c), beta  [degree]:                                    90.000000
 CELL| Angle (a,b), gamma [degree]:                                    90.000000
 CELL| Requested initial symmetry:                                 TETRAGONAL_AB
 CELL| Numerically orthorhombic:                                             YES
 CELL| Periodicity                                                           XYZ

 CELL| Volume [angstrom^3]:                                          2162.951117
 CELL| Vector a [angstrom]:       4.159     0.000     0.000   |a| =     4.159443
 CELL| Vector b [angstrom]:       0.000     4.159     0.000   |b| =     4.159443
 CELL| Vector c [angstrom]:       0.000     0.000   125.019   |c| =   125.019082
 CELL| Angle (b,c), alpha [degree]:                                    90.000000
 CELL| Angle (a,c), beta  [degree]:                                    90.000000
 CELL| Angle (a,b), gamma [degree]:                                    90.000000
 CELL| Requested initial symmetry:                                 TETRAGONAL_AB
 CELL| Numerically orthorhombic:                                             YES
 CELL| Periodicity                                                           XYZ
