
 CELL| Volume [angstrom^3]:                                          2171.420379
 CELL| Vector a [angstrom]:       4.163     0.000     0.000   |a| =     4.163320
 CELL| Vector b [angstrom]:       0.000     4.163     0.000   |b| =     4.163320
 CELL| Vector c [angstrom]:       0.000     0.000   125.275   |c| =   125.274989
 CELL| Angle (b,c), alpha [degree]:                                    90.000000
 CELL| Angle (a,c), beta  [degree]:                                    90.000000
 CELL| Angle (a,b), gamma [degree]:                                    90.000000
 CELL| Requested initial symmetry:                                 TETRAGONAL_AB
 CELL| Numerically orthorhombic:                                             YES
 CELL| Periodicity                                                           XYZ

 CELL| Volume [angstrom^3]:                                          2163.846511
 CELL| Vector a [angstrom]:       4.160     0.000     0.000   |a| =     4.160055
 CELL| Vector b [angstrom]:       0.000     4.160     0.000   |b| =     4.160055
 CELL| Vector c [angstrom]:       0.000     0.000   125.034   |c| =   125.034035
 CELL| Angle (b,c), alpha [degree]:                                    90.000000
 CELL| Angle (a,c), beta  [degree]:                                    90.000000
 CELL| Angle (a,b), gamma [degree]:                                    90.000000
 CELL| Requested initial symmetry:                                 TETRAGONAL_AB
 CELL| Numerically orthorhombic:                                             YES
 CELL| Periodicity                                                           XYZ

 CELL| Volume [angstrom^3]:                                          2162.956984
 CELL| Vector a [angstrom]:       4.159     0.000     0.000   |a| =     4.159444
 CELL| Vector b [angstrom]:       0.000     4.159     0.000   |b| =     4.159444
 CELL| Vector c [angstrom]:       0.000     0.000   125.019   |c| =   125.019391
 CELL| Angle (b,c), alpha [degree]:                                    90.000000
 CELL| Angle (a,c), beta  [degree]:                                    90.000000
 CELL| Angle (a,b), gamma [degree]:                                    90.000000
 CELL| Requested initial symmetry:                                 TETRAGONAL_AB
 CELL| Numerically orthorhombic:                                             YES
 CELL| Periodicity                                                           XYZ
