
 CELL| Volume [angstrom^3]:                                          2172.143188
 CELL| Vector a [angstrom]:       4.165     0.000     0.000   |a| =     4.164677
 CELL| Vector b [angstrom]:       0.000     4.165     0.000   |b| =     4.164677
 CELL| Vector c [angstrom]:       0.000     0.000   125.235   |c| =   125.235044
 CELL| Angle (b,c), alpha [degree]:                                    90.000000
 CELL| Angle (a,c), beta  [degree]:                                    90.000000
 CELL| Angle (a,b), gamma [degree]:                                    90.000000
 CELL| Requested initial symmetry:                                 TETRAGONAL_AB
 CELL| Numerically orthorhombic:                                             YES
 CELL| Periodicity                                                           XYZ

 CELL| Volume [angstrom^3]:                                          2163.918613
 CELL| Vector a [angstrom]:       4.160     0.000     0.000   |a| =     4.160201
 CELL| Vector b [angstrom]:       0.000     4.160     0.000   |b| =     4.160201
 CELL| Vector c [angstrom]:       0.000     0.000   125.029   |c| =   125.029459
 CELL| Angle (b,c), alpha [degree]:                                    90.000000
 CELL| Angle (a,c), beta  [degree]:                                    90.000000
 CELL| Angle (a,b), gamma [degree]:                                    90.000000
 CELL| Requested initial symmetry:                                 TETRAGONAL_AB
 CELL| Numerically orthorhombic:                                             YES
 CELL| Periodicity                                                           XYZ

 CELL| Volume [angstrom^3]:                                          2163.007040
 CELL| Vector a [angstrom]:       4.160     0.000     0.000   |a| =     4.159528
 CELL| Vector b [angstrom]:       0.000     4.160     0.000   |b| =     4.159528
 CELL| Vector c [angstrom]:       0.000     0.000   125.017   |c| =   125.017192
 CELL| Angle (b,c), alpha [degree]:                                    90.000000
 CELL| Angle (a,c), beta  [degree]:                                    90.000000
 CELL| Angle (a,b), gamma [degree]:                                    90.000000
 CELL| Requested initial symmetry:                                 TETRAGONAL_AB
 CELL| Numerically orthorhombic:                                             YES
 CELL| Periodicity                                                           XYZ
