
 CELL| Volume [angstrom^3]:                                          2172.987254
 CELL| Vector a [angstrom]:       4.167     0.000     0.000   |a| =     4.167237
 CELL| Vector b [angstrom]:       0.000     4.167     0.000   |b| =     4.167237
 CELL| Vector c [angstrom]:       0.000     0.000   125.130   |c| =   125.129821
 CELL| Angle (b,c), alpha [degree]:                                    90.000000
 CELL| Angle (a,c), beta  [degree]:                                    90.000000
 CELL| Angle (a,b), gamma [degree]:                                    90.000000
 CELL| Requested initial symmetry:                                 TETRAGONAL_AB
 CELL| Numerically orthorhombic:                                             YES
 CELL| Periodicity                                                           XYZ

 CELL| Volume [angstrom^3]:                                          2163.987936
 CELL| Vector a [angstrom]:       4.160     0.000     0.000   |a| =     4.160376
 CELL| Vector b [angstrom]:       0.000     4.160     0.000   |b| =     4.160376
 CELL| Vector c [angstrom]:       0.000     0.000   125.023   |c| =   125.022913
 CELL| Angle (b,c), alpha [degree]:                                    90.000000
 CELL| Angle (a,c), beta  [degree]:                                    90.000000
 CELL| Angle (a,b), gamma [degree]:                                    90.000000
 CELL| Requested initial symmetry:                                 TETRAGONAL_AB
 CELL| Numerically orthorhombic:                                             YES
 CELL| Periodicity                                                           XYZ

 CELL| Volume [angstrom^3]:                                          2163.028111
 CELL| Vector a [angstrom]:       4.160     0.000     0.000   |a| =     4.159617
 CELL| Vector b [angstrom]:       0.000     4.160     0.000   |b| =     4.159617
 CELL| Vector c [angstrom]:       0.000     0.000   125.013   |c| =   125.013070
 CELL| Angle (b,c), alpha [degree]:                                    90.000000
 CELL| Angle (a,c), beta  [degree]:                                    90.000000
 CELL| Angle (a,b), gamma [degree]:                                    90.000000
 CELL| Requested initial symmetry:                                 TETRAGONAL_AB
 CELL| Numerically orthorhombic:                                             YES
 CELL| Periodicity                                                           XYZ
