
 CELL| Volume [angstrom^3]:                                          2179.486627
 CELL| Vector a [angstrom]:       4.175     0.000     0.000   |a| =     4.175397
 CELL| Vector b [angstrom]:       0.000     4.175     0.000   |b| =     4.175397
 CELL| Vector c [angstrom]:       0.000     0.000   125.014   |c| =   125.014007
 CELL| Angle (b,c), alpha [degree]:                                    90.000000
 CELL| Angle (a,c), beta  [degree]:                                    90.000000
 CELL| Angle (a,b), gamma [degree]:                                    90.000000
 CELL| Requested initial symmetry:                                 TETRAGONAL_AB
 CELL| Numerically orthorhombic:                                             YES
 CELL| Periodicity                                                           XYZ

 CELL| Volume [angstrom^3]:                                          2164.542246
 CELL| Vector a [angstrom]:       4.161     0.000     0.000   |a| =     4.161230
 CELL| Vector b [angstrom]:       0.000     4.161     0.000   |b| =     4.161230
 CELL| Vector c [angstrom]:       0.000     0.000   125.004   |c| =   125.003651
 CELL| Angle (b,c), alpha [degree]:                                    90.000000
 CELL| Angle (a,c), beta  [degree]:                                    90.000000
 CELL| Angle (a,b), gamma [degree]:                                    90.000000
 CELL| Requested initial symmetry:                                 TETRAGONAL_AB
 CELL| Numerically orthorhombic:                                             YES
 CELL| Periodicity                                                           XYZ

 CELL| Volume [angstrom^3]:                                          2163.133039
 CELL| Vector a [angstrom]:       4.160     0.000     0.000   |a| =     4.159919
 CELL| Vector b [angstrom]:       0.000     4.160     0.000   |b| =     4.159919
 CELL| Vector c [angstrom]:       0.000     0.000   125.001   |c| =   125.000997
 CELL| Angle (b,c), alpha [degree]:                                    90.000000
 CELL| Angle (a,c), beta  [degree]:                                    90.000000
 CELL| Angle (a,b), gamma [degree]:                                    90.000000
 CELL| Requested initial symmetry:                                 TETRAGONAL_AB
 CELL| Numerically orthorhombic:                                             YES
 CELL| Periodicity                                                           XYZ

 CELL| Volume [angstrom^3]:                                          2162.767262
 CELL| Vector a [angstrom]:       4.159     0.000     0.000   |a| =     4.159042
 CELL| Vector b [angstrom]:       0.000     4.159     0.000   |b| =     4.159042
 CELL| Vector c [angstrom]:       0.000     0.000   125.033   |c| =   125.032574
 CELL| Angle (b,c), alpha [degree]:                                    90.000000
 CELL| Angle (a,c), beta  [degree]:                                    90.000000
 CELL| Angle (a,b), gamma [degree]:                                    90.000000
 CELL| Requested initial symmetry:                                 TETRAGONAL_AB
 CELL| Numerically orthorhombic:                                             YES
 CELL| Periodicity                                                           XYZ

 CELL| Volume [angstrom^3]:                                          2162.349197
 CELL| Vector a [angstrom]:       4.159     0.000     0.000   |a| =     4.159184
 CELL| Vector b [angstrom]:       0.000     4.159     0.000   |b| =     4.159184
 CELL| Vector c [angstrom]:       0.000     0.000   125.000   |c| =   124.999844
 CELL| Angle (b,c), alpha [degree]:                                    90.000000
 CELL| Angle (a,c), beta  [degree]:                                    90.000000
 CELL| Angle (a,b), gamma [degree]:                                    90.000000
 CELL| Requested initial symmetry:                                 TETRAGONAL_AB
 CELL| Numerically orthorhombic:                                             YES
 CELL| Periodicity                                                           XYZ

 CELL| Volume [angstrom^3]:                                          2162.479826
 CELL| Vector a [angstrom]:       4.159     0.000     0.000   |a| =     4.159309
 CELL| Vector b [angstrom]:       0.000     4.159     0.000   |b| =     4.159309
 CELL| Vector c [angstrom]:       0.000     0.000   125.000   |c| =   124.999888
 CELL| Angle (b,c), alpha [degree]:                                    90.000000
 CELL| Angle (a,c), beta  [degree]:                                    90.000000
 CELL| Angle (a,b), gamma [degree]:                                    90.000000
 CELL| Requested initial symmetry:                                 TETRAGONAL_AB
 CELL| Numerically orthorhombic:                                             YES
 CELL| Periodicity                                                           XYZ
