
 CELL| Volume [angstrom^3]:                                          2163.882535
 CELL| Vector a [angstrom]:       4.161     0.000     0.000   |a| =     4.160617
 CELL| Vector b [angstrom]:       0.000     4.161     0.000   |b| =     4.160617
 CELL| Vector c [angstrom]:       0.000     0.000   125.002   |c| =   125.002380
 CELL| Angle (b,c), alpha [degree]:                                    90.000000
 CELL| Angle (a,c), beta  [degree]:                                    90.000000
 CELL| Angle (a,b), gamma [degree]:                                    90.000000
 CELL| Requested initial symmetry:                                 TETRAGONAL_AB
 CELL| Numerically orthorhombic:                                             YES
 CELL| Periodicity                                                           XYZ

 CELL| Volume [angstrom^3]:                                          2177.102662
 CELL| Vector a [angstrom]:       4.173     0.000     0.000   |a| =     4.173219
 CELL| Vector b [angstrom]:       0.000     4.173     0.000   |b| =     4.173219
 CELL| Vector c [angstrom]:       0.000     0.000   125.008   |c| =   125.007642
 CELL| Angle (b,c), alpha [degree]:                                    90.000000
 CELL| Angle (a,c), beta  [degree]:                                    90.000000
 CELL| Angle (a,b), gamma [degree]:                                    90.000000
 CELL| Requested initial symmetry:                                 TETRAGONAL_AB
 CELL| Numerically orthorhombic:                                             YES
 CELL| Periodicity                                                           XYZ

 CELL| Volume [angstrom^3]:                                          2164.477064
 CELL| Vector a [angstrom]:       4.161     0.000     0.000   |a| =     4.161206
 CELL| Vector b [angstrom]:       0.000     4.161     0.000   |b| =     4.161206
 CELL| Vector c [angstrom]:       0.000     0.000   125.001   |c| =   125.001337
 CELL| Angle (b,c), alpha [degree]:                                    90.000000
 CELL| Angle (a,c), beta  [degree]:                                    90.000000
 CELL| Angle (a,b), gamma [degree]:                                    90.000000
 CELL| Requested initial symmetry:                                 TETRAGONAL_AB
 CELL| Numerically orthorhombic:                                             YES
 CELL| Periodicity                                                           XYZ

 CELL| Volume [angstrom^3]:                                          2163.202049
 CELL| Vector a [angstrom]:       4.160     0.000     0.000   |a| =     4.159996
 CELL| Vector b [angstrom]:       0.000     4.160     0.000   |b| =     4.159996
 CELL| Vector c [angstrom]:       0.000     0.000   125.000   |c| =   125.000332
 CELL| Angle (b,c), alpha [degree]:                                    90.000000
 CELL| Angle (a,c), beta  [degree]:                                    90.000000
 CELL| Angle (a,b), gamma [degree]:                                    90.000000
 CELL| Requested initial symmetry:                                 TETRAGONAL_AB
 CELL| Numerically orthorhombic:                                             YES
 CELL| Periodicity                                                           XYZ

 CELL| Volume [angstrom^3]:                                          2162.746522
 CELL| Vector a [angstrom]:       4.159     0.000     0.000   |a| =     4.159017
 CELL| Vector b [angstrom]:       0.000     4.159     0.000   |b| =     4.159017
 CELL| Vector c [angstrom]:       0.000     0.000   125.033   |c| =   125.032894
 CELL| Angle (b,c), alpha [degree]:                                    90.000000
 CELL| Angle (a,c), beta  [degree]:                                    90.000000
 CELL| Angle (a,b), gamma [degree]:                                    90.000000
 CELL| Requested initial symmetry:                                 TETRAGONAL_AB
 CELL| Numerically orthorhombic:                                             YES
 CELL| Periodicity                                                           XYZ

 CELL| Volume [angstrom^3]:                                          2162.378832
 CELL| Vector a [angstrom]:       4.159     0.000     0.000   |a| =     4.159211
 CELL| Vector b [angstrom]:       0.000     4.159     0.000   |b| =     4.159211
 CELL| Vector c [angstrom]:       0.000     0.000   125.000   |c| =   124.999954
 CELL| Angle (b,c), alpha [degree]:                                    90.000000
 CELL| Angle (a,c), beta  [degree]:                                    90.000000
 CELL| Angle (a,b), gamma [degree]:                                    90.000000
 CELL| Requested initial symmetry:                                 TETRAGONAL_AB
 CELL| Numerically orthorhombic:                                             YES
 CELL| Periodicity                                                           XYZ

 CELL| Volume [angstrom^3]:                                          2162.404527
 CELL| Vector a [angstrom]:       4.159     0.000     0.000   |a| =     4.159235
 CELL| Vector b [angstrom]:       0.000     4.159     0.000   |b| =     4.159235
 CELL| Vector c [angstrom]:       0.000     0.000   125.000   |c| =   124.999994
 CELL| Angle (b,c), alpha [degree]:                                    90.000000
 CELL| Angle (a,c), beta  [degree]:                                    90.000000
 CELL| Angle (a,b), gamma [degree]:                                    90.000000
 CELL| Requested initial symmetry:                                 TETRAGONAL_AB
 CELL| Numerically orthorhombic:                                             YES
 CELL| Periodicity                                                           XYZ

 CELL| Volume [angstrom^3]:                                          2162.414553
 CELL| Vector a [angstrom]:       4.159     0.000     0.000   |a| =     4.159245
 CELL| Vector b [angstrom]:       0.000     4.159     0.000   |b| =     4.159245
 CELL| Vector c [angstrom]:       0.000     0.000   125.000   |c| =   124.999966
 CELL| Angle (b,c), alpha [degree]:                                    90.000000
 CELL| Angle (a,c), beta  [degree]:                                    90.000000
 CELL| Angle (a,b), gamma [degree]:                                    90.000000
 CELL| Requested initial symmetry:                                 TETRAGONAL_AB
 CELL| Numerically orthorhombic:                                             YES
 CELL| Periodicity                                                           XYZ

 CELL| Volume [angstrom^3]:                                          2162.475123
 CELL| Vector a [angstrom]:       4.159     0.000     0.000   |a| =     4.159303
 CELL| Vector b [angstrom]:       0.000     4.159     0.000   |b| =     4.159303
 CELL| Vector c [angstrom]:       0.000     0.000   125.000   |c| =   125.000015
 CELL| Angle (b,c), alpha [degree]:                                    90.000000
 CELL| Angle (a,c), beta  [degree]:                                    90.000000
 CELL| Angle (a,b), gamma [degree]:                                    90.000000
 CELL| Requested initial symmetry:                                 TETRAGONAL_AB
 CELL| Numerically orthorhombic:                                             YES
 CELL| Periodicity                                                           XYZ
