
 CELL| Volume [angstrom^3]:                                          2173.578218
 CELL| Vector a [angstrom]:       4.168     0.000     0.000   |a| =     4.168197
 CELL| Vector b [angstrom]:       0.000     4.168     0.000   |b| =     4.168197
 CELL| Vector c [angstrom]:       0.000     0.000   125.106   |c| =   125.106181
 CELL| Angle (b,c), alpha [degree]:                                    90.000000
 CELL| Angle (a,c), beta  [degree]:                                    90.000000
 CELL| Angle (a,b), gamma [degree]:                                    90.000000
 CELL| Requested initial symmetry:                                 TETRAGONAL_AB
 CELL| Numerically orthorhombic:                                             YES
 CELL| Periodicity                                                           XYZ

 CELL| Volume [angstrom^3]:                                          2164.051480
 CELL| Vector a [angstrom]:       4.160     0.000     0.000   |a| =     4.160475
 CELL| Vector b [angstrom]:       0.000     4.160     0.000   |b| =     4.160475
 CELL| Vector c [angstrom]:       0.000     0.000   125.021   |c| =   125.020673
 CELL| Angle (b,c), alpha [degree]:                                    90.000000
 CELL| Angle (a,c), beta  [degree]:                                    90.000000
 CELL| Angle (a,b), gamma [degree]:                                    90.000000
 CELL| Requested initial symmetry:                                 TETRAGONAL_AB
 CELL| Numerically orthorhombic:                                             YES
 CELL| Periodicity                                                           XYZ

 CELL| Volume [angstrom^3]:                                          2163.043311
 CELL| Vector a [angstrom]:       4.160     0.000     0.000   |a| =     4.159653
 CELL| Vector b [angstrom]:       0.000     4.160     0.000   |b| =     4.159653
 CELL| Vector c [angstrom]:       0.000     0.000   125.012   |c| =   125.011771
 CELL| Angle (b,c), alpha [degree]:                                    90.000000
 CELL| Angle (a,c), beta  [degree]:                                    90.000000
 CELL| Angle (a,b), gamma [degree]:                                    90.000000
 CELL| Requested initial symmetry:                                 TETRAGONAL_AB
 CELL| Numerically orthorhombic:                                             YES
 CELL| Periodicity                                                           XYZ
