
 CELL| Volume [angstrom^3]:                                          2173.143327
 CELL| Vector a [angstrom]:       4.167     0.000     0.000   |a| =     4.166534
 CELL| Vector b [angstrom]:       0.000     4.167     0.000   |b| =     4.166534
 CELL| Vector c [angstrom]:       0.000     0.000   125.181   |c| =   125.181034
 CELL| Angle (b,c), alpha [degree]:                                    90.000000
 CELL| Angle (a,c), beta  [degree]:                                    90.000000
 CELL| Angle (a,b), gamma [degree]:                                    90.000000
 CELL| Requested initial symmetry:                                 TETRAGONAL_AB
 CELL| Numerically orthorhombic:                                             YES
 CELL| Periodicity                                                           XYZ

 CELL| Volume [angstrom^3]:                                          2163.971053
 CELL| Vector a [angstrom]:       4.160     0.000     0.000   |a| =     4.160336
 CELL| Vector b [angstrom]:       0.000     4.160     0.000   |b| =     4.160336
 CELL| Vector c [angstrom]:       0.000     0.000   125.024   |c| =   125.024365
 CELL| Angle (b,c), alpha [degree]:                                    90.000000
 CELL| Angle (a,c), beta  [degree]:                                    90.000000
 CELL| Angle (a,b), gamma [degree]:                                    90.000000
 CELL| Requested initial symmetry:                                 TETRAGONAL_AB
 CELL| Numerically orthorhombic:                                             YES
 CELL| Periodicity                                                           XYZ

 CELL| Volume [angstrom^3]:                                          2163.046497
 CELL| Vector a [angstrom]:       4.160     0.000     0.000   |a| =     4.159613
 CELL| Vector b [angstrom]:       0.000     4.160     0.000   |b| =     4.159613
 CELL| Vector c [angstrom]:       0.000     0.000   125.014   |c| =   125.014370
 CELL| Angle (b,c), alpha [degree]:                                    90.000000
 CELL| Angle (a,c), beta  [degree]:                                    90.000000
 CELL| Angle (a,b), gamma [degree]:                                    90.000000
 CELL| Requested initial symmetry:                                 TETRAGONAL_AB
 CELL| Numerically orthorhombic:                                             YES
 CELL| Periodicity                                                           XYZ
