
 CELL| Volume [angstrom^3]:                                          2174.452381
 CELL| Vector a [angstrom]:       4.169     0.000     0.000   |a| =     4.169416
 CELL| Vector b [angstrom]:       0.000     4.169     0.000   |b| =     4.169416
 CELL| Vector c [angstrom]:       0.000     0.000   125.083   |c| =   125.083344
 CELL| Angle (b,c), alpha [degree]:                                    90.000000
 CELL| Angle (a,c), beta  [degree]:                                    90.000000
 CELL| Angle (a,b), gamma [degree]:                                    90.000000
 CELL| Requested initial symmetry:                                 TETRAGONAL_AB
 CELL| Numerically orthorhombic:                                             YES
 CELL| Periodicity                                                           XYZ

 CELL| Volume [angstrom^3]:                                          2164.018266
 CELL| Vector a [angstrom]:       4.160     0.000     0.000   |a| =     4.160463
 CELL| Vector b [angstrom]:       0.000     4.160     0.000   |b| =     4.160463
 CELL| Vector c [angstrom]:       0.000     0.000   125.019   |c| =   125.019458
 CELL| Angle (b,c), alpha [degree]:                                    90.000000
 CELL| Angle (a,c), beta  [degree]:                                    90.000000
 CELL| Angle (a,b), gamma [degree]:                                    90.000000
 CELL| Requested initial symmetry:                                 TETRAGONAL_AB
 CELL| Numerically orthorhombic:                                             YES
 CELL| Periodicity                                                           XYZ

 CELL| Volume [angstrom^3]:                                          2163.036653
 CELL| Vector a [angstrom]:       4.160     0.000     0.000   |a| =     4.159687
 CELL| Vector b [angstrom]:       0.000     4.160     0.000   |b| =     4.159687
 CELL| Vector c [angstrom]:       0.000     0.000   125.009   |c| =   125.009401
 CELL| Angle (b,c), alpha [degree]:                                    90.000000
 CELL| Angle (a,c), beta  [degree]:                                    90.000000
 CELL| Angle (a,b), gamma [degree]:                                    90.000000
 CELL| Requested initial symmetry:                                 TETRAGONAL_AB
 CELL| Numerically orthorhombic:                                             YES
 CELL| Periodicity                                                           XYZ
