
 CELL| Volume [angstrom^3]:                                          2177.573265
 CELL| Vector a [angstrom]:       4.173     0.000     0.000   |a| =     4.173483
 CELL| Vector b [angstrom]:       0.000     4.173     0.000   |b| =     4.173483
 CELL| Vector c [angstrom]:       0.000     0.000   125.019   |c| =   125.018820
 CELL| Angle (b,c), alpha [degree]:                                    90.000000
 CELL| Angle (a,c), beta  [degree]:                                    90.000000
 CELL| Angle (a,b), gamma [degree]:                                    90.000000
 CELL| Requested initial symmetry:                                 TETRAGONAL_AB
 CELL| Numerically orthorhombic:                                             YES
 CELL| Periodicity                                                           XYZ

 CELL| Volume [angstrom^3]:                                          2164.396728
 CELL| Vector a [angstrom]:       4.161     0.000     0.000   |a| =     4.161050
 CELL| Vector b [angstrom]:       0.000     4.161     0.000   |b| =     4.161050
 CELL| Vector c [angstrom]:       0.000     0.000   125.006   |c| =   125.006016
 CELL| Angle (b,c), alpha [degree]:                                    90.000000
 CELL| Angle (a,c), beta  [degree]:                                    90.000000
 CELL| Angle (a,b), gamma [degree]:                                    90.000000
 CELL| Requested initial symmetry:                                 TETRAGONAL_AB
 CELL| Numerically orthorhombic:                                             YES
 CELL| Periodicity                                                           XYZ

 CELL| Volume [angstrom^3]:                                          2163.196955
 CELL| Vector a [angstrom]:       4.160     0.000     0.000   |a| =     4.159970
 CELL| Vector b [angstrom]:       0.000     4.160     0.000   |b| =     4.159970
 CELL| Vector c [angstrom]:       0.000     0.000   125.002   |c| =   125.001655
 CELL| Angle (b,c), alpha [degree]:                                    90.000000
 CELL| Angle (a,c), beta  [degree]:                                    90.000000
 CELL| Angle (a,b), gamma [degree]:                                    90.000000
 CELL| Requested initial symmetry:                                 TETRAGONAL_AB
 CELL| Numerically orthorhombic:                                             YES
 CELL| Periodicity                                                           XYZ

 CELL| Volume [angstrom^3]:                                          2162.790005
 CELL| Vector a [angstrom]:       4.159     0.000     0.000   |a| =     4.159070
 CELL| Vector b [angstrom]:       0.000     4.159     0.000   |b| =     4.159070
 CELL| Vector c [angstrom]:       0.000     0.000   125.032   |c| =   125.032231
 CELL| Angle (b,c), alpha [degree]:                                    90.000000
 CELL| Angle (a,c), beta  [degree]:                                    90.000000
 CELL| Angle (a,b), gamma [degree]:                                    90.000000
 CELL| Requested initial symmetry:                                 TETRAGONAL_AB
 CELL| Numerically orthorhombic:                                             YES
 CELL| Periodicity                                                           XYZ
