
 CELL| Volume [angstrom^3]:                                          2188.684616
 CELL| Vector a [angstrom]:       4.184     0.000     0.000   |a| =     4.184397
 CELL| Vector b [angstrom]:       0.000     4.184     0.000   |b| =     4.184397
 CELL| Vector c [angstrom]:       0.000     0.000   125.002   |c| =   125.002103
 CELL| Angle (b,c), alpha [degree]:                                    90.000000
 CELL| Angle (a,c), beta  [degree]:                                    90.000000
 CELL| Angle (a,b), gamma [degree]:                                    90.000000
 CELL| Requested initial symmetry:                                 TETRAGONAL_AB
 CELL| Numerically orthorhombic:                                             YES
 CELL| Periodicity                                                           XYZ

 CELL| Volume [angstrom^3]:                                          2171.838412
 CELL| Vector a [angstrom]:       4.168     0.000     0.000   |a| =     4.168228
 CELL| Vector b [angstrom]:       0.000     4.168     0.000   |b| =     4.168228
 CELL| Vector c [angstrom]:       0.000     0.000   125.004   |c| =   125.004177
 CELL| Angle (b,c), alpha [degree]:                                    90.000000
 CELL| Angle (a,c), beta  [degree]:                                    90.000000
 CELL| Angle (a,b), gamma [degree]:                                    90.000000
 CELL| Requested initial symmetry:                                 TETRAGONAL_AB
 CELL| Numerically orthorhombic:                                             YES
 CELL| Periodicity                                                           XYZ

 CELL| Volume [angstrom^3]:                                          2171.838412
 CELL| Vector a [angstrom]:       4.168     0.000     0.000   |a| =     4.168228
 CELL| Vector b [angstrom]:       0.000     4.168     0.000   |b| =     4.168228
 CELL| Vector c [angstrom]:       0.000     0.000   125.004   |c| =   125.004177
 CELL| Angle (b,c), alpha [degree]:                                    90.000000
 CELL| Angle (a,c), beta  [degree]:                                    90.000000
 CELL| Angle (a,b), gamma [degree]:                                    90.000000
 CELL| Requested initial symmetry:                                 TETRAGONAL_AB
 CELL| Numerically orthorhombic:                                             YES
 CELL| Periodicity                                                           XYZ

 CELL| Volume [angstrom^3]:                                          2164.470384
 CELL| Vector a [angstrom]:       4.161     0.000     0.000   |a| =     4.161219
 CELL| Vector b [angstrom]:       0.000     4.161     0.000   |b| =     4.161219
 CELL| Vector c [angstrom]:       0.000     0.000   125.000   |c| =   125.000117
 CELL| Angle (b,c), alpha [degree]:                                    90.000000
 CELL| Angle (a,c), beta  [degree]:                                    90.000000
 CELL| Angle (a,b), gamma [degree]:                                    90.000000
 CELL| Requested initial symmetry:                                 TETRAGONAL_AB
 CELL| Numerically orthorhombic:                                             YES
 CELL| Periodicity                                                           XYZ

 CELL| Volume [angstrom^3]:                                          2163.212433
 CELL| Vector a [angstrom]:       4.160     0.000     0.000   |a| =     4.160012
 CELL| Vector b [angstrom]:       0.000     4.160     0.000   |b| =     4.160012
 CELL| Vector c [angstrom]:       0.000     0.000   125.000   |c| =   125.000016
 CELL| Angle (b,c), alpha [degree]:                                    90.000000
 CELL| Angle (a,c), beta  [degree]:                                    90.000000
 CELL| Angle (a,b), gamma [degree]:                                    90.000000
 CELL| Requested initial symmetry:                                 TETRAGONAL_AB
 CELL| Numerically orthorhombic:                                             YES
 CELL| Periodicity                                                           XYZ

 CELL| Volume [angstrom^3]:                                          2162.775197
 CELL| Vector a [angstrom]:       4.159     0.000     0.000   |a| =     4.159043
 CELL| Vector b [angstrom]:       0.000     4.159     0.000   |b| =     4.159043
 CELL| Vector c [angstrom]:       0.000     0.000   125.033   |c| =   125.032994
 CELL| Angle (b,c), alpha [degree]:                                    90.000000
 CELL| Angle (a,c), beta  [degree]:                                    90.000000
 CELL| Angle (a,b), gamma [degree]:                                    90.000000
 CELL| Requested initial symmetry:                                 TETRAGONAL_AB
 CELL| Numerically orthorhombic:                                             YES
 CELL| Periodicity                                                           XYZ

 CELL| Volume [angstrom^3]:                                          2162.388379
 CELL| Vector a [angstrom]:       4.159     0.000     0.000   |a| =     4.159220
 CELL| Vector b [angstrom]:       0.000     4.159     0.000   |b| =     4.159220
 CELL| Vector c [angstrom]:       0.000     0.000   125.000   |c| =   124.999999
 CELL| Angle (b,c), alpha [degree]:                                    90.000000
 CELL| Angle (a,c), beta  [degree]:                                    90.000000
 CELL| Angle (a,b), gamma [degree]:                                    90.000000
 CELL| Requested initial symmetry:                                 TETRAGONAL_AB
 CELL| Numerically orthorhombic:                                             YES
 CELL| Periodicity                                                           XYZ

 CELL| Volume [angstrom^3]:                                          2162.405410
 CELL| Vector a [angstrom]:       4.159     0.000     0.000   |a| =     4.159236
 CELL| Vector b [angstrom]:       0.000     4.159     0.000   |b| =     4.159236
 CELL| Vector c [angstrom]:       0.000     0.000   125.000   |c| =   125.000000
 CELL| Angle (b,c), alpha [degree]:                                    90.000000
 CELL| Angle (a,c), beta  [degree]:                                    90.000000
 CELL| Angle (a,b), gamma [degree]:                                    90.000000
 CELL| Requested initial symmetry:                                 TETRAGONAL_AB
 CELL| Numerically orthorhombic:                                             YES
 CELL| Periodicity                                                           XYZ

 CELL| Volume [angstrom^3]:                                          2162.418912
 CELL| Vector a [angstrom]:       4.159     0.000     0.000   |a| =     4.159249
 CELL| Vector b [angstrom]:       0.000     4.159     0.000   |b| =     4.159249
 CELL| Vector c [angstrom]:       0.000     0.000   125.000   |c| =   124.999997
 CELL| Angle (b,c), alpha [degree]:                                    90.000000
 CELL| Angle (a,c), beta  [degree]:                                    90.000000
 CELL| Angle (a,b), gamma [degree]:                                    90.000000
 CELL| Requested initial symmetry:                                 TETRAGONAL_AB
 CELL| Numerically orthorhombic:                                             YES
 CELL| Periodicity                                                           XYZ

 CELL| Volume [angstrom^3]:                                          2162.474540
 CELL| Vector a [angstrom]:       4.159     0.000     0.000   |a| =     4.159302
 CELL| Vector b [angstrom]:       0.000     4.159     0.000   |b| =     4.159302
 CELL| Vector c [angstrom]:       0.000     0.000   125.000   |c| =   125.000001
 CELL| Angle (b,c), alpha [degree]:                                    90.000000
 CELL| Angle (a,c), beta  [degree]:                                    90.000000
 CELL| Angle (a,b), gamma [degree]:                                    90.000000
 CELL| Requested initial symmetry:                                 TETRAGONAL_AB
 CELL| Numerically orthorhombic:                                             YES
 CELL| Periodicity                                                           XYZ
