
 CELL| Volume [angstrom^3]:                                          2170.841876
 CELL| Vector a [angstrom]:       4.162     0.000     0.000   |a| =     4.162219
 CELL| Vector b [angstrom]:       0.000     4.162     0.000   |b| =     4.162219
 CELL| Vector c [angstrom]:       0.000     0.000   125.308   |c| =   125.307890
 CELL| Angle (b,c), alpha [degree]:                                    90.000000
 CELL| Angle (a,c), beta  [degree]:                                    90.000000
 CELL| Angle (a,b), gamma [degree]:                                    90.000000
 CELL| Requested initial symmetry:                                 TETRAGONAL_AB
 CELL| Numerically orthorhombic:                                             YES
 CELL| Periodicity                                                           XYZ

 CELL| Volume [angstrom^3]:                                          2162.917958
 CELL| Vector a [angstrom]:       4.159     0.000     0.000   |a| =     4.159321
 CELL| Vector b [angstrom]:       0.000     4.159     0.000   |b| =     4.159321
 CELL| Vector c [angstrom]:       0.000     0.000   125.025   |c| =   125.024506
 CELL| Angle (b,c), alpha [degree]:                                    90.000000
 CELL| Angle (a,c), beta  [degree]:                                    90.000000
 CELL| Angle (a,b), gamma [degree]:                                    90.000000
 CELL| Requested initial symmetry:                                 TETRAGONAL_AB
 CELL| Numerically orthorhombic:                                             YES
 CELL| Periodicity                                                           XYZ
