
 CELL| Volume [angstrom^3]:                                          2180.319618
 CELL| Vector a [angstrom]:       4.176     0.000     0.000   |a| =     4.176370
 CELL| Vector b [angstrom]:       0.000     4.176     0.000   |b| =     4.176370
 CELL| Vector c [angstrom]:       0.000     0.000   125.004   |c| =   125.003512
 CELL| Angle (b,c), alpha [degree]:                                    90.000000
 CELL| Angle (a,c), beta  [degree]:                                    90.000000
 CELL| Angle (a,b), gamma [degree]:                                    90.000000
 CELL| Requested initial symmetry:                                 TETRAGONAL_AB
 CELL| Numerically orthorhombic:                                             YES
 CELL| Periodicity                                                           XYZ

 CELL| Volume [angstrom^3]:                                          2173.599475
 CELL| Vector a [angstrom]:       4.170     0.000     0.000   |a| =     4.169805
 CELL| Vector b [angstrom]:       0.000     4.170     0.000   |b| =     4.169805
 CELL| Vector c [angstrom]:       0.000     0.000   125.011   |c| =   125.010918
 CELL| Angle (b,c), alpha [degree]:                                    90.000000
 CELL| Angle (a,c), beta  [degree]:                                    90.000000
 CELL| Angle (a,b), gamma [degree]:                                    90.000000
 CELL| Requested initial symmetry:                                 TETRAGONAL_AB
 CELL| Numerically orthorhombic:                                             YES
 CELL| Periodicity                                                           XYZ

 CELL| Volume [angstrom^3]:                                          2164.394390
 CELL| Vector a [angstrom]:       4.161     0.000     0.000   |a| =     4.161112
 CELL| Vector b [angstrom]:       0.000     4.161     0.000   |b| =     4.161112
 CELL| Vector c [angstrom]:       0.000     0.000   125.002   |c| =   125.002209
 CELL| Angle (b,c), alpha [degree]:                                    90.000000
 CELL| Angle (a,c), beta  [degree]:                                    90.000000
 CELL| Angle (a,b), gamma [degree]:                                    90.000000
 CELL| Requested initial symmetry:                                 TETRAGONAL_AB
 CELL| Numerically orthorhombic:                                             YES
 CELL| Periodicity                                                           XYZ

 CELL| Volume [angstrom^3]:                                          2163.197770
 CELL| Vector a [angstrom]:       4.160     0.000     0.000   |a| =     4.159987
 CELL| Vector b [angstrom]:       0.000     4.160     0.000   |b| =     4.159987
 CELL| Vector c [angstrom]:       0.000     0.000   125.001   |c| =   125.000675
 CELL| Angle (b,c), alpha [degree]:                                    90.000000
 CELL| Angle (a,c), beta  [degree]:                                    90.000000
 CELL| Angle (a,b), gamma [degree]:                                    90.000000
 CELL| Requested initial symmetry:                                 TETRAGONAL_AB
 CELL| Numerically orthorhombic:                                             YES
 CELL| Periodicity                                                           XYZ

 CELL| Volume [angstrom^3]:                                          2162.795613
 CELL| Vector a [angstrom]:       4.159     0.000     0.000   |a| =     4.159066
 CELL| Vector b [angstrom]:       0.000     4.159     0.000   |b| =     4.159066
 CELL| Vector c [angstrom]:       0.000     0.000   125.033   |c| =   125.032780
 CELL| Angle (b,c), alpha [degree]:                                    90.000000
 CELL| Angle (a,c), beta  [degree]:                                    90.000000
 CELL| Angle (a,b), gamma [degree]:                                    90.000000
 CELL| Requested initial symmetry:                                 TETRAGONAL_AB
 CELL| Numerically orthorhombic:                                             YES
 CELL| Periodicity                                                           XYZ

 CELL| Volume [angstrom^3]:                                          2162.418816
 CELL| Vector a [angstrom]:       4.159     0.000     0.000   |a| =     4.159250
 CELL| Vector b [angstrom]:       0.000     4.159     0.000   |b| =     4.159250
 CELL| Vector c [angstrom]:       0.000     0.000   125.000   |c| =   124.999908
 CELL| Angle (b,c), alpha [degree]:                                    90.000000
 CELL| Angle (a,c), beta  [degree]:                                    90.000000
 CELL| Angle (a,b), gamma [degree]:                                    90.000000
 CELL| Requested initial symmetry:                                 TETRAGONAL_AB
 CELL| Numerically orthorhombic:                                             YES
 CELL| Periodicity                                                           XYZ

 CELL| Volume [angstrom^3]:                                          2162.414264
 CELL| Vector a [angstrom]:       4.159     0.000     0.000   |a| =     4.159245
 CELL| Vector b [angstrom]:       0.000     4.159     0.000   |b| =     4.159245
 CELL| Vector c [angstrom]:       0.000     0.000   125.000   |c| =   124.999978
 CELL| Angle (b,c), alpha [degree]:                                    90.000000
 CELL| Angle (a,c), beta  [degree]:                                    90.000000
 CELL| Angle (a,b), gamma [degree]:                                    90.000000
 CELL| Requested initial symmetry:                                 TETRAGONAL_AB
 CELL| Numerically orthorhombic:                                             YES
 CELL| Periodicity                                                           XYZ

 CELL| Volume [angstrom^3]:                                          2162.458666
 CELL| Vector a [angstrom]:       4.159     0.000     0.000   |a| =     4.159288
 CELL| Vector b [angstrom]:       0.000     4.159     0.000   |b| =     4.159288
 CELL| Vector c [angstrom]:       0.000     0.000   125.000   |c| =   124.999947
 CELL| Angle (b,c), alpha [degree]:                                    90.000000
 CELL| Angle (a,c), beta  [degree]:                                    90.000000
 CELL| Angle (a,b), gamma [degree]:                                    90.000000
 CELL| Requested initial symmetry:                                 TETRAGONAL_AB
 CELL| Numerically orthorhombic:                                             YES
 CELL| Periodicity                                                           XYZ

 CELL| Volume [angstrom^3]:                                          2162.487102
 CELL| Vector a [angstrom]:       4.159     0.000     0.000   |a| =     4.159314
 CELL| Vector b [angstrom]:       0.000     4.159     0.000   |b| =     4.159314
 CELL| Vector c [angstrom]:       0.000     0.000   125.000   |c| =   125.000029
 CELL| Angle (b,c), alpha [degree]:                                    90.000000
 CELL| Angle (a,c), beta  [degree]:                                    90.000000
 CELL| Angle (a,b), gamma [degree]:                                    90.000000
 CELL| Requested initial symmetry:                                 TETRAGONAL_AB
 CELL| Numerically orthorhombic:                                             YES
 CELL| Periodicity                                                           XYZ
