
 CELL| Volume [angstrom^3]:                                          2171.028561
 CELL| Vector a [angstrom]:       4.163     0.000     0.000   |a| =     4.163127
 CELL| Vector b [angstrom]:       0.000     4.163     0.000   |b| =     4.163127
 CELL| Vector c [angstrom]:       0.000     0.000   125.264   |c| =   125.263972
 CELL| Angle (b,c), alpha [degree]:                                    90.000000
 CELL| Angle (a,c), beta  [degree]:                                    90.000000
 CELL| Angle (a,b), gamma [degree]:                                    90.000000
 CELL| Requested initial symmetry:                                 TETRAGONAL_AB
 CELL| Numerically orthorhombic:                                             YES
 CELL| Periodicity                                                           XYZ

 CELL| Volume [angstrom^3]:                                          2163.765915
 CELL| Vector a [angstrom]:       4.160     0.000     0.000   |a| =     4.159994
 CELL| Vector b [angstrom]:       0.000     4.160     0.000   |b| =     4.159994
 CELL| Vector c [angstrom]:       0.000     0.000   125.033   |c| =   125.033051
 CELL| Angle (b,c), alpha [degree]:                                    90.000000
 CELL| Angle (a,c), beta  [degree]:                                    90.000000
 CELL| Angle (a,b), gamma [degree]:                                    90.000000
 CELL| Requested initial symmetry:                                 TETRAGONAL_AB
 CELL| Numerically orthorhombic:                                             YES
 CELL| Periodicity                                                           XYZ

 CELL| Volume [angstrom^3]:                                          2162.947768
 CELL| Vector a [angstrom]:       4.159     0.000     0.000   |a| =     4.159445
 CELL| Vector b [angstrom]:       0.000     4.159     0.000   |b| =     4.159445
 CELL| Vector c [angstrom]:       0.000     0.000   125.019   |c| =   125.018808
 CELL| Angle (b,c), alpha [degree]:                                    90.000000
 CELL| Angle (a,c), beta  [degree]:                                    90.000000
 CELL| Angle (a,b), gamma [degree]:                                    90.000000
 CELL| Requested initial symmetry:                                 TETRAGONAL_AB
 CELL| Numerically orthorhombic:                                             YES
 CELL| Periodicity                                                           XYZ
