
 CELL| Volume [angstrom^3]:                                          2174.923131
 CELL| Vector a [angstrom]:       4.170     0.000     0.000   |a| =     4.170052
 CELL| Vector b [angstrom]:       0.000     4.170     0.000   |b| =     4.170052
 CELL| Vector c [angstrom]:       0.000     0.000   125.072   |c| =   125.072258
 CELL| Angle (b,c), alpha [degree]:                                    90.000000
 CELL| Angle (a,c), beta  [degree]:                                    90.000000
 CELL| Angle (a,b), gamma [degree]:                                    90.000000
 CELL| Requested initial symmetry:                                 TETRAGONAL_AB
 CELL| Numerically orthorhombic:                                             YES
 CELL| Periodicity                                                           XYZ

 CELL| Volume [angstrom^3]:                                          2164.023697
 CELL| Vector a [angstrom]:       4.160     0.000     0.000   |a| =     4.160489
 CELL| Vector b [angstrom]:       0.000     4.160     0.000   |b| =     4.160489
 CELL| Vector c [angstrom]:       0.000     0.000   125.018   |c| =   125.018177
 CELL| Angle (b,c), alpha [degree]:                                    90.000000
 CELL| Angle (a,c), beta  [degree]:                                    90.000000
 CELL| Angle (a,b), gamma [degree]:                                    90.000000
 CELL| Requested initial symmetry:                                 TETRAGONAL_AB
 CELL| Numerically orthorhombic:                                             YES
 CELL| Periodicity                                                           XYZ

 CELL| Volume [angstrom^3]:                                          2163.088570
 CELL| Vector a [angstrom]:       4.160     0.000     0.000   |a| =     4.159773
 CELL| Vector b [angstrom]:       0.000     4.160     0.000   |b| =     4.159773
 CELL| Vector c [angstrom]:       0.000     0.000   125.007   |c| =   125.007212
 CELL| Angle (b,c), alpha [degree]:                                    90.000000
 CELL| Angle (a,c), beta  [degree]:                                    90.000000
 CELL| Angle (a,b), gamma [degree]:                                    90.000000
 CELL| Requested initial symmetry:                                 TETRAGONAL_AB
 CELL| Numerically orthorhombic:                                             YES
 CELL| Periodicity                                                           XYZ

 CELL| Volume [angstrom^3]:                                          2162.766858
 CELL| Vector a [angstrom]:       4.159     0.000     0.000   |a| =     4.159157
 CELL| Vector b [angstrom]:       0.000     4.159     0.000   |b| =     4.159157
 CELL| Vector c [angstrom]:       0.000     0.000   125.026   |c| =   125.025616
 CELL| Angle (b,c), alpha [degree]:                                    90.000000
 CELL| Angle (a,c), beta  [degree]:                                    90.000000
 CELL| Angle (a,b), gamma [degree]:                                    90.000000
 CELL| Requested initial symmetry:                                 TETRAGONAL_AB
 CELL| Numerically orthorhombic:                                             YES
 CELL| Periodicity                                                           XYZ
