
 CELL| Volume [angstrom^3]:                                          2171.593058
 CELL| Vector a [angstrom]:       4.163     0.000     0.000   |a| =     4.163382
 CELL| Vector b [angstrom]:       0.000     4.163     0.000   |b| =     4.163382
 CELL| Vector c [angstrom]:       0.000     0.000   125.281   |c| =   125.281176
 CELL| Angle (b,c), alpha [degree]:                                    90.000000
 CELL| Angle (a,c), beta  [degree]:                                    90.000000
 CELL| Angle (a,b), gamma [degree]:                                    90.000000
 CELL| Requested initial symmetry:                                 TETRAGONAL_AB
 CELL| Numerically orthorhombic:                                             YES
 CELL| Periodicity                                                           XYZ

 CELL| Volume [angstrom^3]:                                          2163.883070
 CELL| Vector a [angstrom]:       4.160     0.000     0.000   |a| =     4.160074
 CELL| Vector b [angstrom]:       0.000     4.160     0.000   |b| =     4.160074
 CELL| Vector c [angstrom]:       0.000     0.000   125.035   |c| =   125.035018
 CELL| Angle (b,c), alpha [degree]:                                    90.000000
 CELL| Angle (a,c), beta  [degree]:                                    90.000000
 CELL| Angle (a,b), gamma [degree]:                                    90.000000
 CELL| Requested initial symmetry:                                 TETRAGONAL_AB
 CELL| Numerically orthorhombic:                                             YES
 CELL| Periodicity                                                           XYZ

 CELL| Volume [angstrom^3]:                                          2162.958803
 CELL| Vector a [angstrom]:       4.159     0.000     0.000   |a| =     4.159434
 CELL| Vector b [angstrom]:       0.000     4.159     0.000   |b| =     4.159434
 CELL| Vector c [angstrom]:       0.000     0.000   125.020   |c| =   125.020095
 CELL| Angle (b,c), alpha [degree]:                                    90.000000
 CELL| Angle (a,c), beta  [degree]:                                    90.000000
 CELL| Angle (a,b), gamma [degree]:                                    90.000000
 CELL| Requested initial symmetry:                                 TETRAGONAL_AB
 CELL| Numerically orthorhombic:                                             YES
 CELL| Periodicity                                                           XYZ
