
 CELL| Volume [angstrom^3]:                                          2175.487981
 CELL| Vector a [angstrom]:       4.171     0.000     0.000   |a| =     4.171388
 CELL| Vector b [angstrom]:       0.000     4.171     0.000   |b| =     4.171388
 CELL| Vector c [angstrom]:       0.000     0.000   125.025   |c| =   125.024615
 CELL| Angle (b,c), alpha [degree]:                                    90.000000
 CELL| Angle (a,c), beta  [degree]:                                    90.000000
 CELL| Angle (a,b), gamma [degree]:                                    90.000000
 CELL| Requested initial symmetry:                                 TETRAGONAL_AB
 CELL| Numerically orthorhombic:                                             YES
 CELL| Periodicity                                                           XYZ

 CELL| Volume [angstrom^3]:                                          2164.316444
 CELL| Vector a [angstrom]:       4.161     0.000     0.000   |a| =     4.160929
 CELL| Vector b [angstrom]:       0.000     4.161     0.000   |b| =     4.160929
 CELL| Vector c [angstrom]:       0.000     0.000   125.009   |c| =   125.008690
 CELL| Angle (b,c), alpha [degree]:                                    90.000000
 CELL| Angle (a,c), beta  [degree]:                                    90.000000
 CELL| Angle (a,b), gamma [degree]:                                    90.000000
 CELL| Requested initial symmetry:                                 TETRAGONAL_AB
 CELL| Numerically orthorhombic:                                             YES
 CELL| Periodicity                                                           XYZ

 CELL| Volume [angstrom^3]:                                          2163.122797
 CELL| Vector a [angstrom]:       4.160     0.000     0.000   |a| =     4.159887
 CELL| Vector b [angstrom]:       0.000     4.160     0.000   |b| =     4.159887
 CELL| Vector c [angstrom]:       0.000     0.000   125.002   |c| =   125.002343
 CELL| Angle (b,c), alpha [degree]:                                    90.000000
 CELL| Angle (a,c), beta  [degree]:                                    90.000000
 CELL| Angle (a,b), gamma [degree]:                                    90.000000
 CELL| Requested initial symmetry:                                 TETRAGONAL_AB
 CELL| Numerically orthorhombic:                                             YES
 CELL| Periodicity                                                           XYZ

 CELL| Volume [angstrom^3]:                                          2162.782871
 CELL| Vector a [angstrom]:       4.159     0.000     0.000   |a| =     4.159070
 CELL| Vector b [angstrom]:       0.000     4.159     0.000   |b| =     4.159070
 CELL| Vector c [angstrom]:       0.000     0.000   125.032   |c| =   125.031815
 CELL| Angle (b,c), alpha [degree]:                                    90.000000
 CELL| Angle (a,c), beta  [degree]:                                    90.000000
 CELL| Angle (a,b), gamma [degree]:                                    90.000000
 CELL| Requested initial symmetry:                                 TETRAGONAL_AB
 CELL| Numerically orthorhombic:                                             YES
 CELL| Periodicity                                                           XYZ
