
 CELL| Volume [angstrom^3]:                                          2172.821962
 CELL| Vector a [angstrom]:       4.167     0.000     0.000   |a| =     4.167220
 CELL| Vector b [angstrom]:       0.000     4.167     0.000   |b| =     4.167220
 CELL| Vector c [angstrom]:       0.000     0.000   125.121   |c| =   125.121323
 CELL| Angle (b,c), alpha [degree]:                                    90.000000
 CELL| Angle (a,c), beta  [degree]:                                    90.000000
 CELL| Angle (a,b), gamma [degree]:                                    90.000000
 CELL| Requested initial symmetry:                                 TETRAGONAL_AB
 CELL| Numerically orthorhombic:                                             YES
 CELL| Periodicity                                                           XYZ

 CELL| Volume [angstrom^3]:                                          2164.024371
 CELL| Vector a [angstrom]:       4.160     0.000     0.000   |a| =     4.160419
 CELL| Vector b [angstrom]:       0.000     4.160     0.000   |b| =     4.160419
 CELL| Vector c [angstrom]:       0.000     0.000   125.022   |c| =   125.022447
 CELL| Angle (b,c), alpha [degree]:                                    90.000000
 CELL| Angle (a,c), beta  [degree]:                                    90.000000
 CELL| Angle (a,b), gamma [degree]:                                    90.000000
 CELL| Requested initial symmetry:                                 TETRAGONAL_AB
 CELL| Numerically orthorhombic:                                             YES
 CELL| Periodicity                                                           XYZ

 CELL| Volume [angstrom^3]:                                          2163.019535
 CELL| Vector a [angstrom]:       4.160     0.000     0.000   |a| =     4.159615
 CELL| Vector b [angstrom]:       0.000     4.160     0.000   |b| =     4.159615
 CELL| Vector c [angstrom]:       0.000     0.000   125.013   |c| =   125.012727
 CELL| Angle (b,c), alpha [degree]:                                    90.000000
 CELL| Angle (a,c), beta  [degree]:                                    90.000000
 CELL| Angle (a,b), gamma [degree]:                                    90.000000
 CELL| Requested initial symmetry:                                 TETRAGONAL_AB
 CELL| Numerically orthorhombic:                                             YES
 CELL| Periodicity                                                           XYZ
