
 CELL| Volume [angstrom^3]:                                          2176.567704
 CELL| Vector a [angstrom]:       4.173     0.000     0.000   |a| =     4.172555
 CELL| Vector b [angstrom]:       0.000     4.173     0.000   |b| =     4.172555
 CELL| Vector c [angstrom]:       0.000     0.000   125.017   |c| =   125.016696
 CELL| Angle (b,c), alpha [degree]:                                    90.000000
 CELL| Angle (a,c), beta  [degree]:                                    90.000000
 CELL| Angle (a,b), gamma [degree]:                                    90.000000
 CELL| Requested initial symmetry:                                 TETRAGONAL_AB
 CELL| Numerically orthorhombic:                                             YES
 CELL| Periodicity                                                           XYZ

 CELL| Volume [angstrom^3]:                                          2164.652457
 CELL| Vector a [angstrom]:       4.161     0.000     0.000   |a| =     4.161312
 CELL| Vector b [angstrom]:       0.000     4.161     0.000   |b| =     4.161312
 CELL| Vector c [angstrom]:       0.000     0.000   125.005   |c| =   125.005071
 CELL| Angle (b,c), alpha [degree]:                                    90.000000
 CELL| Angle (a,c), beta  [degree]:                                    90.000000
 CELL| Angle (a,b), gamma [degree]:                                    90.000000
 CELL| Requested initial symmetry:                                 TETRAGONAL_AB
 CELL| Numerically orthorhombic:                                             YES
 CELL| Periodicity                                                           XYZ

 CELL| Volume [angstrom^3]:                                          2163.192687
 CELL| Vector a [angstrom]:       4.160     0.000     0.000   |a| =     4.159969
 CELL| Vector b [angstrom]:       0.000     4.160     0.000   |b| =     4.159969
 CELL| Vector c [angstrom]:       0.000     0.000   125.001   |c| =   125.001419
 CELL| Angle (b,c), alpha [degree]:                                    90.000000
 CELL| Angle (a,c), beta  [degree]:                                    90.000000
 CELL| Angle (a,b), gamma [degree]:                                    90.000000
 CELL| Requested initial symmetry:                                 TETRAGONAL_AB
 CELL| Numerically orthorhombic:                                             YES
 CELL| Periodicity                                                           XYZ

 CELL| Volume [angstrom^3]:                                          2162.792737
 CELL| Vector a [angstrom]:       4.159     0.000     0.000   |a| =     4.159070
 CELL| Vector b [angstrom]:       0.000     4.159     0.000   |b| =     4.159070
 CELL| Vector c [angstrom]:       0.000     0.000   125.032   |c| =   125.032356
 CELL| Angle (b,c), alpha [degree]:                                    90.000000
 CELL| Angle (a,c), beta  [degree]:                                    90.000000
 CELL| Angle (a,b), gamma [degree]:                                    90.000000
 CELL| Requested initial symmetry:                                 TETRAGONAL_AB
 CELL| Numerically orthorhombic:                                             YES
 CELL| Periodicity                                                           XYZ
