
 CELL| Volume [angstrom^3]:                                          2171.452164
 CELL| Vector a [angstrom]:       4.163     0.000     0.000   |a| =     4.163171
 CELL| Vector b [angstrom]:       0.000     4.163     0.000   |b| =     4.163171
 CELL| Vector c [angstrom]:       0.000     0.000   125.286   |c| =   125.285772
 CELL| Angle (b,c), alpha [degree]:                                    90.000000
 CELL| Angle (a,c), beta  [degree]:                                    90.000000
 CELL| Angle (a,b), gamma [degree]:                                    90.000000
 CELL| Requested initial symmetry:                                 TETRAGONAL_AB
 CELL| Numerically orthorhombic:                                             YES
 CELL| Periodicity                                                           XYZ

 CELL| Volume [angstrom^3]:                                          2163.859562
 CELL| Vector a [angstrom]:       4.160     0.000     0.000   |a| =     4.160042
 CELL| Vector b [angstrom]:       0.000     4.160     0.000   |b| =     4.160042
 CELL| Vector c [angstrom]:       0.000     0.000   125.036   |c| =   125.035594
 CELL| Angle (b,c), alpha [degree]:                                    90.000000
 CELL| Angle (a,c), beta  [degree]:                                    90.000000
 CELL| Angle (a,b), gamma [degree]:                                    90.000000
 CELL| Requested initial symmetry:                                 TETRAGONAL_AB
 CELL| Numerically orthorhombic:                                             YES
 CELL| Periodicity                                                           XYZ

 CELL| Volume [angstrom^3]:                                          2162.950608
 CELL| Vector a [angstrom]:       4.159     0.000     0.000   |a| =     4.159421
 CELL| Vector b [angstrom]:       0.000     4.159     0.000   |b| =     4.159421
 CELL| Vector c [angstrom]:       0.000     0.000   125.020   |c| =   125.020366
 CELL| Angle (b,c), alpha [degree]:                                    90.000000
 CELL| Angle (a,c), beta  [degree]:                                    90.000000
 CELL| Angle (a,b), gamma [degree]:                                    90.000000
 CELL| Requested initial symmetry:                                 TETRAGONAL_AB
 CELL| Numerically orthorhombic:                                             YES
 CELL| Periodicity                                                           XYZ
