
 CELL| Volume [angstrom^3]:                                          2174.717180
 CELL| Vector a [angstrom]:       4.170     0.000     0.000   |a| =     4.169624
 CELL| Vector b [angstrom]:       0.000     4.170     0.000   |b| =     4.169624
 CELL| Vector c [angstrom]:       0.000     0.000   125.086   |c| =   125.086097
 CELL| Angle (b,c), alpha [degree]:                                    90.000000
 CELL| Angle (a,c), beta  [degree]:                                    90.000000
 CELL| Angle (a,b), gamma [degree]:                                    90.000000
 CELL| Requested initial symmetry:                                 TETRAGONAL_AB
 CELL| Numerically orthorhombic:                                             YES
 CELL| Periodicity                                                           XYZ

 CELL| Volume [angstrom^3]:                                          2163.976653
 CELL| Vector a [angstrom]:       4.160     0.000     0.000   |a| =     4.160419
 CELL| Vector b [angstrom]:       0.000     4.160     0.000   |b| =     4.160419
 CELL| Vector c [angstrom]:       0.000     0.000   125.020   |c| =   125.019680
 CELL| Angle (b,c), alpha [degree]:                                    90.000000
 CELL| Angle (a,c), beta  [degree]:                                    90.000000
 CELL| Angle (a,b), gamma [degree]:                                    90.000000
 CELL| Requested initial symmetry:                                 TETRAGONAL_AB
 CELL| Numerically orthorhombic:                                             YES
 CELL| Periodicity                                                           XYZ

 CELL| Volume [angstrom^3]:                                          2163.043507
 CELL| Vector a [angstrom]:       4.160     0.000     0.000   |a| =     4.159684
 CELL| Vector b [angstrom]:       0.000     4.160     0.000   |b| =     4.159684
 CELL| Vector c [angstrom]:       0.000     0.000   125.010   |c| =   125.009936
 CELL| Angle (b,c), alpha [degree]:                                    90.000000
 CELL| Angle (a,c), beta  [degree]:                                    90.000000
 CELL| Angle (a,b), gamma [degree]:                                    90.000000
 CELL| Requested initial symmetry:                                 TETRAGONAL_AB
 CELL| Numerically orthorhombic:                                             YES
 CELL| Periodicity                                                           XYZ
