
 CELL| Volume [angstrom^3]:                                          2174.907448
 CELL| Vector a [angstrom]:       4.170     0.000     0.000   |a| =     4.169665
 CELL| Vector b [angstrom]:       0.000     4.170     0.000   |b| =     4.169665
 CELL| Vector c [angstrom]:       0.000     0.000   125.095   |c| =   125.094555
 CELL| Angle (b,c), alpha [degree]:                                    90.000000
 CELL| Angle (a,c), beta  [degree]:                                    90.000000
 CELL| Angle (a,b), gamma [degree]:                                    90.000000
 CELL| Requested initial symmetry:                                 TETRAGONAL_AB
 CELL| Numerically orthorhombic:                                             YES
 CELL| Periodicity                                                           XYZ

 CELL| Volume [angstrom^3]:                                          2163.950523
 CELL| Vector a [angstrom]:       4.160     0.000     0.000   |a| =     4.160385
 CELL| Vector b [angstrom]:       0.000     4.160     0.000   |b| =     4.160385
 CELL| Vector c [angstrom]:       0.000     0.000   125.020   |c| =   125.020202
 CELL| Angle (b,c), alpha [degree]:                                    90.000000
 CELL| Angle (a,c), beta  [degree]:                                    90.000000
 CELL| Angle (a,b), gamma [degree]:                                    90.000000
 CELL| Requested initial symmetry:                                 TETRAGONAL_AB
 CELL| Numerically orthorhombic:                                             YES
 CELL| Periodicity                                                           XYZ

 CELL| Volume [angstrom^3]:                                          2163.063881
 CELL| Vector a [angstrom]:       4.160     0.000     0.000   |a| =     4.159688
 CELL| Vector b [angstrom]:       0.000     4.160     0.000   |b| =     4.159688
 CELL| Vector c [angstrom]:       0.000     0.000   125.011   |c| =   125.010862
 CELL| Angle (b,c), alpha [degree]:                                    90.000000
 CELL| Angle (a,c), beta  [degree]:                                    90.000000
 CELL| Angle (a,b), gamma [degree]:                                    90.000000
 CELL| Requested initial symmetry:                                 TETRAGONAL_AB
 CELL| Numerically orthorhombic:                                             YES
 CELL| Periodicity                                                           XYZ
