
 CELL| Volume [angstrom^3]:                                          2183.442051
 CELL| Vector a [angstrom]:       4.179     0.000     0.000   |a| =     4.179376
 CELL| Vector b [angstrom]:       0.000     4.179     0.000   |b| =     4.179376
 CELL| Vector c [angstrom]:       0.000     0.000   125.002   |c| =   125.002495
 CELL| Angle (b,c), alpha [degree]:                                    90.000000
 CELL| Angle (a,c), beta  [degree]:                                    90.000000
 CELL| Angle (a,b), gamma [degree]:                                    90.000000
 CELL| Requested initial symmetry:                                 TETRAGONAL_AB
 CELL| Numerically orthorhombic:                                             YES
 CELL| Periodicity                                                           XYZ

 CELL| Volume [angstrom^3]:                                          2183.746547
 CELL| Vector a [angstrom]:       4.180     0.000     0.000   |a| =     4.179609
 CELL| Vector b [angstrom]:       0.000     4.180     0.000   |b| =     4.179609
 CELL| Vector c [angstrom]:       0.000     0.000   125.006   |c| =   125.006035
 CELL| Angle (b,c), alpha [degree]:                                    90.000000
 CELL| Angle (a,c), beta  [degree]:                                    90.000000
 CELL| Angle (a,b), gamma [degree]:                                    90.000000
 CELL| Requested initial symmetry:                                 TETRAGONAL_AB
 CELL| Numerically orthorhombic:                                             YES
 CELL| Periodicity                                                           XYZ

 CELL| Volume [angstrom^3]:                                          2164.292116
 CELL| Vector a [angstrom]:       4.161     0.000     0.000   |a| =     4.161040
 CELL| Vector b [angstrom]:       0.000     4.161     0.000   |b| =     4.161040
 CELL| Vector c [angstrom]:       0.000     0.000   125.001   |c| =   125.000608
 CELL| Angle (b,c), alpha [degree]:                                    90.000000
 CELL| Angle (a,c), beta  [degree]:                                    90.000000
 CELL| Angle (a,b), gamma [degree]:                                    90.000000
 CELL| Requested initial symmetry:                                 TETRAGONAL_AB
 CELL| Numerically orthorhombic:                                             YES
 CELL| Periodicity                                                           XYZ

 CELL| Volume [angstrom^3]:                                          2163.190308
 CELL| Vector a [angstrom]:       4.160     0.000     0.000   |a| =     4.159988
 CELL| Vector b [angstrom]:       0.000     4.160     0.000   |b| =     4.159988
 CELL| Vector c [angstrom]:       0.000     0.000   125.000   |c| =   125.000151
 CELL| Angle (b,c), alpha [degree]:                                    90.000000
 CELL| Angle (a,c), beta  [degree]:                                    90.000000
 CELL| Angle (a,b), gamma [degree]:                                    90.000000
 CELL| Requested initial symmetry:                                 TETRAGONAL_AB
 CELL| Numerically orthorhombic:                                             YES
 CELL| Periodicity                                                           XYZ

 CELL| Volume [angstrom^3]:                                          2162.773561
 CELL| Vector a [angstrom]:       4.159     0.000     0.000   |a| =     4.159042
 CELL| Vector b [angstrom]:       0.000     4.159     0.000   |b| =     4.159042
 CELL| Vector c [angstrom]:       0.000     0.000   125.033   |c| =   125.032958
 CELL| Angle (b,c), alpha [degree]:                                    90.000000
 CELL| Angle (a,c), beta  [degree]:                                    90.000000
 CELL| Angle (a,b), gamma [degree]:                                    90.000000
 CELL| Requested initial symmetry:                                 TETRAGONAL_AB
 CELL| Numerically orthorhombic:                                             YES
 CELL| Periodicity                                                           XYZ

 CELL| Volume [angstrom^3]:                                          2162.363816
 CELL| Vector a [angstrom]:       4.159     0.000     0.000   |a| =     4.159196
 CELL| Vector b [angstrom]:       0.000     4.159     0.000   |b| =     4.159196
 CELL| Vector c [angstrom]:       0.000     0.000   125.000   |c| =   124.999980
 CELL| Angle (b,c), alpha [degree]:                                    90.000000
 CELL| Angle (a,c), beta  [degree]:                                    90.000000
 CELL| Angle (a,b), gamma [degree]:                                    90.000000
 CELL| Requested initial symmetry:                                 TETRAGONAL_AB
 CELL| Numerically orthorhombic:                                             YES
 CELL| Periodicity                                                           XYZ

 CELL| Volume [angstrom^3]:                                          2162.402790
 CELL| Vector a [angstrom]:       4.159     0.000     0.000   |a| =     4.159233
 CELL| Vector b [angstrom]:       0.000     4.159     0.000   |b| =     4.159233
 CELL| Vector c [angstrom]:       0.000     0.000   125.000   |c| =   124.999999
 CELL| Angle (b,c), alpha [degree]:                                    90.000000
 CELL| Angle (a,c), beta  [degree]:                                    90.000000
 CELL| Angle (a,b), gamma [degree]:                                    90.000000
 CELL| Requested initial symmetry:                                 TETRAGONAL_AB
 CELL| Numerically orthorhombic:                                             YES
 CELL| Periodicity                                                           XYZ

 CELL| Volume [angstrom^3]:                                          2162.422446
 CELL| Vector a [angstrom]:       4.159     0.000     0.000   |a| =     4.159253
 CELL| Vector b [angstrom]:       0.000     4.159     0.000   |b| =     4.159253
 CELL| Vector c [angstrom]:       0.000     0.000   125.000   |c| =   124.999985
 CELL| Angle (b,c), alpha [degree]:                                    90.000000
 CELL| Angle (a,c), beta  [degree]:                                    90.000000
 CELL| Angle (a,b), gamma [degree]:                                    90.000000
 CELL| Requested initial symmetry:                                 TETRAGONAL_AB
 CELL| Numerically orthorhombic:                                             YES
 CELL| Periodicity                                                           XYZ

 CELL| Volume [angstrom^3]:                                          2162.450966
 CELL| Vector a [angstrom]:       4.159     0.000     0.000   |a| =     4.159280
 CELL| Vector b [angstrom]:       0.000     4.159     0.000   |b| =     4.159280
 CELL| Vector c [angstrom]:       0.000     0.000   125.000   |c| =   125.000007
 CELL| Angle (b,c), alpha [degree]:                                    90.000000
 CELL| Angle (a,c), beta  [degree]:                                    90.000000
 CELL| Angle (a,b), gamma [degree]:                                    90.000000
 CELL| Requested initial symmetry:                                 TETRAGONAL_AB
 CELL| Numerically orthorhombic:                                             YES
 CELL| Periodicity                                                           XYZ
