
 CELL| Volume [angstrom^3]:                                          2176.164305
 CELL| Vector a [angstrom]:       4.172     0.000     0.000   |a| =     4.172397
 CELL| Vector b [angstrom]:       0.000     4.172     0.000   |b| =     4.172397
 CELL| Vector c [angstrom]:       0.000     0.000   125.003   |c| =   125.002993
 CELL| Angle (b,c), alpha [degree]:                                    90.000000
 CELL| Angle (a,c), beta  [degree]:                                    90.000000
 CELL| Angle (a,b), gamma [degree]:                                    90.000000
 CELL| Requested initial symmetry:                                 TETRAGONAL_AB
 CELL| Numerically orthorhombic:                                             YES
 CELL| Periodicity                                                           XYZ

 CELL| Volume [angstrom^3]:                                          2170.296847
 CELL| Vector a [angstrom]:       4.167     0.000     0.000   |a| =     4.166669
 CELL| Vector b [angstrom]:       0.000     4.167     0.000   |b| =     4.166669
 CELL| Vector c [angstrom]:       0.000     0.000   125.009   |c| =   125.008963
 CELL| Angle (b,c), alpha [degree]:                                    90.000000
 CELL| Angle (a,c), beta  [degree]:                                    90.000000
 CELL| Angle (a,b), gamma [degree]:                                    90.000000
 CELL| Requested initial symmetry:                                 TETRAGONAL_AB
 CELL| Numerically orthorhombic:                                             YES
 CELL| Periodicity                                                           XYZ

 CELL| Volume [angstrom^3]:                                          2164.523830
 CELL| Vector a [angstrom]:       4.161     0.000     0.000   |a| =     4.161244
 CELL| Vector b [angstrom]:       0.000     4.161     0.000   |b| =     4.161244
 CELL| Vector c [angstrom]:       0.000     0.000   125.002   |c| =   125.001712
 CELL| Angle (b,c), alpha [degree]:                                    90.000000
 CELL| Angle (a,c), beta  [degree]:                                    90.000000
 CELL| Angle (a,b), gamma [degree]:                                    90.000000
 CELL| Requested initial symmetry:                                 TETRAGONAL_AB
 CELL| Numerically orthorhombic:                                             YES
 CELL| Periodicity                                                           XYZ

 CELL| Volume [angstrom^3]:                                          2163.216501
 CELL| Vector a [angstrom]:       4.160     0.000     0.000   |a| =     4.160008
 CELL| Vector b [angstrom]:       0.000     4.160     0.000   |b| =     4.160008
 CELL| Vector c [angstrom]:       0.000     0.000   125.000   |c| =   125.000493
 CELL| Angle (b,c), alpha [degree]:                                    90.000000
 CELL| Angle (a,c), beta  [degree]:                                    90.000000
 CELL| Angle (a,b), gamma [degree]:                                    90.000000
 CELL| Requested initial symmetry:                                 TETRAGONAL_AB
 CELL| Numerically orthorhombic:                                             YES
 CELL| Periodicity                                                           XYZ

 CELL| Volume [angstrom^3]:                                          2162.771419
 CELL| Vector a [angstrom]:       4.159     0.000     0.000   |a| =     4.159041
 CELL| Vector b [angstrom]:       0.000     4.159     0.000   |b| =     4.159041
 CELL| Vector c [angstrom]:       0.000     0.000   125.033   |c| =   125.032846
 CELL| Angle (b,c), alpha [degree]:                                    90.000000
 CELL| Angle (a,c), beta  [degree]:                                    90.000000
 CELL| Angle (a,b), gamma [degree]:                                    90.000000
 CELL| Requested initial symmetry:                                 TETRAGONAL_AB
 CELL| Numerically orthorhombic:                                             YES
 CELL| Periodicity                                                           XYZ

 CELL| Volume [angstrom^3]:                                          2162.421603
 CELL| Vector a [angstrom]:       4.159     0.000     0.000   |a| =     4.159253
 CELL| Vector b [angstrom]:       0.000     4.159     0.000   |b| =     4.159253
 CELL| Vector c [angstrom]:       0.000     0.000   125.000   |c| =   124.999935
 CELL| Angle (b,c), alpha [degree]:                                    90.000000
 CELL| Angle (a,c), beta  [degree]:                                    90.000000
 CELL| Angle (a,b), gamma [degree]:                                    90.000000
 CELL| Requested initial symmetry:                                 TETRAGONAL_AB
 CELL| Numerically orthorhombic:                                             YES
 CELL| Periodicity                                                           XYZ

 CELL| Volume [angstrom^3]:                                          2162.411044
 CELL| Vector a [angstrom]:       4.159     0.000     0.000   |a| =     4.159242
 CELL| Vector b [angstrom]:       0.000     4.159     0.000   |b| =     4.159242
 CELL| Vector c [angstrom]:       0.000     0.000   125.000   |c| =   124.999987
 CELL| Angle (b,c), alpha [degree]:                                    90.000000
 CELL| Angle (a,c), beta  [degree]:                                    90.000000
 CELL| Angle (a,b), gamma [degree]:                                    90.000000
 CELL| Requested initial symmetry:                                 TETRAGONAL_AB
 CELL| Numerically orthorhombic:                                             YES
 CELL| Periodicity                                                           XYZ

 CELL| Volume [angstrom^3]:                                          2162.428830
 CELL| Vector a [angstrom]:       4.159     0.000     0.000   |a| =     4.159259
 CELL| Vector b [angstrom]:       0.000     4.159     0.000   |b| =     4.159259
 CELL| Vector c [angstrom]:       0.000     0.000   125.000   |c| =   124.999957
 CELL| Angle (b,c), alpha [degree]:                                    90.000000
 CELL| Angle (a,c), beta  [degree]:                                    90.000000
 CELL| Angle (a,b), gamma [degree]:                                    90.000000
 CELL| Requested initial symmetry:                                 TETRAGONAL_AB
 CELL| Numerically orthorhombic:                                             YES
 CELL| Periodicity                                                           XYZ

 CELL| Volume [angstrom^3]:                                          2162.489885
 CELL| Vector a [angstrom]:       4.159     0.000     0.000   |a| =     4.159317
 CELL| Vector b [angstrom]:       0.000     4.159     0.000   |b| =     4.159317
 CELL| Vector c [angstrom]:       0.000     0.000   125.000   |c| =   125.000021
 CELL| Angle (b,c), alpha [degree]:                                    90.000000
 CELL| Angle (a,c), beta  [degree]:                                    90.000000
 CELL| Angle (a,b), gamma [degree]:                                    90.000000
 CELL| Requested initial symmetry:                                 TETRAGONAL_AB
 CELL| Numerically orthorhombic:                                             YES
 CELL| Periodicity                                                           XYZ
