
 CELL| Volume [angstrom^3]:                                          2173.413180
 CELL| Vector a [angstrom]:       4.167     0.000     0.000   |a| =     4.167338
 CELL| Vector b [angstrom]:       0.000     4.167     0.000   |b| =     4.167338
 CELL| Vector c [angstrom]:       0.000     0.000   125.148   |c| =   125.148254
 CELL| Angle (b,c), alpha [degree]:                                    90.000000
 CELL| Angle (a,c), beta  [degree]:                                    90.000000
 CELL| Angle (a,b), gamma [degree]:                                    90.000000
 CELL| Requested initial symmetry:                                 TETRAGONAL_AB
 CELL| Numerically orthorhombic:                                             YES
 CELL| Periodicity                                                           XYZ

 CELL| Volume [angstrom^3]:                                          2163.950911
 CELL| Vector a [angstrom]:       4.160     0.000     0.000   |a| =     4.160327
 CELL| Vector b [angstrom]:       0.000     4.160     0.000   |b| =     4.160327
 CELL| Vector c [angstrom]:       0.000     0.000   125.024   |c| =   125.023708
 CELL| Angle (b,c), alpha [degree]:                                    90.000000
 CELL| Angle (a,c), beta  [degree]:                                    90.000000
 CELL| Angle (a,b), gamma [degree]:                                    90.000000
 CELL| Requested initial symmetry:                                 TETRAGONAL_AB
 CELL| Numerically orthorhombic:                                             YES
 CELL| Periodicity                                                           XYZ

 CELL| Volume [angstrom^3]:                                          2163.046286
 CELL| Vector a [angstrom]:       4.160     0.000     0.000   |a| =     4.159626
 CELL| Vector b [angstrom]:       0.000     4.160     0.000   |b| =     4.159626
 CELL| Vector c [angstrom]:       0.000     0.000   125.014   |c| =   125.013622
 CELL| Angle (b,c), alpha [degree]:                                    90.000000
 CELL| Angle (a,c), beta  [degree]:                                    90.000000
 CELL| Angle (a,b), gamma [degree]:                                    90.000000
 CELL| Requested initial symmetry:                                 TETRAGONAL_AB
 CELL| Numerically orthorhombic:                                             YES
 CELL| Periodicity                                                           XYZ
