
 CELL| Volume [angstrom^3]:                                          2174.164521
 CELL| Vector a [angstrom]:       4.169     0.000     0.000   |a| =     4.169246
 CELL| Vector b [angstrom]:       0.000     4.169     0.000   |b| =     4.169246
 CELL| Vector c [angstrom]:       0.000     0.000   125.077   |c| =   125.076992
 CELL| Angle (b,c), alpha [degree]:                                    90.000000
 CELL| Angle (a,c), beta  [degree]:                                    90.000000
 CELL| Angle (a,b), gamma [degree]:                                    90.000000
 CELL| Requested initial symmetry:                                 TETRAGONAL_AB
 CELL| Numerically orthorhombic:                                             YES
 CELL| Periodicity                                                           XYZ

 CELL| Volume [angstrom^3]:                                          2164.127619
 CELL| Vector a [angstrom]:       4.161     0.000     0.000   |a| =     4.160579
 CELL| Vector b [angstrom]:       0.000     4.161     0.000   |b| =     4.160579
 CELL| Vector c [angstrom]:       0.000     0.000   125.019   |c| =   125.018794
 CELL| Angle (b,c), alpha [degree]:                                    90.000000
 CELL| Angle (a,c), beta  [degree]:                                    90.000000
 CELL| Angle (a,b), gamma [degree]:                                    90.000000
 CELL| Requested initial symmetry:                                 TETRAGONAL_AB
 CELL| Numerically orthorhombic:                                             YES
 CELL| Periodicity                                                           XYZ

 CELL| Volume [angstrom^3]:                                          2163.046779
 CELL| Vector a [angstrom]:       4.160     0.000     0.000   |a| =     4.159709
 CELL| Vector b [angstrom]:       0.000     4.160     0.000   |b| =     4.159709
 CELL| Vector c [angstrom]:       0.000     0.000   125.009   |c| =   125.008647
 CELL| Angle (b,c), alpha [degree]:                                    90.000000
 CELL| Angle (a,c), beta  [degree]:                                    90.000000
 CELL| Angle (a,b), gamma [degree]:                                    90.000000
 CELL| Requested initial symmetry:                                 TETRAGONAL_AB
 CELL| Numerically orthorhombic:                                             YES
 CELL| Periodicity                                                           XYZ
