
 CELL| Volume [angstrom^3]:                                          2175.920928
 CELL| Vector a [angstrom]:       4.172     0.000     0.000   |a| =     4.171725
 CELL| Vector b [angstrom]:       0.000     4.172     0.000   |b| =     4.171725
 CELL| Vector c [angstrom]:       0.000     0.000   125.029   |c| =   125.029292
 CELL| Angle (b,c), alpha [degree]:                                    90.000000
 CELL| Angle (a,c), beta  [degree]:                                    90.000000
 CELL| Angle (a,b), gamma [degree]:                                    90.000000
 CELL| Requested initial symmetry:                                 TETRAGONAL_AB
 CELL| Numerically orthorhombic:                                             YES
 CELL| Periodicity                                                           XYZ

 CELL| Volume [angstrom^3]:                                          2164.277327
 CELL| Vector a [angstrom]:       4.161     0.000     0.000   |a| =     4.160882
 CELL| Vector b [angstrom]:       0.000     4.161     0.000   |b| =     4.160882
 CELL| Vector c [angstrom]:       0.000     0.000   125.009   |c| =   125.009254
 CELL| Angle (b,c), alpha [degree]:                                    90.000000
 CELL| Angle (a,c), beta  [degree]:                                    90.000000
 CELL| Angle (a,b), gamma [degree]:                                    90.000000
 CELL| Requested initial symmetry:                                 TETRAGONAL_AB
 CELL| Numerically orthorhombic:                                             YES
 CELL| Periodicity                                                           XYZ

 CELL| Volume [angstrom^3]:                                          2163.139871
 CELL| Vector a [angstrom]:       4.160     0.000     0.000   |a| =     4.159900
 CELL| Vector b [angstrom]:       0.000     4.160     0.000   |b| =     4.159900
 CELL| Vector c [angstrom]:       0.000     0.000   125.003   |c| =   125.002545
 CELL| Angle (b,c), alpha [degree]:                                    90.000000
 CELL| Angle (a,c), beta  [degree]:                                    90.000000
 CELL| Angle (a,b), gamma [degree]:                                    90.000000
 CELL| Requested initial symmetry:                                 TETRAGONAL_AB
 CELL| Numerically orthorhombic:                                             YES
 CELL| Periodicity                                                           XYZ

 CELL| Volume [angstrom^3]:                                          2162.798020
 CELL| Vector a [angstrom]:       4.159     0.000     0.000   |a| =     4.159087
 CELL| Vector b [angstrom]:       0.000     4.159     0.000   |b| =     4.159087
 CELL| Vector c [angstrom]:       0.000     0.000   125.032   |c| =   125.031633
 CELL| Angle (b,c), alpha [degree]:                                    90.000000
 CELL| Angle (a,c), beta  [degree]:                                    90.000000
 CELL| Angle (a,b), gamma [degree]:                                    90.000000
 CELL| Requested initial symmetry:                                 TETRAGONAL_AB
 CELL| Numerically orthorhombic:                                             YES
 CELL| Periodicity                                                           XYZ
