
 CELL| Volume [angstrom^3]:                                          2179.915926
 CELL| Vector a [angstrom]:       4.176     0.000     0.000   |a| =     4.175827
 CELL| Vector b [angstrom]:       0.000     4.176     0.000   |b| =     4.175827
 CELL| Vector c [angstrom]:       0.000     0.000   125.013   |c| =   125.012866
 CELL| Angle (b,c), alpha [degree]:                                    90.000000
 CELL| Angle (a,c), beta  [degree]:                                    90.000000
 CELL| Angle (a,b), gamma [degree]:                                    90.000000
 CELL| Requested initial symmetry:                                 TETRAGONAL_AB
 CELL| Numerically orthorhombic:                                             YES
 CELL| Periodicity                                                           XYZ

 CELL| Volume [angstrom^3]:                                          2164.339198
 CELL| Vector a [angstrom]:       4.161     0.000     0.000   |a| =     4.161045
 CELL| Vector b [angstrom]:       0.000     4.161     0.000   |b| =     4.161045
 CELL| Vector c [angstrom]:       0.000     0.000   125.003   |c| =   125.003033
 CELL| Angle (b,c), alpha [degree]:                                    90.000000
 CELL| Angle (a,c), beta  [degree]:                                    90.000000
 CELL| Angle (a,b), gamma [degree]:                                    90.000000
 CELL| Requested initial symmetry:                                 TETRAGONAL_AB
 CELL| Numerically orthorhombic:                                             YES
 CELL| Periodicity                                                           XYZ

 CELL| Volume [angstrom^3]:                                          2163.159474
 CELL| Vector a [angstrom]:       4.160     0.000     0.000   |a| =     4.159948
 CELL| Vector b [angstrom]:       0.000     4.160     0.000   |b| =     4.159948
 CELL| Vector c [angstrom]:       0.000     0.000   125.001   |c| =   125.000809
 CELL| Angle (b,c), alpha [degree]:                                    90.000000
 CELL| Angle (a,c), beta  [degree]:                                    90.000000
 CELL| Angle (a,b), gamma [degree]:                                    90.000000
 CELL| Requested initial symmetry:                                 TETRAGONAL_AB
 CELL| Numerically orthorhombic:                                             YES
 CELL| Periodicity                                                           XYZ

 CELL| Volume [angstrom^3]:                                          2162.787138
 CELL| Vector a [angstrom]:       4.159     0.000     0.000   |a| =     4.159060
 CELL| Vector b [angstrom]:       0.000     4.159     0.000   |b| =     4.159060
 CELL| Vector c [angstrom]:       0.000     0.000   125.033   |c| =   125.032671
 CELL| Angle (b,c), alpha [degree]:                                    90.000000
 CELL| Angle (a,c), beta  [degree]:                                    90.000000
 CELL| Angle (a,b), gamma [degree]:                                    90.000000
 CELL| Requested initial symmetry:                                 TETRAGONAL_AB
 CELL| Numerically orthorhombic:                                             YES
 CELL| Periodicity                                                           XYZ

 CELL| Volume [angstrom^3]:                                          2162.369449
 CELL| Vector a [angstrom]:       4.159     0.000     0.000   |a| =     4.159203
 CELL| Vector b [angstrom]:       0.000     4.159     0.000   |b| =     4.159203
 CELL| Vector c [angstrom]:       0.000     0.000   125.000   |c| =   124.999877
 CELL| Angle (b,c), alpha [degree]:                                    90.000000
 CELL| Angle (a,c), beta  [degree]:                                    90.000000
 CELL| Angle (a,b), gamma [degree]:                                    90.000000
 CELL| Requested initial symmetry:                                 TETRAGONAL_AB
 CELL| Numerically orthorhombic:                                             YES
 CELL| Periodicity                                                           XYZ

 CELL| Volume [angstrom^3]:                                          2162.490098
 CELL| Vector a [angstrom]:       4.159     0.000     0.000   |a| =     4.159319
 CELL| Vector b [angstrom]:       0.000     4.159     0.000   |b| =     4.159319
 CELL| Vector c [angstrom]:       0.000     0.000   125.000   |c| =   124.999923
 CELL| Angle (b,c), alpha [degree]:                                    90.000000
 CELL| Angle (a,c), beta  [degree]:                                    90.000000
 CELL| Angle (a,b), gamma [degree]:                                    90.000000
 CELL| Requested initial symmetry:                                 TETRAGONAL_AB
 CELL| Numerically orthorhombic:                                             YES
 CELL| Periodicity                                                           XYZ
