
 CELL| Volume [angstrom^3]:                                          2171.036740
 CELL| Vector a [angstrom]:       4.162     0.000     0.000   |a| =     4.162479
 CELL| Vector b [angstrom]:       0.000     4.162     0.000   |b| =     4.162479
 CELL| Vector c [angstrom]:       0.000     0.000   125.303   |c| =   125.303459
 CELL| Angle (b,c), alpha [degree]:                                    90.000000
 CELL| Angle (a,c), beta  [degree]:                                    90.000000
 CELL| Angle (a,b), gamma [degree]:                                    90.000000
 CELL| Requested initial symmetry:                                 TETRAGONAL_AB
 CELL| Numerically orthorhombic:                                             YES
 CELL| Periodicity                                                           XYZ

 CELL| Volume [angstrom^3]:                                          2162.929446
 CELL| Vector a [angstrom]:       4.159     0.000     0.000   |a| =     4.159360
 CELL| Vector b [angstrom]:       0.000     4.159     0.000   |b| =     4.159360
 CELL| Vector c [angstrom]:       0.000     0.000   125.023   |c| =   125.022823
 CELL| Angle (b,c), alpha [degree]:                                    90.000000
 CELL| Angle (a,c), beta  [degree]:                                    90.000000
 CELL| Angle (a,b), gamma [degree]:                                    90.000000
 CELL| Requested initial symmetry:                                 TETRAGONAL_AB
 CELL| Numerically orthorhombic:                                             YES
 CELL| Periodicity                                                           XYZ
