
 CELL| Volume [angstrom^3]:                                          2173.445617
 CELL| Vector a [angstrom]:       4.167     0.000     0.000   |a| =     4.167111
 CELL| Vector b [angstrom]:       0.000     4.167     0.000   |b| =     4.167111
 CELL| Vector c [angstrom]:       0.000     0.000   125.164   |c| =   125.163742
 CELL| Angle (b,c), alpha [degree]:                                    90.000000
 CELL| Angle (a,c), beta  [degree]:                                    90.000000
 CELL| Angle (a,b), gamma [degree]:                                    90.000000
 CELL| Requested initial symmetry:                                 TETRAGONAL_AB
 CELL| Numerically orthorhombic:                                             YES
 CELL| Periodicity                                                           XYZ

 CELL| Volume [angstrom^3]:                                          2163.957571
 CELL| Vector a [angstrom]:       4.160     0.000     0.000   |a| =     4.160328
 CELL| Vector b [angstrom]:       0.000     4.160     0.000   |b| =     4.160328
 CELL| Vector c [angstrom]:       0.000     0.000   125.024   |c| =   125.024066
 CELL| Angle (b,c), alpha [degree]:                                    90.000000
 CELL| Angle (a,c), beta  [degree]:                                    90.000000
 CELL| Angle (a,b), gamma [degree]:                                    90.000000
 CELL| Requested initial symmetry:                                 TETRAGONAL_AB
 CELL| Numerically orthorhombic:                                             YES
 CELL| Periodicity                                                           XYZ

 CELL| Volume [angstrom^3]:                                          2163.050299
 CELL| Vector a [angstrom]:       4.160     0.000     0.000   |a| =     4.159624
 CELL| Vector b [angstrom]:       0.000     4.160     0.000   |b| =     4.159624
 CELL| Vector c [angstrom]:       0.000     0.000   125.014   |c| =   125.013956
 CELL| Angle (b,c), alpha [degree]:                                    90.000000
 CELL| Angle (a,c), beta  [degree]:                                    90.000000
 CELL| Angle (a,b), gamma [degree]:                                    90.000000
 CELL| Requested initial symmetry:                                 TETRAGONAL_AB
 CELL| Numerically orthorhombic:                                             YES
 CELL| Periodicity                                                           XYZ
