
 CELL| Volume [angstrom^3]:                                          2175.168013
 CELL| Vector a [angstrom]:       4.170     0.000     0.000   |a| =     4.170490
 CELL| Vector b [angstrom]:       0.000     4.170     0.000   |b| =     4.170490
 CELL| Vector c [angstrom]:       0.000     0.000   125.060   |c| =   125.060058
 CELL| Angle (b,c), alpha [degree]:                                    90.000000
 CELL| Angle (a,c), beta  [degree]:                                    90.000000
 CELL| Angle (a,b), gamma [degree]:                                    90.000000
 CELL| Requested initial symmetry:                                 TETRAGONAL_AB
 CELL| Numerically orthorhombic:                                             YES
 CELL| Periodicity                                                           XYZ

 CELL| Volume [angstrom^3]:                                          2163.954601
 CELL| Vector a [angstrom]:       4.160     0.000     0.000   |a| =     4.160439
 CELL| Vector b [angstrom]:       0.000     4.160     0.000   |b| =     4.160439
 CELL| Vector c [angstrom]:       0.000     0.000   125.017   |c| =   125.017204
 CELL| Angle (b,c), alpha [degree]:                                    90.000000
 CELL| Angle (a,c), beta  [degree]:                                    90.000000
 CELL| Angle (a,b), gamma [degree]:                                    90.000000
 CELL| Requested initial symmetry:                                 TETRAGONAL_AB
 CELL| Numerically orthorhombic:                                             YES
 CELL| Periodicity                                                           XYZ

 CELL| Volume [angstrom^3]:                                          2163.064350
 CELL| Vector a [angstrom]:       4.160     0.000     0.000   |a| =     4.159773
 CELL| Vector b [angstrom]:       0.000     4.160     0.000   |b| =     4.159773
 CELL| Vector c [angstrom]:       0.000     0.000   125.006   |c| =   125.005776
 CELL| Angle (b,c), alpha [degree]:                                    90.000000
 CELL| Angle (a,c), beta  [degree]:                                    90.000000
 CELL| Angle (a,b), gamma [degree]:                                    90.000000
 CELL| Requested initial symmetry:                                 TETRAGONAL_AB
 CELL| Numerically orthorhombic:                                             YES
 CELL| Periodicity                                                           XYZ

 CELL| Volume [angstrom^3]:                                          2162.860959
 CELL| Vector a [angstrom]:       4.159     0.000     0.000   |a| =     4.159224
 CELL| Vector b [angstrom]:       0.000     4.159     0.000   |b| =     4.159224
 CELL| Vector c [angstrom]:       0.000     0.000   125.027   |c| =   125.027021
 CELL| Angle (b,c), alpha [degree]:                                    90.000000
 CELL| Angle (a,c), beta  [degree]:                                    90.000000
 CELL| Angle (a,b), gamma [degree]:                                    90.000000
 CELL| Requested initial symmetry:                                 TETRAGONAL_AB
 CELL| Numerically orthorhombic:                                             YES
 CELL| Periodicity                                                           XYZ
