
 CELL| Volume [angstrom^3]:                                          2174.946897
 CELL| Vector a [angstrom]:       4.170     0.000     0.000   |a| =     4.170426
 CELL| Vector b [angstrom]:       0.000     4.170     0.000   |b| =     4.170426
 CELL| Vector c [angstrom]:       0.000     0.000   125.051   |c| =   125.051169
 CELL| Angle (b,c), alpha [degree]:                                    90.000000
 CELL| Angle (a,c), beta  [degree]:                                    90.000000
 CELL| Angle (a,b), gamma [degree]:                                    90.000000
 CELL| Requested initial symmetry:                                 TETRAGONAL_AB
 CELL| Numerically orthorhombic:                                             YES
 CELL| Periodicity                                                           XYZ

 CELL| Volume [angstrom^3]:                                          2164.080167
 CELL| Vector a [angstrom]:       4.161     0.000     0.000   |a| =     4.160570
 CELL| Vector b [angstrom]:       0.000     4.161     0.000   |b| =     4.160570
 CELL| Vector c [angstrom]:       0.000     0.000   125.017   |c| =   125.016576
 CELL| Angle (b,c), alpha [degree]:                                    90.000000
 CELL| Angle (a,c), beta  [degree]:                                    90.000000
 CELL| Angle (a,b), gamma [degree]:                                    90.000000
 CELL| Requested initial symmetry:                                 TETRAGONAL_AB
 CELL| Numerically orthorhombic:                                             YES
 CELL| Periodicity                                                           XYZ

 CELL| Volume [angstrom^3]:                                          2163.086066
 CELL| Vector a [angstrom]:       4.160     0.000     0.000   |a| =     4.159810
 CELL| Vector b [angstrom]:       0.000     4.160     0.000   |b| =     4.159810
 CELL| Vector c [angstrom]:       0.000     0.000   125.005   |c| =   125.004860
 CELL| Angle (b,c), alpha [degree]:                                    90.000000
 CELL| Angle (a,c), beta  [degree]:                                    90.000000
 CELL| Angle (a,b), gamma [degree]:                                    90.000000
 CELL| Requested initial symmetry:                                 TETRAGONAL_AB
 CELL| Numerically orthorhombic:                                             YES
 CELL| Periodicity                                                           XYZ

 CELL| Volume [angstrom^3]:                                          2162.756216
 CELL| Vector a [angstrom]:       4.159     0.000     0.000   |a| =     4.159105
 CELL| Vector b [angstrom]:       0.000     4.159     0.000   |b| =     4.159105
 CELL| Vector c [angstrom]:       0.000     0.000   125.028   |c| =   125.028148
 CELL| Angle (b,c), alpha [degree]:                                    90.000000
 CELL| Angle (a,c), beta  [degree]:                                    90.000000
 CELL| Angle (a,b), gamma [degree]:                                    90.000000
 CELL| Requested initial symmetry:                                 TETRAGONAL_AB
 CELL| Numerically orthorhombic:                                             YES
 CELL| Periodicity                                                           XYZ
