
 CELL| Volume [angstrom^3]:                                          2170.316865
 CELL| Vector a [angstrom]:       4.161     0.000     0.000   |a| =     4.161412
 CELL| Vector b [angstrom]:       0.000     4.161     0.000   |b| =     4.161412
 CELL| Vector c [angstrom]:       0.000     0.000   125.326   |c| =   125.326155
 CELL| Angle (b,c), alpha [degree]:                                    90.000000
 CELL| Angle (a,c), beta  [degree]:                                    90.000000
 CELL| Angle (a,b), gamma [degree]:                                    90.000000
 CELL| Requested initial symmetry:                                 TETRAGONAL_AB
 CELL| Numerically orthorhombic:                                             YES
 CELL| Periodicity                                                           XYZ

 CELL| Volume [angstrom^3]:                                          2162.806705
 CELL| Vector a [angstrom]:       4.159     0.000     0.000   |a| =     4.159144
 CELL| Vector b [angstrom]:       0.000     4.159     0.000   |b| =     4.159144
 CELL| Vector c [angstrom]:       0.000     0.000   125.029   |c| =   125.028696
 CELL| Angle (b,c), alpha [degree]:                                    90.000000
 CELL| Angle (a,c), beta  [degree]:                                    90.000000
 CELL| Angle (a,b), gamma [degree]:                                    90.000000
 CELL| Requested initial symmetry:                                 TETRAGONAL_AB
 CELL| Numerically orthorhombic:                                             YES
 CELL| Periodicity                                                           XYZ
