
 CELL| Volume [angstrom^3]:                                          2174.210442
 CELL| Vector a [angstrom]:       4.169     0.000     0.000   |a| =     4.169237
 CELL| Vector b [angstrom]:       0.000     4.169     0.000   |b| =     4.169237
 CELL| Vector c [angstrom]:       0.000     0.000   125.080   |c| =   125.080140
 CELL| Angle (b,c), alpha [degree]:                                    90.000000
 CELL| Angle (a,c), beta  [degree]:                                    90.000000
 CELL| Angle (a,b), gamma [degree]:                                    90.000000
 CELL| Requested initial symmetry:                                 TETRAGONAL_AB
 CELL| Numerically orthorhombic:                                             YES
 CELL| Periodicity                                                           XYZ

 CELL| Volume [angstrom^3]:                                          2164.078690
 CELL| Vector a [angstrom]:       4.161     0.000     0.000   |a| =     4.160526
 CELL| Vector b [angstrom]:       0.000     4.161     0.000   |b| =     4.160526
 CELL| Vector c [angstrom]:       0.000     0.000   125.019   |c| =   125.019157
 CELL| Angle (b,c), alpha [degree]:                                    90.000000
 CELL| Angle (a,c), beta  [degree]:                                    90.000000
 CELL| Angle (a,b), gamma [degree]:                                    90.000000
 CELL| Requested initial symmetry:                                 TETRAGONAL_AB
 CELL| Numerically orthorhombic:                                             YES
 CELL| Periodicity                                                           XYZ

 CELL| Volume [angstrom^3]:                                          2163.038246
 CELL| Vector a [angstrom]:       4.160     0.000     0.000   |a| =     4.159695
 CELL| Vector b [angstrom]:       0.000     4.160     0.000   |b| =     4.159695
 CELL| Vector c [angstrom]:       0.000     0.000   125.009   |c| =   125.008991
 CELL| Angle (b,c), alpha [degree]:                                    90.000000
 CELL| Angle (a,c), beta  [degree]:                                    90.000000
 CELL| Angle (a,b), gamma [degree]:                                    90.000000
 CELL| Requested initial symmetry:                                 TETRAGONAL_AB
 CELL| Numerically orthorhombic:                                             YES
 CELL| Periodicity                                                           XYZ
