
 CELL| Volume [angstrom^3]:                                          2176.846240
 CELL| Vector a [angstrom]:       4.172     0.000     0.000   |a| =     4.172497
 CELL| Vector b [angstrom]:       0.000     4.172     0.000   |b| =     4.172497
 CELL| Vector c [angstrom]:       0.000     0.000   125.036   |c| =   125.036159
 CELL| Angle (b,c), alpha [degree]:                                    90.000000
 CELL| Angle (a,c), beta  [degree]:                                    90.000000
 CELL| Angle (a,b), gamma [degree]:                                    90.000000
 CELL| Requested initial symmetry:                                 TETRAGONAL_AB
 CELL| Numerically orthorhombic:                                             YES
 CELL| Periodicity                                                           XYZ

 CELL| Volume [angstrom^3]:                                          2164.036575
 CELL| Vector a [angstrom]:       4.161     0.000     0.000   |a| =     4.160622
 CELL| Vector b [angstrom]:       0.000     4.161     0.000   |b| =     4.160622
 CELL| Vector c [angstrom]:       0.000     0.000   125.011   |c| =   125.010958
 CELL| Angle (b,c), alpha [degree]:                                    90.000000
 CELL| Angle (a,c), beta  [degree]:                                    90.000000
 CELL| Angle (a,b), gamma [degree]:                                    90.000000
 CELL| Requested initial symmetry:                                 TETRAGONAL_AB
 CELL| Numerically orthorhombic:                                             YES
 CELL| Periodicity                                                           XYZ

 CELL| Volume [angstrom^3]:                                          2163.150282
 CELL| Vector a [angstrom]:       4.160     0.000     0.000   |a| =     4.159903
 CELL| Vector b [angstrom]:       0.000     4.160     0.000   |b| =     4.159903
 CELL| Vector c [angstrom]:       0.000     0.000   125.003   |c| =   125.002982
 CELL| Angle (b,c), alpha [degree]:                                    90.000000
 CELL| Angle (a,c), beta  [degree]:                                    90.000000
 CELL| Angle (a,b), gamma [degree]:                                    90.000000
 CELL| Requested initial symmetry:                                 TETRAGONAL_AB
 CELL| Numerically orthorhombic:                                             YES
 CELL| Periodicity                                                           XYZ

 CELL| Volume [angstrom^3]:                                          2162.761042
 CELL| Vector a [angstrom]:       4.159     0.000     0.000   |a| =     4.159064
 CELL| Vector b [angstrom]:       0.000     4.159     0.000   |b| =     4.159064
 CELL| Vector c [angstrom]:       0.000     0.000   125.031   |c| =   125.030906
 CELL| Angle (b,c), alpha [degree]:                                    90.000000
 CELL| Angle (a,c), beta  [degree]:                                    90.000000
 CELL| Angle (a,b), gamma [degree]:                                    90.000000
 CELL| Requested initial symmetry:                                 TETRAGONAL_AB
 CELL| Numerically orthorhombic:                                             YES
 CELL| Periodicity                                                           XYZ
