
 CELL| Volume [angstrom^3]:                                          2208.003984
 CELL| Vector a [angstrom]:       4.203     0.000     0.000   |a| =     4.202813
 CELL| Vector b [angstrom]:       0.000     4.203     0.000   |b| =     4.202813
 CELL| Vector c [angstrom]:       0.000     0.000   125.003   |c| =   125.002821
 CELL| Angle (b,c), alpha [degree]:                                    90.000000
 CELL| Angle (a,c), beta  [degree]:                                    90.000000
 CELL| Angle (a,b), gamma [degree]:                                    90.000000
 CELL| Requested initial symmetry:                                 TETRAGONAL_AB
 CELL| Numerically orthorhombic:                                             YES
 CELL| Periodicity                                                           XYZ

 CELL| Volume [angstrom^3]:                                          2177.316754
 CELL| Vector a [angstrom]:       4.173     0.000     0.000   |a| =     4.173468
 CELL| Vector b [angstrom]:       0.000     4.173     0.000   |b| =     4.173468
 CELL| Vector c [angstrom]:       0.000     0.000   125.005   |c| =   125.005044
 CELL| Angle (b,c), alpha [degree]:                                    90.000000
 CELL| Angle (a,c), beta  [degree]:                                    90.000000
 CELL| Angle (a,b), gamma [degree]:                                    90.000000
 CELL| Requested initial symmetry:                                 TETRAGONAL_AB
 CELL| Numerically orthorhombic:                                             YES
 CELL| Periodicity                                                           XYZ

 CELL| Volume [angstrom^3]:                                          2164.382756
 CELL| Vector a [angstrom]:       4.161     0.000     0.000   |a| =     4.161132
 CELL| Vector b [angstrom]:       0.000     4.161     0.000   |b| =     4.161132
 CELL| Vector c [angstrom]:       0.000     0.000   125.000   |c| =   125.000305
 CELL| Angle (b,c), alpha [degree]:                                    90.000000
 CELL| Angle (a,c), beta  [degree]:                                    90.000000
 CELL| Angle (a,b), gamma [degree]:                                    90.000000
 CELL| Requested initial symmetry:                                 TETRAGONAL_AB
 CELL| Numerically orthorhombic:                                             YES
 CELL| Periodicity                                                           XYZ

 CELL| Volume [angstrom^3]:                                          2163.204100
 CELL| Vector a [angstrom]:       4.160     0.000     0.000   |a| =     4.160003
 CELL| Vector b [angstrom]:       0.000     4.160     0.000   |b| =     4.160003
 CELL| Vector c [angstrom]:       0.000     0.000   125.000   |c| =   125.000063
 CELL| Angle (b,c), alpha [degree]:                                    90.000000
 CELL| Angle (a,c), beta  [degree]:                                    90.000000
 CELL| Angle (a,b), gamma [degree]:                                    90.000000
 CELL| Requested initial symmetry:                                 TETRAGONAL_AB
 CELL| Numerically orthorhombic:                                             YES
 CELL| Periodicity                                                           XYZ

 CELL| Volume [angstrom^3]:                                          2162.793050
 CELL| Vector a [angstrom]:       4.159     0.000     0.000   |a| =     4.159060
 CELL| Vector b [angstrom]:       0.000     4.159     0.000   |b| =     4.159060
 CELL| Vector c [angstrom]:       0.000     0.000   125.033   |c| =   125.032979
 CELL| Angle (b,c), alpha [degree]:                                    90.000000
 CELL| Angle (a,c), beta  [degree]:                                    90.000000
 CELL| Angle (a,b), gamma [degree]:                                    90.000000
 CELL| Requested initial symmetry:                                 TETRAGONAL_AB
 CELL| Numerically orthorhombic:                                             YES
 CELL| Periodicity                                                           XYZ

 CELL| Volume [angstrom^3]:                                          2162.394711
 CELL| Vector a [angstrom]:       4.159     0.000     0.000   |a| =     4.159226
 CELL| Vector b [angstrom]:       0.000     4.159     0.000   |b| =     4.159226
 CELL| Vector c [angstrom]:       0.000     0.000   125.000   |c| =   124.999991
 CELL| Angle (b,c), alpha [degree]:                                    90.000000
 CELL| Angle (a,c), beta  [degree]:                                    90.000000
 CELL| Angle (a,b), gamma [degree]:                                    90.000000
 CELL| Requested initial symmetry:                                 TETRAGONAL_AB
 CELL| Numerically orthorhombic:                                             YES
 CELL| Periodicity                                                           XYZ

 CELL| Volume [angstrom^3]:                                          2162.407564
 CELL| Vector a [angstrom]:       4.159     0.000     0.000   |a| =     4.159238
 CELL| Vector b [angstrom]:       0.000     4.159     0.000   |b| =     4.159238
 CELL| Vector c [angstrom]:       0.000     0.000   125.000   |c| =   125.000000
 CELL| Angle (b,c), alpha [degree]:                                    90.000000
 CELL| Angle (a,c), beta  [degree]:                                    90.000000
 CELL| Angle (a,b), gamma [degree]:                                    90.000000
 CELL| Requested initial symmetry:                                 TETRAGONAL_AB
 CELL| Numerically orthorhombic:                                             YES
 CELL| Periodicity                                                           XYZ

 CELL| Volume [angstrom^3]:                                          2162.423779
 CELL| Vector a [angstrom]:       4.159     0.000     0.000   |a| =     4.159254
 CELL| Vector b [angstrom]:       0.000     4.159     0.000   |b| =     4.159254
 CELL| Vector c [angstrom]:       0.000     0.000   125.000   |c| =   124.999992
 CELL| Angle (b,c), alpha [degree]:                                    90.000000
 CELL| Angle (a,c), beta  [degree]:                                    90.000000
 CELL| Angle (a,b), gamma [degree]:                                    90.000000
 CELL| Requested initial symmetry:                                 TETRAGONAL_AB
 CELL| Numerically orthorhombic:                                             YES
 CELL| Periodicity                                                           XYZ

 CELL| Volume [angstrom^3]:                                          2162.461005
 CELL| Vector a [angstrom]:       4.159     0.000     0.000   |a| =     4.159289
 CELL| Vector b [angstrom]:       0.000     4.159     0.000   |b| =     4.159289
 CELL| Vector c [angstrom]:       0.000     0.000   125.000   |c| =   125.000003
 CELL| Angle (b,c), alpha [degree]:                                    90.000000
 CELL| Angle (a,c), beta  [degree]:                                    90.000000
 CELL| Angle (a,b), gamma [degree]:                                    90.000000
 CELL| Requested initial symmetry:                                 TETRAGONAL_AB
 CELL| Numerically orthorhombic:                                             YES
 CELL| Periodicity                                                           XYZ
