
 CELL| Volume [angstrom^3]:                                          2175.583790
 CELL| Vector a [angstrom]:       4.171     0.000     0.000   |a| =     4.171239
 CELL| Vector b [angstrom]:       0.000     4.171     0.000   |b| =     4.171239
 CELL| Vector c [angstrom]:       0.000     0.000   125.039   |c| =   125.039058
 CELL| Angle (b,c), alpha [degree]:                                    90.000000
 CELL| Angle (a,c), beta  [degree]:                                    90.000000
 CELL| Angle (a,b), gamma [degree]:                                    90.000000
 CELL| Requested initial symmetry:                                 TETRAGONAL_AB
 CELL| Numerically orthorhombic:                                             YES
 CELL| Periodicity                                                           XYZ

 CELL| Volume [angstrom^3]:                                          2164.159241
 CELL| Vector a [angstrom]:       4.161     0.000     0.000   |a| =     4.160723
 CELL| Vector b [angstrom]:       0.000     4.161     0.000   |b| =     4.160723
 CELL| Vector c [angstrom]:       0.000     0.000   125.012   |c| =   125.011951
 CELL| Angle (b,c), alpha [degree]:                                    90.000000
 CELL| Angle (a,c), beta  [degree]:                                    90.000000
 CELL| Angle (a,b), gamma [degree]:                                    90.000000
 CELL| Requested initial symmetry:                                 TETRAGONAL_AB
 CELL| Numerically orthorhombic:                                             YES
 CELL| Periodicity                                                           XYZ

 CELL| Volume [angstrom^3]:                                          2163.121821
 CELL| Vector a [angstrom]:       4.160     0.000     0.000   |a| =     4.159871
 CELL| Vector b [angstrom]:       0.000     4.160     0.000   |b| =     4.159871
 CELL| Vector c [angstrom]:       0.000     0.000   125.003   |c| =   125.003239
 CELL| Angle (b,c), alpha [degree]:                                    90.000000
 CELL| Angle (a,c), beta  [degree]:                                    90.000000
 CELL| Angle (a,b), gamma [degree]:                                    90.000000
 CELL| Requested initial symmetry:                                 TETRAGONAL_AB
 CELL| Numerically orthorhombic:                                             YES
 CELL| Periodicity                                                           XYZ

 CELL| Volume [angstrom^3]:                                          2162.768133
 CELL| Vector a [angstrom]:       4.159     0.000     0.000   |a| =     4.159079
 CELL| Vector b [angstrom]:       0.000     4.159     0.000   |b| =     4.159079
 CELL| Vector c [angstrom]:       0.000     0.000   125.030   |c| =   125.030373
 CELL| Angle (b,c), alpha [degree]:                                    90.000000
 CELL| Angle (a,c), beta  [degree]:                                    90.000000
 CELL| Angle (a,b), gamma [degree]:                                    90.000000
 CELL| Requested initial symmetry:                                 TETRAGONAL_AB
 CELL| Numerically orthorhombic:                                             YES
 CELL| Periodicity                                                           XYZ
