
 CELL| Volume [angstrom^3]:                                          2175.276046
 CELL| Vector a [angstrom]:       4.171     0.000     0.000   |a| =     4.170773
 CELL| Vector b [angstrom]:       0.000     4.171     0.000   |b| =     4.170773
 CELL| Vector c [angstrom]:       0.000     0.000   125.049   |c| =   125.049283
 CELL| Angle (b,c), alpha [degree]:                                    90.000000
 CELL| Angle (a,c), beta  [degree]:                                    90.000000
 CELL| Angle (a,b), gamma [degree]:                                    90.000000
 CELL| Requested initial symmetry:                                 TETRAGONAL_AB
 CELL| Numerically orthorhombic:                                             YES
 CELL| Periodicity                                                           XYZ

 CELL| Volume [angstrom^3]:                                          2164.014539
 CELL| Vector a [angstrom]:       4.161     0.000     0.000   |a| =     4.160513
 CELL| Vector b [angstrom]:       0.000     4.161     0.000   |b| =     4.160513
 CELL| Vector c [angstrom]:       0.000     0.000   125.016   |c| =   125.016237
 CELL| Angle (b,c), alpha [degree]:                                    90.000000
 CELL| Angle (a,c), beta  [degree]:                                    90.000000
 CELL| Angle (a,b), gamma [degree]:                                    90.000000
 CELL| Requested initial symmetry:                                 TETRAGONAL_AB
 CELL| Numerically orthorhombic:                                             YES
 CELL| Periodicity                                                           XYZ

 CELL| Volume [angstrom^3]:                                          2163.095585
 CELL| Vector a [angstrom]:       4.160     0.000     0.000   |a| =     4.159821
 CELL| Vector b [angstrom]:       0.000     4.160     0.000   |b| =     4.159821
 CELL| Vector c [angstrom]:       0.000     0.000   125.005   |c| =   125.004695
 CELL| Angle (b,c), alpha [degree]:                                    90.000000
 CELL| Angle (a,c), beta  [degree]:                                    90.000000
 CELL| Angle (a,b), gamma [degree]:                                    90.000000
 CELL| Requested initial symmetry:                                 TETRAGONAL_AB
 CELL| Numerically orthorhombic:                                             YES
 CELL| Periodicity                                                           XYZ

 CELL| Volume [angstrom^3]:                                          2162.744359
 CELL| Vector a [angstrom]:       4.159     0.000     0.000   |a| =     4.159088
 CELL| Vector b [angstrom]:       0.000     4.159     0.000   |b| =     4.159088
 CELL| Vector c [angstrom]:       0.000     0.000   125.028   |c| =   125.028459
 CELL| Angle (b,c), alpha [degree]:                                    90.000000
 CELL| Angle (a,c), beta  [degree]:                                    90.000000
 CELL| Angle (a,b), gamma [degree]:                                    90.000000
 CELL| Requested initial symmetry:                                 TETRAGONAL_AB
 CELL| Numerically orthorhombic:                                             YES
 CELL| Periodicity                                                           XYZ
