
 CELL| Volume [angstrom^3]:                                          2174.914909
 CELL| Vector a [angstrom]:       4.170     0.000     0.000   |a| =     4.169758
 CELL| Vector b [angstrom]:       0.000     4.170     0.000   |b| =     4.169758
 CELL| Vector c [angstrom]:       0.000     0.000   125.089   |c| =   125.089442
 CELL| Angle (b,c), alpha [degree]:                                    90.000000
 CELL| Angle (a,c), beta  [degree]:                                    90.000000
 CELL| Angle (a,b), gamma [degree]:                                    90.000000
 CELL| Requested initial symmetry:                                 TETRAGONAL_AB
 CELL| Numerically orthorhombic:                                             YES
 CELL| Periodicity                                                           XYZ

 CELL| Volume [angstrom^3]:                                          2163.950699
 CELL| Vector a [angstrom]:       4.160     0.000     0.000   |a| =     4.160390
 CELL| Vector b [angstrom]:       0.000     4.160     0.000   |b| =     4.160390
 CELL| Vector c [angstrom]:       0.000     0.000   125.020   |c| =   125.019923
 CELL| Angle (b,c), alpha [degree]:                                    90.000000
 CELL| Angle (a,c), beta  [degree]:                                    90.000000
 CELL| Angle (a,b), gamma [degree]:                                    90.000000
 CELL| Requested initial symmetry:                                 TETRAGONAL_AB
 CELL| Numerically orthorhombic:                                             YES
 CELL| Periodicity                                                           XYZ

 CELL| Volume [angstrom^3]:                                          2163.055434
 CELL| Vector a [angstrom]:       4.160     0.000     0.000   |a| =     4.159687
 CELL| Vector b [angstrom]:       0.000     4.160     0.000   |b| =     4.159687
 CELL| Vector c [angstrom]:       0.000     0.000   125.010   |c| =   125.010471
 CELL| Angle (b,c), alpha [degree]:                                    90.000000
 CELL| Angle (a,c), beta  [degree]:                                    90.000000
 CELL| Angle (a,b), gamma [degree]:                                    90.000000
 CELL| Requested initial symmetry:                                 TETRAGONAL_AB
 CELL| Numerically orthorhombic:                                             YES
 CELL| Periodicity                                                           XYZ
