
 CELL| Volume [angstrom^3]:                                          2180.021422
 CELL| Vector a [angstrom]:       4.176     0.000     0.000   |a| =     4.176088
 CELL| Vector b [angstrom]:       0.000     4.176     0.000   |b| =     4.176088
 CELL| Vector c [angstrom]:       0.000     0.000   125.003   |c| =   125.003284
 CELL| Angle (b,c), alpha [degree]:                                    90.000000
 CELL| Angle (a,c), beta  [degree]:                                    90.000000
 CELL| Angle (a,b), gamma [degree]:                                    90.000000
 CELL| Requested initial symmetry:                                 TETRAGONAL_AB
 CELL| Numerically orthorhombic:                                             YES
 CELL| Periodicity                                                           XYZ

 CELL| Volume [angstrom^3]:                                          2170.712135
 CELL| Vector a [angstrom]:       4.167     0.000     0.000   |a| =     4.167052
 CELL| Vector b [angstrom]:       0.000     4.167     0.000   |b| =     4.167052
 CELL| Vector c [angstrom]:       0.000     0.000   125.010   |c| =   125.009902
 CELL| Angle (b,c), alpha [degree]:                                    90.000000
 CELL| Angle (a,c), beta  [degree]:                                    90.000000
 CELL| Angle (a,b), gamma [degree]:                                    90.000000
 CELL| Requested initial symmetry:                                 TETRAGONAL_AB
 CELL| Numerically orthorhombic:                                             YES
 CELL| Periodicity                                                           XYZ

 CELL| Volume [angstrom^3]:                                          2164.470267
 CELL| Vector a [angstrom]:       4.161     0.000     0.000   |a| =     4.161189
 CELL| Vector b [angstrom]:       0.000     4.161     0.000   |b| =     4.161189
 CELL| Vector c [angstrom]:       0.000     0.000   125.002   |c| =   125.001931
 CELL| Angle (b,c), alpha [degree]:                                    90.000000
 CELL| Angle (a,c), beta  [degree]:                                    90.000000
 CELL| Angle (a,b), gamma [degree]:                                    90.000000
 CELL| Requested initial symmetry:                                 TETRAGONAL_AB
 CELL| Numerically orthorhombic:                                             YES
 CELL| Periodicity                                                           XYZ

 CELL| Volume [angstrom^3]:                                          2163.211928
 CELL| Vector a [angstrom]:       4.160     0.000     0.000   |a| =     4.160002
 CELL| Vector b [angstrom]:       0.000     4.160     0.000   |b| =     4.160002
 CELL| Vector c [angstrom]:       0.000     0.000   125.001   |c| =   125.000593
 CELL| Angle (b,c), alpha [degree]:                                    90.000000
 CELL| Angle (a,c), beta  [degree]:                                    90.000000
 CELL| Angle (a,b), gamma [degree]:                                    90.000000
 CELL| Requested initial symmetry:                                 TETRAGONAL_AB
 CELL| Numerically orthorhombic:                                             YES
 CELL| Periodicity                                                           XYZ

 CELL| Volume [angstrom^3]:                                          2162.786089
 CELL| Vector a [angstrom]:       4.159     0.000     0.000   |a| =     4.159056
 CELL| Vector b [angstrom]:       0.000     4.159     0.000   |b| =     4.159056
 CELL| Vector c [angstrom]:       0.000     0.000   125.033   |c| =   125.032817
 CELL| Angle (b,c), alpha [degree]:                                    90.000000
 CELL| Angle (a,c), beta  [degree]:                                    90.000000
 CELL| Angle (a,b), gamma [degree]:                                    90.000000
 CELL| Requested initial symmetry:                                 TETRAGONAL_AB
 CELL| Numerically orthorhombic:                                             YES
 CELL| Periodicity                                                           XYZ

 CELL| Volume [angstrom^3]:                                          2162.428977
 CELL| Vector a [angstrom]:       4.159     0.000     0.000   |a| =     4.159260
 CELL| Vector b [angstrom]:       0.000     4.159     0.000   |b| =     4.159260
 CELL| Vector c [angstrom]:       0.000     0.000   125.000   |c| =   124.999923
 CELL| Angle (b,c), alpha [degree]:                                    90.000000
 CELL| Angle (a,c), beta  [degree]:                                    90.000000
 CELL| Angle (a,b), gamma [degree]:                                    90.000000
 CELL| Requested initial symmetry:                                 TETRAGONAL_AB
 CELL| Numerically orthorhombic:                                             YES
 CELL| Periodicity                                                           XYZ

 CELL| Volume [angstrom^3]:                                          2162.412769
 CELL| Vector a [angstrom]:       4.159     0.000     0.000   |a| =     4.159243
 CELL| Vector b [angstrom]:       0.000     4.159     0.000   |b| =     4.159243
 CELL| Vector c [angstrom]:       0.000     0.000   125.000   |c| =   124.999983
 CELL| Angle (b,c), alpha [degree]:                                    90.000000
 CELL| Angle (a,c), beta  [degree]:                                    90.000000
 CELL| Angle (a,b), gamma [degree]:                                    90.000000
 CELL| Requested initial symmetry:                                 TETRAGONAL_AB
 CELL| Numerically orthorhombic:                                             YES
 CELL| Periodicity                                                           XYZ

 CELL| Volume [angstrom^3]:                                          2162.441549
 CELL| Vector a [angstrom]:       4.159     0.000     0.000   |a| =     4.159271
 CELL| Vector b [angstrom]:       0.000     4.159     0.000   |b| =     4.159271
 CELL| Vector c [angstrom]:       0.000     0.000   125.000   |c| =   124.999954
 CELL| Angle (b,c), alpha [degree]:                                    90.000000
 CELL| Angle (a,c), beta  [degree]:                                    90.000000
 CELL| Angle (a,b), gamma [degree]:                                    90.000000
 CELL| Requested initial symmetry:                                 TETRAGONAL_AB
 CELL| Numerically orthorhombic:                                             YES
 CELL| Periodicity                                                           XYZ

 CELL| Volume [angstrom^3]:                                          2162.490719
 CELL| Vector a [angstrom]:       4.159     0.000     0.000   |a| =     4.159318
 CELL| Vector b [angstrom]:       0.000     4.159     0.000   |b| =     4.159318
 CELL| Vector c [angstrom]:       0.000     0.000   125.000   |c| =   125.000025
 CELL| Angle (b,c), alpha [degree]:                                    90.000000
 CELL| Angle (a,c), beta  [degree]:                                    90.000000
 CELL| Angle (a,b), gamma [degree]:                                    90.000000
 CELL| Requested initial symmetry:                                 TETRAGONAL_AB
 CELL| Numerically orthorhombic:                                             YES
 CELL| Periodicity                                                           XYZ
