
 CELL| Volume [angstrom^3]:                                          2175.313936
 CELL| Vector a [angstrom]:       4.171     0.000     0.000   |a| =     4.170895
 CELL| Vector b [angstrom]:       0.000     4.171     0.000   |b| =     4.170895
 CELL| Vector c [angstrom]:       0.000     0.000   125.044   |c| =   125.044179
 CELL| Angle (b,c), alpha [degree]:                                    90.000000
 CELL| Angle (a,c), beta  [degree]:                                    90.000000
 CELL| Angle (a,b), gamma [degree]:                                    90.000000
 CELL| Requested initial symmetry:                                 TETRAGONAL_AB
 CELL| Numerically orthorhombic:                                             YES
 CELL| Periodicity                                                           XYZ

 CELL| Volume [angstrom^3]:                                          2164.085941
 CELL| Vector a [angstrom]:       4.161     0.000     0.000   |a| =     4.160623
 CELL| Vector b [angstrom]:       0.000     4.161     0.000   |b| =     4.160623
 CELL| Vector c [angstrom]:       0.000     0.000   125.014   |c| =   125.013764
 CELL| Angle (b,c), alpha [degree]:                                    90.000000
 CELL| Angle (a,c), beta  [degree]:                                    90.000000
 CELL| Angle (a,b), gamma [degree]:                                    90.000000
 CELL| Requested initial symmetry:                                 TETRAGONAL_AB
 CELL| Numerically orthorhombic:                                             YES
 CELL| Periodicity                                                           XYZ

 CELL| Volume [angstrom^3]:                                          2163.089626
 CELL| Vector a [angstrom]:       4.160     0.000     0.000   |a| =     4.159829
 CELL| Vector b [angstrom]:       0.000     4.160     0.000   |b| =     4.159829
 CELL| Vector c [angstrom]:       0.000     0.000   125.004   |c| =   125.003886
 CELL| Angle (b,c), alpha [degree]:                                    90.000000
 CELL| Angle (a,c), beta  [degree]:                                    90.000000
 CELL| Angle (a,b), gamma [degree]:                                    90.000000
 CELL| Requested initial symmetry:                                 TETRAGONAL_AB
 CELL| Numerically orthorhombic:                                             YES
 CELL| Periodicity                                                           XYZ

 CELL| Volume [angstrom^3]:                                          2162.813691
 CELL| Vector a [angstrom]:       4.159     0.000     0.000   |a| =     4.159140
 CELL| Vector b [angstrom]:       0.000     4.159     0.000   |b| =     4.159140
 CELL| Vector c [angstrom]:       0.000     0.000   125.029   |c| =   125.029365
 CELL| Angle (b,c), alpha [degree]:                                    90.000000
 CELL| Angle (a,c), beta  [degree]:                                    90.000000
 CELL| Angle (a,b), gamma [degree]:                                    90.000000
 CELL| Requested initial symmetry:                                 TETRAGONAL_AB
 CELL| Numerically orthorhombic:                                             YES
 CELL| Periodicity                                                           XYZ
