
 CELL| Volume [angstrom^3]:                                          2174.515769
 CELL| Vector a [angstrom]:       4.169     0.000     0.000   |a| =     4.169188
 CELL| Vector b [angstrom]:       0.000     4.169     0.000   |b| =     4.169188
 CELL| Vector c [angstrom]:       0.000     0.000   125.101   |c| =   125.100682
 CELL| Angle (b,c), alpha [degree]:                                    90.000000
 CELL| Angle (a,c), beta  [degree]:                                    90.000000
 CELL| Angle (a,b), gamma [degree]:                                    90.000000
 CELL| Requested initial symmetry:                                 TETRAGONAL_AB
 CELL| Numerically orthorhombic:                                             YES
 CELL| Periodicity                                                           XYZ

 CELL| Volume [angstrom^3]:                                          2163.981306
 CELL| Vector a [angstrom]:       4.160     0.000     0.000   |a| =     4.160411
 CELL| Vector b [angstrom]:       0.000     4.160     0.000   |b| =     4.160411
 CELL| Vector c [angstrom]:       0.000     0.000   125.020   |c| =   125.020434
 CELL| Angle (b,c), alpha [degree]:                                    90.000000
 CELL| Angle (a,c), beta  [degree]:                                    90.000000
 CELL| Angle (a,b), gamma [degree]:                                    90.000000
 CELL| Requested initial symmetry:                                 TETRAGONAL_AB
 CELL| Numerically orthorhombic:                                             YES
 CELL| Periodicity                                                           XYZ

 CELL| Volume [angstrom^3]:                                          2163.065001
 CELL| Vector a [angstrom]:       4.160     0.000     0.000   |a| =     4.159685
 CELL| Vector b [angstrom]:       0.000     4.160     0.000   |b| =     4.159685
 CELL| Vector c [angstrom]:       0.000     0.000   125.011   |c| =   125.011157
 CELL| Angle (b,c), alpha [degree]:                                    90.000000
 CELL| Angle (a,c), beta  [degree]:                                    90.000000
 CELL| Angle (a,b), gamma [degree]:                                    90.000000
 CELL| Requested initial symmetry:                                 TETRAGONAL_AB
 CELL| Numerically orthorhombic:                                             YES
 CELL| Periodicity                                                           XYZ
