
 CELL| Volume [angstrom^3]:                                          2171.588731
 CELL| Vector a [angstrom]:       4.164     0.000     0.000   |a| =     4.163967
 CELL| Vector b [angstrom]:       0.000     4.164     0.000   |b| =     4.163967
 CELL| Vector c [angstrom]:       0.000     0.000   125.246   |c| =   125.245745
 CELL| Angle (b,c), alpha [degree]:                                    90.000000
 CELL| Angle (a,c), beta  [degree]:                                    90.000000
 CELL| Angle (a,b), gamma [degree]:                                    90.000000
 CELL| Requested initial symmetry:                                 TETRAGONAL_AB
 CELL| Numerically orthorhombic:                                             YES
 CELL| Periodicity                                                           XYZ

 CELL| Volume [angstrom^3]:                                          2163.827485
 CELL| Vector a [angstrom]:       4.160     0.000     0.000   |a| =     4.160092
 CELL| Vector b [angstrom]:       0.000     4.160     0.000   |b| =     4.160092
 CELL| Vector c [angstrom]:       0.000     0.000   125.031   |c| =   125.030712
 CELL| Angle (b,c), alpha [degree]:                                    90.000000
 CELL| Angle (a,c), beta  [degree]:                                    90.000000
 CELL| Angle (a,b), gamma [degree]:                                    90.000000
 CELL| Requested initial symmetry:                                 TETRAGONAL_AB
 CELL| Numerically orthorhombic:                                             YES
 CELL| Periodicity                                                           XYZ

 CELL| Volume [angstrom^3]:                                          2162.973425
 CELL| Vector a [angstrom]:       4.159     0.000     0.000   |a| =     4.159483
 CELL| Vector b [angstrom]:       0.000     4.159     0.000   |b| =     4.159483
 CELL| Vector c [angstrom]:       0.000     0.000   125.018   |c| =   125.018001
 CELL| Angle (b,c), alpha [degree]:                                    90.000000
 CELL| Angle (a,c), beta  [degree]:                                    90.000000
 CELL| Angle (a,b), gamma [degree]:                                    90.000000
 CELL| Requested initial symmetry:                                 TETRAGONAL_AB
 CELL| Numerically orthorhombic:                                             YES
 CELL| Periodicity                                                           XYZ
