
 CELL| Volume [angstrom^3]:                                          2176.510697
 CELL| Vector a [angstrom]:       4.172     0.000     0.000   |a| =     4.172267
 CELL| Vector b [angstrom]:       0.000     4.172     0.000   |b| =     4.172267
 CELL| Vector c [angstrom]:       0.000     0.000   125.031   |c| =   125.030701
 CELL| Angle (b,c), alpha [degree]:                                    90.000000
 CELL| Angle (a,c), beta  [degree]:                                    90.000000
 CELL| Angle (a,b), gamma [degree]:                                    90.000000
 CELL| Requested initial symmetry:                                 TETRAGONAL_AB
 CELL| Numerically orthorhombic:                                             YES
 CELL| Periodicity                                                           XYZ

 CELL| Volume [angstrom^3]:                                          2164.175359
 CELL| Vector a [angstrom]:       4.161     0.000     0.000   |a| =     4.160776
 CELL| Vector b [angstrom]:       0.000     4.161     0.000   |b| =     4.160776
 CELL| Vector c [angstrom]:       0.000     0.000   125.010   |c| =   125.009743
 CELL| Angle (b,c), alpha [degree]:                                    90.000000
 CELL| Angle (a,c), beta  [degree]:                                    90.000000
 CELL| Angle (a,b), gamma [degree]:                                    90.000000
 CELL| Requested initial symmetry:                                 TETRAGONAL_AB
 CELL| Numerically orthorhombic:                                             YES
 CELL| Periodicity                                                           XYZ

 CELL| Volume [angstrom^3]:                                          2163.150594
 CELL| Vector a [angstrom]:       4.160     0.000     0.000   |a| =     4.159908
 CELL| Vector b [angstrom]:       0.000     4.160     0.000   |b| =     4.159908
 CELL| Vector c [angstrom]:       0.000     0.000   125.003   |c| =   125.002647
 CELL| Angle (b,c), alpha [degree]:                                    90.000000
 CELL| Angle (a,c), beta  [degree]:                                    90.000000
 CELL| Angle (a,b), gamma [degree]:                                    90.000000
 CELL| Requested initial symmetry:                                 TETRAGONAL_AB
 CELL| Numerically orthorhombic:                                             YES
 CELL| Periodicity                                                           XYZ

 CELL| Volume [angstrom^3]:                                          2162.797054
 CELL| Vector a [angstrom]:       4.159     0.000     0.000   |a| =     4.159089
 CELL| Vector b [angstrom]:       0.000     4.159     0.000   |b| =     4.159089
 CELL| Vector c [angstrom]:       0.000     0.000   125.031   |c| =   125.031469
 CELL| Angle (b,c), alpha [degree]:                                    90.000000
 CELL| Angle (a,c), beta  [degree]:                                    90.000000
 CELL| Angle (a,b), gamma [degree]:                                    90.000000
 CELL| Requested initial symmetry:                                 TETRAGONAL_AB
 CELL| Numerically orthorhombic:                                             YES
 CELL| Periodicity                                                           XYZ
