
 CELL| Volume [angstrom^3]:                                          2171.421535
 CELL| Vector a [angstrom]:       4.164     0.000     0.000   |a| =     4.164249
 CELL| Vector b [angstrom]:       0.000     4.164     0.000   |b| =     4.164249
 CELL| Vector c [angstrom]:       0.000     0.000   125.219   |c| =   125.219139
 CELL| Angle (b,c), alpha [degree]:                                    90.000000
 CELL| Angle (a,c), beta  [degree]:                                    90.000000
 CELL| Angle (a,b), gamma [degree]:                                    90.000000
 CELL| Requested initial symmetry:                                 TETRAGONAL_AB
 CELL| Numerically orthorhombic:                                             YES
 CELL| Periodicity                                                           XYZ

 CELL| Volume [angstrom^3]:                                          2163.930060
 CELL| Vector a [angstrom]:       4.160     0.000     0.000   |a| =     4.160244
 CELL| Vector b [angstrom]:       0.000     4.160     0.000   |b| =     4.160244
 CELL| Vector c [angstrom]:       0.000     0.000   125.028   |c| =   125.027538
 CELL| Angle (b,c), alpha [degree]:                                    90.000000
 CELL| Angle (a,c), beta  [degree]:                                    90.000000
 CELL| Angle (a,b), gamma [degree]:                                    90.000000
 CELL| Requested initial symmetry:                                 TETRAGONAL_AB
 CELL| Numerically orthorhombic:                                             YES
 CELL| Periodicity                                                           XYZ

 CELL| Volume [angstrom^3]:                                          2163.002129
 CELL| Vector a [angstrom]:       4.160     0.000     0.000   |a| =     4.159541
 CELL| Vector b [angstrom]:       0.000     4.160     0.000   |b| =     4.159541
 CELL| Vector c [angstrom]:       0.000     0.000   125.016   |c| =   125.016160
 CELL| Angle (b,c), alpha [degree]:                                    90.000000
 CELL| Angle (a,c), beta  [degree]:                                    90.000000
 CELL| Angle (a,b), gamma [degree]:                                    90.000000
 CELL| Requested initial symmetry:                                 TETRAGONAL_AB
 CELL| Numerically orthorhombic:                                             YES
 CELL| Periodicity                                                           XYZ
