
 CELL| Volume [angstrom^3]:                                          2175.546723
 CELL| Vector a [angstrom]:       4.171     0.000     0.000   |a| =     4.171061
 CELL| Vector b [angstrom]:       0.000     4.171     0.000   |b| =     4.171061
 CELL| Vector c [angstrom]:       0.000     0.000   125.048   |c| =   125.047581
 CELL| Angle (b,c), alpha [degree]:                                    90.000000
 CELL| Angle (a,c), beta  [degree]:                                    90.000000
 CELL| Angle (a,b), gamma [degree]:                                    90.000000
 CELL| Requested initial symmetry:                                 TETRAGONAL_AB
 CELL| Numerically orthorhombic:                                             YES
 CELL| Periodicity                                                           XYZ

 CELL| Volume [angstrom^3]:                                          2163.954246
 CELL| Vector a [angstrom]:       4.160     0.000     0.000   |a| =     4.160465
 CELL| Vector b [angstrom]:       0.000     4.160     0.000   |b| =     4.160465
 CELL| Vector c [angstrom]:       0.000     0.000   125.016   |c| =   125.015661
 CELL| Angle (b,c), alpha [degree]:                                    90.000000
 CELL| Angle (a,c), beta  [degree]:                                    90.000000
 CELL| Angle (a,b), gamma [degree]:                                    90.000000
 CELL| Requested initial symmetry:                                 TETRAGONAL_AB
 CELL| Numerically orthorhombic:                                             YES
 CELL| Periodicity                                                           XYZ

 CELL| Volume [angstrom^3]:                                          2163.101298
 CELL| Vector a [angstrom]:       4.160     0.000     0.000   |a| =     4.159830
 CELL| Vector b [angstrom]:       0.000     4.160     0.000   |b| =     4.159830
 CELL| Vector c [angstrom]:       0.000     0.000   125.005   |c| =   125.004502
 CELL| Angle (b,c), alpha [degree]:                                    90.000000
 CELL| Angle (a,c), beta  [degree]:                                    90.000000
 CELL| Angle (a,b), gamma [degree]:                                    90.000000
 CELL| Requested initial symmetry:                                 TETRAGONAL_AB
 CELL| Numerically orthorhombic:                                             YES
 CELL| Periodicity                                                           XYZ

 CELL| Volume [angstrom^3]:                                          2162.752267
 CELL| Vector a [angstrom]:       4.159     0.000     0.000   |a| =     4.159091
 CELL| Vector b [angstrom]:       0.000     4.159     0.000   |b| =     4.159091
 CELL| Vector c [angstrom]:       0.000     0.000   125.029   |c| =   125.028742
 CELL| Angle (b,c), alpha [degree]:                                    90.000000
 CELL| Angle (a,c), beta  [degree]:                                    90.000000
 CELL| Angle (a,b), gamma [degree]:                                    90.000000
 CELL| Requested initial symmetry:                                 TETRAGONAL_AB
 CELL| Numerically orthorhombic:                                             YES
 CELL| Periodicity                                                           XYZ
