
 CELL| Volume [angstrom^3]:                                          2171.079972
 CELL| Vector a [angstrom]:       4.163     0.000     0.000   |a| =     4.163306
 CELL| Vector b [angstrom]:       0.000     4.163     0.000   |b| =     4.163306
 CELL| Vector c [angstrom]:       0.000     0.000   125.256   |c| =   125.256149
 CELL| Angle (b,c), alpha [degree]:                                    90.000000
 CELL| Angle (a,c), beta  [degree]:                                    90.000000
 CELL| Angle (a,b), gamma [degree]:                                    90.000000
 CELL| Requested initial symmetry:                                 TETRAGONAL_AB
 CELL| Numerically orthorhombic:                                             YES
 CELL| Periodicity                                                           XYZ

 CELL| Volume [angstrom^3]:                                          2163.756001
 CELL| Vector a [angstrom]:       4.160     0.000     0.000   |a| =     4.159997
 CELL| Vector b [angstrom]:       0.000     4.160     0.000   |b| =     4.159997
 CELL| Vector c [angstrom]:       0.000     0.000   125.032   |c| =   125.032303
 CELL| Angle (b,c), alpha [degree]:                                    90.000000
 CELL| Angle (a,c), beta  [degree]:                                    90.000000
 CELL| Angle (a,b), gamma [degree]:                                    90.000000
 CELL| Requested initial symmetry:                                 TETRAGONAL_AB
 CELL| Numerically orthorhombic:                                             YES
 CELL| Periodicity                                                           XYZ

 CELL| Volume [angstrom^3]:                                          2162.950168
 CELL| Vector a [angstrom]:       4.159     0.000     0.000   |a| =     4.159451
 CELL| Vector b [angstrom]:       0.000     4.159     0.000   |b| =     4.159451
 CELL| Vector c [angstrom]:       0.000     0.000   125.019   |c| =   125.018547
 CELL| Angle (b,c), alpha [degree]:                                    90.000000
 CELL| Angle (a,c), beta  [degree]:                                    90.000000
 CELL| Angle (a,b), gamma [degree]:                                    90.000000
 CELL| Requested initial symmetry:                                 TETRAGONAL_AB
 CELL| Numerically orthorhombic:                                             YES
 CELL| Periodicity                                                           XYZ
