
 CELL| Volume [angstrom^3]:                                          2177.282279
 CELL| Vector a [angstrom]:       4.173     0.000     0.000   |a| =     4.173319
 CELL| Vector b [angstrom]:       0.000     4.173     0.000   |b| =     4.173319
 CELL| Vector c [angstrom]:       0.000     0.000   125.012   |c| =   125.011942
 CELL| Angle (b,c), alpha [degree]:                                    90.000000
 CELL| Angle (a,c), beta  [degree]:                                    90.000000
 CELL| Angle (a,b), gamma [degree]:                                    90.000000
 CELL| Requested initial symmetry:                                 TETRAGONAL_AB
 CELL| Numerically orthorhombic:                                             YES
 CELL| Periodicity                                                           XYZ

 CELL| Volume [angstrom^3]:                                          2164.333935
 CELL| Vector a [angstrom]:       4.161     0.000     0.000   |a| =     4.161047
 CELL| Vector b [angstrom]:       0.000     4.161     0.000   |b| =     4.161047
 CELL| Vector c [angstrom]:       0.000     0.000   125.003   |c| =   125.002584
 CELL| Angle (b,c), alpha [degree]:                                    90.000000
 CELL| Angle (a,c), beta  [degree]:                                    90.000000
 CELL| Angle (a,b), gamma [degree]:                                    90.000000
 CELL| Requested initial symmetry:                                 TETRAGONAL_AB
 CELL| Numerically orthorhombic:                                             YES
 CELL| Periodicity                                                           XYZ

 CELL| Volume [angstrom^3]:                                          2163.179598
 CELL| Vector a [angstrom]:       4.160     0.000     0.000   |a| =     4.159968
 CELL| Vector b [angstrom]:       0.000     4.160     0.000   |b| =     4.159968
 CELL| Vector c [angstrom]:       0.000     0.000   125.001   |c| =   125.000739
 CELL| Angle (b,c), alpha [degree]:                                    90.000000
 CELL| Angle (a,c), beta  [degree]:                                    90.000000
 CELL| Angle (a,b), gamma [degree]:                                    90.000000
 CELL| Requested initial symmetry:                                 TETRAGONAL_AB
 CELL| Numerically orthorhombic:                                             YES
 CELL| Periodicity                                                           XYZ

 CELL| Volume [angstrom^3]:                                          2162.796116
 CELL| Vector a [angstrom]:       4.159     0.000     0.000   |a| =     4.159067
 CELL| Vector b [angstrom]:       0.000     4.159     0.000   |b| =     4.159067
 CELL| Vector c [angstrom]:       0.000     0.000   125.033   |c| =   125.032730
 CELL| Angle (b,c), alpha [degree]:                                    90.000000
 CELL| Angle (a,c), beta  [degree]:                                    90.000000
 CELL| Angle (a,b), gamma [degree]:                                    90.000000
 CELL| Requested initial symmetry:                                 TETRAGONAL_AB
 CELL| Numerically orthorhombic:                                             YES
 CELL| Periodicity                                                           XYZ

 CELL| Volume [angstrom^3]:                                          2162.394662
 CELL| Vector a [angstrom]:       4.159     0.000     0.000   |a| =     4.159227
 CELL| Vector b [angstrom]:       0.000     4.159     0.000   |b| =     4.159227
 CELL| Vector c [angstrom]:       0.000     0.000   125.000   |c| =   124.999892
 CELL| Angle (b,c), alpha [degree]:                                    90.000000
 CELL| Angle (a,c), beta  [degree]:                                    90.000000
 CELL| Angle (a,b), gamma [degree]:                                    90.000000
 CELL| Requested initial symmetry:                                 TETRAGONAL_AB
 CELL| Numerically orthorhombic:                                             YES
 CELL| Periodicity                                                           XYZ

 CELL| Volume [angstrom^3]:                                          2162.417293
 CELL| Vector a [angstrom]:       4.159     0.000     0.000   |a| =     4.159248
 CELL| Vector b [angstrom]:       0.000     4.159     0.000   |b| =     4.159248
 CELL| Vector c [angstrom]:       0.000     0.000   125.000   |c| =   124.999974
 CELL| Angle (b,c), alpha [degree]:                                    90.000000
 CELL| Angle (a,c), beta  [degree]:                                    90.000000
 CELL| Angle (a,b), gamma [degree]:                                    90.000000
 CELL| Requested initial symmetry:                                 TETRAGONAL_AB
 CELL| Numerically orthorhombic:                                             YES
 CELL| Periodicity                                                           XYZ

 CELL| Volume [angstrom^3]:                                          2162.477226
 CELL| Vector a [angstrom]:       4.159     0.000     0.000   |a| =     4.159306
 CELL| Vector b [angstrom]:       0.000     4.159     0.000   |b| =     4.159306
 CELL| Vector c [angstrom]:       0.000     0.000   125.000   |c| =   124.999937
 CELL| Angle (b,c), alpha [degree]:                                    90.000000
 CELL| Angle (a,c), beta  [degree]:                                    90.000000
 CELL| Angle (a,b), gamma [degree]:                                    90.000000
 CELL| Requested initial symmetry:                                 TETRAGONAL_AB
 CELL| Numerically orthorhombic:                                             YES
 CELL| Periodicity                                                           XYZ

 CELL| Volume [angstrom^3]:                                          2162.480963
 CELL| Vector a [angstrom]:       4.159     0.000     0.000   |a| =     4.159308
 CELL| Vector b [angstrom]:       0.000     4.159     0.000   |b| =     4.159308
 CELL| Vector c [angstrom]:       0.000     0.000   125.000   |c| =   125.000032
 CELL| Angle (b,c), alpha [degree]:                                    90.000000
 CELL| Angle (a,c), beta  [degree]:                                    90.000000
 CELL| Angle (a,b), gamma [degree]:                                    90.000000
 CELL| Requested initial symmetry:                                 TETRAGONAL_AB
 CELL| Numerically orthorhombic:                                             YES
 CELL| Periodicity                                                           XYZ

 CELL| Volume [angstrom^3]:                                          2162.480963
 CELL| Vector a [angstrom]:       4.159     0.000     0.000   |a| =     4.159308
 CELL| Vector b [angstrom]:       0.000     4.159     0.000   |b| =     4.159308
 CELL| Vector c [angstrom]:       0.000     0.000   125.000   |c| =   125.000032
 CELL| Angle (b,c), alpha [degree]:                                    90.000000
 CELL| Angle (a,c), beta  [degree]:                                    90.000000
 CELL| Angle (a,b), gamma [degree]:                                    90.000000
 CELL| Requested initial symmetry:                                 TETRAGONAL_AB
 CELL| Numerically orthorhombic:                                             YES
 CELL| Periodicity                                                           XYZ
