
 CELL| Volume [angstrom^3]:                                          2172.228002
 CELL| Vector a [angstrom]:       4.165     0.000     0.000   |a| =     4.165476
 CELL| Vector b [angstrom]:       0.000     4.165     0.000   |b| =     4.165476
 CELL| Vector c [angstrom]:       0.000     0.000   125.192   |c| =   125.191902
 CELL| Angle (b,c), alpha [degree]:                                    90.000000
 CELL| Angle (a,c), beta  [degree]:                                    90.000000
 CELL| Angle (a,b), gamma [degree]:                                    90.000000
 CELL| Requested initial symmetry:                                 TETRAGONAL_AB
 CELL| Numerically orthorhombic:                                             YES
 CELL| Periodicity                                                           XYZ

 CELL| Volume [angstrom^3]:                                          2163.976711
 CELL| Vector a [angstrom]:       4.160     0.000     0.000   |a| =     4.160330
 CELL| Vector b [angstrom]:       0.000     4.160     0.000   |b| =     4.160330
 CELL| Vector c [angstrom]:       0.000     0.000   125.025   |c| =   125.025027
 CELL| Angle (b,c), alpha [degree]:                                    90.000000
 CELL| Angle (a,c), beta  [degree]:                                    90.000000
 CELL| Angle (a,b), gamma [degree]:                                    90.000000
 CELL| Requested initial symmetry:                                 TETRAGONAL_AB
 CELL| Numerically orthorhombic:                                             YES
 CELL| Periodicity                                                           XYZ

 CELL| Volume [angstrom^3]:                                          2163.024603
 CELL| Vector a [angstrom]:       4.160     0.000     0.000   |a| =     4.159583
 CELL| Vector b [angstrom]:       0.000     4.160     0.000   |b| =     4.159583
 CELL| Vector c [angstrom]:       0.000     0.000   125.015   |c| =   125.014931
 CELL| Angle (b,c), alpha [degree]:                                    90.000000
 CELL| Angle (a,c), beta  [degree]:                                    90.000000
 CELL| Angle (a,b), gamma [degree]:                                    90.000000
 CELL| Requested initial symmetry:                                 TETRAGONAL_AB
 CELL| Numerically orthorhombic:                                             YES
 CELL| Periodicity                                                           XYZ
