
 CELL| Volume [angstrom^3]:                                          2175.422720
 CELL| Vector a [angstrom]:       4.171     0.000     0.000   |a| =     4.171285
 CELL| Vector b [angstrom]:       0.000     4.171     0.000   |b| =     4.171285
 CELL| Vector c [angstrom]:       0.000     0.000   125.027   |c| =   125.027038
 CELL| Angle (b,c), alpha [degree]:                                    90.000000
 CELL| Angle (a,c), beta  [degree]:                                    90.000000
 CELL| Angle (a,b), gamma [degree]:                                    90.000000
 CELL| Requested initial symmetry:                                 TETRAGONAL_AB
 CELL| Numerically orthorhombic:                                             YES
 CELL| Periodicity                                                           XYZ

 CELL| Volume [angstrom^3]:                                          2164.327224
 CELL| Vector a [angstrom]:       4.161     0.000     0.000   |a| =     4.160936
 CELL| Vector b [angstrom]:       0.000     4.161     0.000   |b| =     4.160936
 CELL| Vector c [angstrom]:       0.000     0.000   125.009   |c| =   125.008891
 CELL| Angle (b,c), alpha [degree]:                                    90.000000
 CELL| Angle (a,c), beta  [degree]:                                    90.000000
 CELL| Angle (a,b), gamma [degree]:                                    90.000000
 CELL| Requested initial symmetry:                                 TETRAGONAL_AB
 CELL| Numerically orthorhombic:                                             YES
 CELL| Periodicity                                                           XYZ

 CELL| Volume [angstrom^3]:                                          2163.129383
 CELL| Vector a [angstrom]:       4.160     0.000     0.000   |a| =     4.159891
 CELL| Vector b [angstrom]:       0.000     4.160     0.000   |b| =     4.159891
 CELL| Vector c [angstrom]:       0.000     0.000   125.002   |c| =   125.002453
 CELL| Angle (b,c), alpha [degree]:                                    90.000000
 CELL| Angle (a,c), beta  [degree]:                                    90.000000
 CELL| Angle (a,b), gamma [degree]:                                    90.000000
 CELL| Requested initial symmetry:                                 TETRAGONAL_AB
 CELL| Numerically orthorhombic:                                             YES
 CELL| Periodicity                                                           XYZ

 CELL| Volume [angstrom^3]:                                          2162.791515
 CELL| Vector a [angstrom]:       4.159     0.000     0.000   |a| =     4.159079
 CELL| Vector b [angstrom]:       0.000     4.159     0.000   |b| =     4.159079
 CELL| Vector c [angstrom]:       0.000     0.000   125.032   |c| =   125.031744
 CELL| Angle (b,c), alpha [degree]:                                    90.000000
 CELL| Angle (a,c), beta  [degree]:                                    90.000000
 CELL| Angle (a,b), gamma [degree]:                                    90.000000
 CELL| Requested initial symmetry:                                 TETRAGONAL_AB
 CELL| Numerically orthorhombic:                                             YES
 CELL| Periodicity                                                           XYZ
