
 CELL| Volume [angstrom^3]:                                          2174.864281
 CELL| Vector a [angstrom]:       4.170     0.000     0.000   |a| =     4.170235
 CELL| Vector b [angstrom]:       0.000     4.170     0.000   |b| =     4.170235
 CELL| Vector c [angstrom]:       0.000     0.000   125.058   |c| =   125.057877
 CELL| Angle (b,c), alpha [degree]:                                    90.000000
 CELL| Angle (a,c), beta  [degree]:                                    90.000000
 CELL| Angle (a,b), gamma [degree]:                                    90.000000
 CELL| Requested initial symmetry:                                 TETRAGONAL_AB
 CELL| Numerically orthorhombic:                                             YES
 CELL| Periodicity                                                           XYZ

 CELL| Volume [angstrom^3]:                                          2164.015262
 CELL| Vector a [angstrom]:       4.161     0.000     0.000   |a| =     4.160501
 CELL| Vector b [angstrom]:       0.000     4.161     0.000   |b| =     4.160501
 CELL| Vector c [angstrom]:       0.000     0.000   125.017   |c| =   125.016988
 CELL| Angle (b,c), alpha [degree]:                                    90.000000
 CELL| Angle (a,c), beta  [degree]:                                    90.000000
 CELL| Angle (a,b), gamma [degree]:                                    90.000000
 CELL| Requested initial symmetry:                                 TETRAGONAL_AB
 CELL| Numerically orthorhombic:                                             YES
 CELL| Periodicity                                                           XYZ

 CELL| Volume [angstrom^3]:                                          2163.062281
 CELL| Vector a [angstrom]:       4.160     0.000     0.000   |a| =     4.159777
 CELL| Vector b [angstrom]:       0.000     4.160     0.000   |b| =     4.159777
 CELL| Vector c [angstrom]:       0.000     0.000   125.005   |c| =   125.005454
 CELL| Angle (b,c), alpha [degree]:                                    90.000000
 CELL| Angle (a,c), beta  [degree]:                                    90.000000
 CELL| Angle (a,b), gamma [degree]:                                    90.000000
 CELL| Requested initial symmetry:                                 TETRAGONAL_AB
 CELL| Numerically orthorhombic:                                             YES
 CELL| Periodicity                                                           XYZ

 CELL| Volume [angstrom^3]:                                          2162.845803
 CELL| Vector a [angstrom]:       4.159     0.000     0.000   |a| =     4.159204
 CELL| Vector b [angstrom]:       0.000     4.159     0.000   |b| =     4.159204
 CELL| Vector c [angstrom]:       0.000     0.000   125.027   |c| =   125.027354
 CELL| Angle (b,c), alpha [degree]:                                    90.000000
 CELL| Angle (a,c), beta  [degree]:                                    90.000000
 CELL| Angle (a,b), gamma [degree]:                                    90.000000
 CELL| Requested initial symmetry:                                 TETRAGONAL_AB
 CELL| Numerically orthorhombic:                                             YES
 CELL| Periodicity                                                           XYZ
