
 CELL| Volume [angstrom^3]:                                          2174.669227
 CELL| Vector a [angstrom]:       4.170     0.000     0.000   |a| =     4.170087
 CELL| Vector b [angstrom]:       0.000     4.170     0.000   |b| =     4.170087
 CELL| Vector c [angstrom]:       0.000     0.000   125.056   |c| =   125.055574
 CELL| Angle (b,c), alpha [degree]:                                    90.000000
 CELL| Angle (a,c), beta  [degree]:                                    90.000000
 CELL| Angle (a,b), gamma [degree]:                                    90.000000
 CELL| Requested initial symmetry:                                 TETRAGONAL_AB
 CELL| Numerically orthorhombic:                                             YES
 CELL| Periodicity                                                           XYZ

 CELL| Volume [angstrom^3]:                                          2164.076945
 CELL| Vector a [angstrom]:       4.161     0.000     0.000   |a| =     4.160563
 CELL| Vector b [angstrom]:       0.000     4.161     0.000   |b| =     4.160563
 CELL| Vector c [angstrom]:       0.000     0.000   125.017   |c| =   125.016830
 CELL| Angle (b,c), alpha [degree]:                                    90.000000
 CELL| Angle (a,c), beta  [degree]:                                    90.000000
 CELL| Angle (a,b), gamma [degree]:                                    90.000000
 CELL| Requested initial symmetry:                                 TETRAGONAL_AB
 CELL| Numerically orthorhombic:                                             YES
 CELL| Periodicity                                                           XYZ

 CELL| Volume [angstrom^3]:                                          2163.066770
 CELL| Vector a [angstrom]:       4.160     0.000     0.000   |a| =     4.159785
 CELL| Vector b [angstrom]:       0.000     4.160     0.000   |b| =     4.159785
 CELL| Vector c [angstrom]:       0.000     0.000   125.005   |c| =   125.005209
 CELL| Angle (b,c), alpha [degree]:                                    90.000000
 CELL| Angle (a,c), beta  [degree]:                                    90.000000
 CELL| Angle (a,b), gamma [degree]:                                    90.000000
 CELL| Requested initial symmetry:                                 TETRAGONAL_AB
 CELL| Numerically orthorhombic:                                             YES
 CELL| Periodicity                                                           XYZ

 CELL| Volume [angstrom^3]:                                          2162.816338
 CELL| Vector a [angstrom]:       4.159     0.000     0.000   |a| =     4.159171
 CELL| Vector b [angstrom]:       0.000     4.159     0.000   |b| =     4.159171
 CELL| Vector c [angstrom]:       0.000     0.000   125.028   |c| =   125.027630
 CELL| Angle (b,c), alpha [degree]:                                    90.000000
 CELL| Angle (a,c), beta  [degree]:                                    90.000000
 CELL| Angle (a,b), gamma [degree]:                                    90.000000
 CELL| Requested initial symmetry:                                 TETRAGONAL_AB
 CELL| Numerically orthorhombic:                                             YES
 CELL| Periodicity                                                           XYZ
