
 CELL| Volume [angstrom^3]:                                          2175.221349
 CELL| Vector a [angstrom]:       4.171     0.000     0.000   |a| =     4.170878
 CELL| Vector b [angstrom]:       0.000     4.171     0.000   |b| =     4.170878
 CELL| Vector c [angstrom]:       0.000     0.000   125.040   |c| =   125.039873
 CELL| Angle (b,c), alpha [degree]:                                    90.000000
 CELL| Angle (a,c), beta  [degree]:                                    90.000000
 CELL| Angle (a,b), gamma [degree]:                                    90.000000
 CELL| Requested initial symmetry:                                 TETRAGONAL_AB
 CELL| Numerically orthorhombic:                                             YES
 CELL| Periodicity                                                           XYZ

 CELL| Volume [angstrom^3]:                                          2164.221484
 CELL| Vector a [angstrom]:       4.161     0.000     0.000   |a| =     4.160776
 CELL| Vector b [angstrom]:       0.000     4.161     0.000   |b| =     4.160776
 CELL| Vector c [angstrom]:       0.000     0.000   125.012   |c| =   125.012377
 CELL| Angle (b,c), alpha [degree]:                                    90.000000
 CELL| Angle (a,c), beta  [degree]:                                    90.000000
 CELL| Angle (a,b), gamma [degree]:                                    90.000000
 CELL| Requested initial symmetry:                                 TETRAGONAL_AB
 CELL| Numerically orthorhombic:                                             YES
 CELL| Periodicity                                                           XYZ

 CELL| Volume [angstrom^3]:                                          2163.103368
 CELL| Vector a [angstrom]:       4.160     0.000     0.000   |a| =     4.159850
 CELL| Vector b [angstrom]:       0.000     4.160     0.000   |b| =     4.159850
 CELL| Vector c [angstrom]:       0.000     0.000   125.003   |c| =   125.003422
 CELL| Angle (b,c), alpha [degree]:                                    90.000000
 CELL| Angle (a,c), beta  [degree]:                                    90.000000
 CELL| Angle (a,b), gamma [degree]:                                    90.000000
 CELL| Requested initial symmetry:                                 TETRAGONAL_AB
 CELL| Numerically orthorhombic:                                             YES
 CELL| Periodicity                                                           XYZ

 CELL| Volume [angstrom^3]:                                          2162.789397
 CELL| Vector a [angstrom]:       4.159     0.000     0.000   |a| =     4.159105
 CELL| Vector b [angstrom]:       0.000     4.159     0.000   |b| =     4.159105
 CELL| Vector c [angstrom]:       0.000     0.000   125.030   |c| =   125.030080
 CELL| Angle (b,c), alpha [degree]:                                    90.000000
 CELL| Angle (a,c), beta  [degree]:                                    90.000000
 CELL| Angle (a,b), gamma [degree]:                                    90.000000
 CELL| Requested initial symmetry:                                 TETRAGONAL_AB
 CELL| Numerically orthorhombic:                                             YES
 CELL| Periodicity                                                           XYZ
