
 CELL| Volume [angstrom^3]:                                          2198.420040
 CELL| Vector a [angstrom]:       4.194     0.000     0.000   |a| =     4.193683
 CELL| Vector b [angstrom]:       0.000     4.194     0.000   |b| =     4.193683
 CELL| Vector c [angstrom]:       0.000     0.000   125.003   |c| =   125.002729
 CELL| Angle (b,c), alpha [degree]:                                    90.000000
 CELL| Angle (a,c), beta  [degree]:                                    90.000000
 CELL| Angle (a,b), gamma [degree]:                                    90.000000
 CELL| Requested initial symmetry:                                 TETRAGONAL_AB
 CELL| Numerically orthorhombic:                                             YES
 CELL| Periodicity                                                           XYZ

 CELL| Volume [angstrom^3]:                                          2180.550683
 CELL| Vector a [angstrom]:       4.177     0.000     0.000   |a| =     4.176559
 CELL| Vector b [angstrom]:       0.000     4.177     0.000   |b| =     4.176559
 CELL| Vector c [angstrom]:       0.000     0.000   125.005   |c| =   125.005446
 CELL| Angle (b,c), alpha [degree]:                                    90.000000
 CELL| Angle (a,c), beta  [degree]:                                    90.000000
 CELL| Angle (a,b), gamma [degree]:                                    90.000000
 CELL| Requested initial symmetry:                                 TETRAGONAL_AB
 CELL| Numerically orthorhombic:                                             YES
 CELL| Periodicity                                                           XYZ

 CELL| Volume [angstrom^3]:                                          2164.333171
 CELL| Vector a [angstrom]:       4.161     0.000     0.000   |a| =     4.161083
 CELL| Vector b [angstrom]:       0.000     4.161     0.000   |b| =     4.161083
 CELL| Vector c [angstrom]:       0.000     0.000   125.000   |c| =   125.000412
 CELL| Angle (b,c), alpha [degree]:                                    90.000000
 CELL| Angle (a,c), beta  [degree]:                                    90.000000
 CELL| Angle (a,b), gamma [degree]:                                    90.000000
 CELL| Requested initial symmetry:                                 TETRAGONAL_AB
 CELL| Numerically orthorhombic:                                             YES
 CELL| Periodicity                                                           XYZ

 CELL| Volume [angstrom^3]:                                          2163.196348
 CELL| Vector a [angstrom]:       4.160     0.000     0.000   |a| =     4.159995
 CELL| Vector b [angstrom]:       0.000     4.160     0.000   |b| =     4.159995
 CELL| Vector c [angstrom]:       0.000     0.000   125.000   |c| =   125.000101
 CELL| Angle (b,c), alpha [degree]:                                    90.000000
 CELL| Angle (a,c), beta  [degree]:                                    90.000000
 CELL| Angle (a,b), gamma [degree]:                                    90.000000
 CELL| Requested initial symmetry:                                 TETRAGONAL_AB
 CELL| Numerically orthorhombic:                                             YES
 CELL| Periodicity                                                           XYZ

 CELL| Volume [angstrom^3]:                                          2162.786863
 CELL| Vector a [angstrom]:       4.159     0.000     0.000   |a| =     4.159054
 CELL| Vector b [angstrom]:       0.000     4.159     0.000   |b| =     4.159054
 CELL| Vector c [angstrom]:       0.000     0.000   125.033   |c| =   125.032970
 CELL| Angle (b,c), alpha [degree]:                                    90.000000
 CELL| Angle (a,c), beta  [degree]:                                    90.000000
 CELL| Angle (a,b), gamma [degree]:                                    90.000000
 CELL| Requested initial symmetry:                                 TETRAGONAL_AB
 CELL| Numerically orthorhombic:                                             YES
 CELL| Periodicity                                                           XYZ

 CELL| Volume [angstrom^3]:                                          2162.380643
 CELL| Vector a [angstrom]:       4.159     0.000     0.000   |a| =     4.159212
 CELL| Vector b [angstrom]:       0.000     4.159     0.000   |b| =     4.159212
 CELL| Vector c [angstrom]:       0.000     0.000   125.000   |c| =   124.999986
 CELL| Angle (b,c), alpha [degree]:                                    90.000000
 CELL| Angle (a,c), beta  [degree]:                                    90.000000
 CELL| Angle (a,b), gamma [degree]:                                    90.000000
 CELL| Requested initial symmetry:                                 TETRAGONAL_AB
 CELL| Numerically orthorhombic:                                             YES
 CELL| Periodicity                                                           XYZ

 CELL| Volume [angstrom^3]:                                          2162.405610
 CELL| Vector a [angstrom]:       4.159     0.000     0.000   |a| =     4.159236
 CELL| Vector b [angstrom]:       0.000     4.159     0.000   |b| =     4.159236
 CELL| Vector c [angstrom]:       0.000     0.000   125.000   |c| =   125.000000
 CELL| Angle (b,c), alpha [degree]:                                    90.000000
 CELL| Angle (a,c), beta  [degree]:                                    90.000000
 CELL| Angle (a,b), gamma [degree]:                                    90.000000
 CELL| Requested initial symmetry:                                 TETRAGONAL_AB
 CELL| Numerically orthorhombic:                                             YES
 CELL| Periodicity                                                           XYZ

 CELL| Volume [angstrom^3]:                                          2162.424387
 CELL| Vector a [angstrom]:       4.159     0.000     0.000   |a| =     4.159254
 CELL| Vector b [angstrom]:       0.000     4.159     0.000   |b| =     4.159254
 CELL| Vector c [angstrom]:       0.000     0.000   125.000   |c| =   124.999989
 CELL| Angle (b,c), alpha [degree]:                                    90.000000
 CELL| Angle (a,c), beta  [degree]:                                    90.000000
 CELL| Angle (a,b), gamma [degree]:                                    90.000000
 CELL| Requested initial symmetry:                                 TETRAGONAL_AB
 CELL| Numerically orthorhombic:                                             YES
 CELL| Periodicity                                                           XYZ

 CELL| Volume [angstrom^3]:                                          2162.453612
 CELL| Vector a [angstrom]:       4.159     0.000     0.000   |a| =     4.159282
 CELL| Vector b [angstrom]:       0.000     4.159     0.000   |b| =     4.159282
 CELL| Vector c [angstrom]:       0.000     0.000   125.000   |c| =   125.000005
 CELL| Angle (b,c), alpha [degree]:                                    90.000000
 CELL| Angle (a,c), beta  [degree]:                                    90.000000
 CELL| Angle (a,b), gamma [degree]:                                    90.000000
 CELL| Requested initial symmetry:                                 TETRAGONAL_AB
 CELL| Numerically orthorhombic:                                             YES
 CELL| Periodicity                                                           XYZ
