
 CELL| Volume [angstrom^3]:                                          2171.312478
 CELL| Vector a [angstrom]:       4.164     0.000     0.000   |a| =     4.163631
 CELL| Vector b [angstrom]:       0.000     4.164     0.000   |b| =     4.163631
 CELL| Vector c [angstrom]:       0.000     0.000   125.250   |c| =   125.250050
 CELL| Angle (b,c), alpha [degree]:                                    90.000000
 CELL| Angle (a,c), beta  [degree]:                                    90.000000
 CELL| Angle (a,b), gamma [degree]:                                    90.000000
 CELL| Requested initial symmetry:                                 TETRAGONAL_AB
 CELL| Numerically orthorhombic:                                             YES
 CELL| Periodicity                                                           XYZ

 CELL| Volume [angstrom^3]:                                          2163.781567
 CELL| Vector a [angstrom]:       4.160     0.000     0.000   |a| =     4.160036
 CELL| Vector b [angstrom]:       0.000     4.160     0.000   |b| =     4.160036
 CELL| Vector c [angstrom]:       0.000     0.000   125.031   |c| =   125.031469
 CELL| Angle (b,c), alpha [degree]:                                    90.000000
 CELL| Angle (a,c), beta  [degree]:                                    90.000000
 CELL| Angle (a,b), gamma [degree]:                                    90.000000
 CELL| Requested initial symmetry:                                 TETRAGONAL_AB
 CELL| Numerically orthorhombic:                                             YES
 CELL| Periodicity                                                           XYZ

 CELL| Volume [angstrom^3]:                                          2162.959035
 CELL| Vector a [angstrom]:       4.159     0.000     0.000   |a| =     4.159464
 CELL| Vector b [angstrom]:       0.000     4.159     0.000   |b| =     4.159464
 CELL| Vector c [angstrom]:       0.000     0.000   125.018   |c| =   125.018291
 CELL| Angle (b,c), alpha [degree]:                                    90.000000
 CELL| Angle (a,c), beta  [degree]:                                    90.000000
 CELL| Angle (a,b), gamma [degree]:                                    90.000000
 CELL| Requested initial symmetry:                                 TETRAGONAL_AB
 CELL| Numerically orthorhombic:                                             YES
 CELL| Periodicity                                                           XYZ
