
 CELL| Volume [angstrom^3]:                                           196.078736
 CELL| Vector a [angstrom]:       5.810     0.000     0.000   |a| =     5.809563
 CELL| Vector b [angstrom]:       0.000     5.810     0.000   |b| =     5.809563
 CELL| Vector c [angstrom]:       0.000     0.000     5.810   |c| =     5.809563
 CELL| Angle (b,c), alpha [degree]:                                    89.999946
 CELL| Angle (a,c), beta  [degree]:                                    89.999943
 CELL| Angle (a,b), gamma [degree]:                                    89.999938
 CELL| Numerically orthorhombic:                                              NO
 CELL| Periodicity                                                           XYZ

 CELL| Volume [angstrom^3]:                                           209.266269
 CELL| Vector a [angstrom]:       5.937     0.000     0.000   |a| =     5.936991
 CELL| Vector b [angstrom]:      -0.000     5.937     0.000   |b| =     5.936991
 CELL| Vector c [angstrom]:      -0.000    -0.000     5.937   |c| =     5.936991
 CELL| Angle (b,c), alpha [degree]:                                    90.000016
 CELL| Angle (a,c), beta  [degree]:                                    90.000024
 CELL| Angle (a,b), gamma [degree]:                                    90.000031
 CELL| Numerically orthorhombic:                                              NO
 CELL| Periodicity                                                           XYZ

 CELL| Volume [angstrom^3]:                                           209.266269
 CELL| Vector a [angstrom]:       5.937     0.000     0.000   |a| =     5.936991
 CELL| Vector b [angstrom]:      -0.000     5.937     0.000   |b| =     5.936991
 CELL| Vector c [angstrom]:      -0.000    -0.000     5.937   |c| =     5.936991
 CELL| Angle (b,c), alpha [degree]:                                    90.000016
 CELL| Angle (a,c), beta  [degree]:                                    90.000024
 CELL| Angle (a,b), gamma [degree]:                                    90.000031
 CELL| Numerically orthorhombic:                                              NO
 CELL| Periodicity                                                           XYZ
