
 CELL| Volume [angstrom^3]:                                           196.252453
 CELL| Vector a [angstrom]:       5.811     0.000     0.000   |a| =     5.811279
 CELL| Vector b [angstrom]:       0.000     5.811     0.000   |b| =     5.811279
 CELL| Vector c [angstrom]:       0.000     0.000     5.811   |c| =     5.811279
 CELL| Angle (b,c), alpha [degree]:                                    89.999394
 CELL| Angle (a,c), beta  [degree]:                                    89.999357
 CELL| Angle (a,b), gamma [degree]:                                    89.999302
 CELL| Numerically orthorhombic:                                              NO
 CELL| Periodicity                                                           XYZ

 CELL| Volume [angstrom^3]:                                           196.257555
 CELL| Vector a [angstrom]:       5.811     0.000     0.000   |a| =     5.811329
 CELL| Vector b [angstrom]:       0.000     5.811     0.000   |b| =     5.811329
 CELL| Vector c [angstrom]:       0.000     0.000     5.811   |c| =     5.811329
 CELL| Angle (b,c), alpha [degree]:                                    89.999439
 CELL| Angle (a,c), beta  [degree]:                                    89.999546
 CELL| Angle (a,b), gamma [degree]:                                    89.999640
 CELL| Numerically orthorhombic:                                              NO
 CELL| Periodicity                                                           XYZ

 CELL| Volume [angstrom^3]:                                           196.257555
 CELL| Vector a [angstrom]:       5.811     0.000     0.000   |a| =     5.811329
 CELL| Vector b [angstrom]:       0.000     5.811     0.000   |b| =     5.811329
 CELL| Vector c [angstrom]:       0.000     0.000     5.811   |c| =     5.811329
 CELL| Angle (b,c), alpha [degree]:                                    89.999439
 CELL| Angle (a,c), beta  [degree]:                                    89.999546
 CELL| Angle (a,b), gamma [degree]:                                    89.999640
 CELL| Numerically orthorhombic:                                              NO
 CELL| Periodicity                                                           XYZ
