
 CELL| Volume [angstrom^3]:                                           199.097034
 CELL| Vector a [angstrom]:       5.839     0.000     0.000   |a| =     5.839221
 CELL| Vector b [angstrom]:       0.000     5.839     0.000   |b| =     5.839221
 CELL| Vector c [angstrom]:       0.000     0.000     5.839   |c| =     5.839221
 CELL| Angle (b,c), alpha [degree]:                                    89.999395
 CELL| Angle (a,c), beta  [degree]:                                    89.999358
 CELL| Angle (a,b), gamma [degree]:                                    89.999303
 CELL| Numerically orthorhombic:                                              NO
 CELL| Periodicity                                                           XYZ

 CELL| Volume [angstrom^3]:                                           199.107075
 CELL| Vector a [angstrom]:       5.839     0.000     0.000   |a| =     5.839319
 CELL| Vector b [angstrom]:       0.000     5.839     0.000   |b| =     5.839319
 CELL| Vector c [angstrom]:       0.000     0.000     5.839   |c| =     5.839319
 CELL| Angle (b,c), alpha [degree]:                                    89.999500
 CELL| Angle (a,c), beta  [degree]:                                    89.999605
 CELL| Angle (a,b), gamma [degree]:                                    89.999703
 CELL| Numerically orthorhombic:                                              NO
 CELL| Periodicity                                                           XYZ

 CELL| Volume [angstrom^3]:                                           199.107075
 CELL| Vector a [angstrom]:       5.839     0.000     0.000   |a| =     5.839319
 CELL| Vector b [angstrom]:       0.000     5.839     0.000   |b| =     5.839319
 CELL| Vector c [angstrom]:       0.000     0.000     5.839   |c| =     5.839319
 CELL| Angle (b,c), alpha [degree]:                                    89.999500
 CELL| Angle (a,c), beta  [degree]:                                    89.999605
 CELL| Angle (a,b), gamma [degree]:                                    89.999703
 CELL| Numerically orthorhombic:                                              NO
 CELL| Periodicity                                                           XYZ
